W/AudioPolicyManagerBase(  177): stream type [13], return media strategy
V/AudioPolicyManagerBase(  177): getNewDevice() selected device 0
V/AudioPolicyManagerBase(  177): setOutputDevice() output 2 device 0000 force 0 delayMs 192 
V/AudioPolicyManagerBase(  177): setOutputDevice() prevDevice 0002
W/AudioPolicyManagerBase(  177): stream type [13], return media strategy
W/AudioPolicyManagerBase(  177): stream type [13], return media strategy
V/AudioPolicyManagerBase(  177): setOutputDevice() setting same device 0000 or null device for output 2
D/SensorService(  695):  [AR] -0.2 4.5 8.2
D/SensorService(  695): AutoRotationSensor::process: Ar_SensorChanged oldrotation = [0], rotation = [255]
V/WindowOrientationListener(  695): Rotation Sensor : x=255.0
E/Sensors (  695): accelHandler -0.091011 4.637955 8.372989
D/SensorService(  695):  [AR] -0.3 4.8 8.1
D/SensorService(  695): AutoRotationSensor::process: Ar_SensorChanged oldrotation = [255], rotation = [0]
V/WindowOrientationListener(  695): Rotation Sensor : x=0.0
I/InputReader(  695): Touch event's action is 0x0 (deviceType=0) [pCnt=1, s=0.12461 ] when=232583865732000
I/InputDispatcher(  695): Delivering touch to: action: 0x4, toolType: 1
I/InputDispatcher(  695): Delivering touch to: action: 0x0, toolType: 1
I/InputReader(  695): Touch event's action is 0x1 (deviceType=0) [pCnt=1, s=] when=232583942155000
I/InputDispatcher(  695): Delivering touch to: action: 0x1, toolType: 1
D/EnterpriseDeviceManager(  695): ContainerId: 0
W/KnoxCustomManagerService(  695): getSealedState() failed - persistence problem com.android.server.enterprise.storage.SettingNotFoundException: Admin data is null
D/KnoxCustomManagerService(  695): getSealedState(false)
E/Parcel  (  695): Class not found when unmarshalling: com.twitter.library.scribe.ScribeAssociation
E/Parcel  (  695): java.lang.ClassNotFoundException: com.twitter.library.scribe.ScribeAssociation
E/Parcel  (  695): 	at java.lang.Class.classForName(Native Method)
E/Parcel  (  695): 	at java.lang.Class.forName(Class.java:251)
E/Parcel  (  695): 	at java.lang.Class.forName(Class.java:216)
E/Parcel  (  695): 	at android.os.Parcel.readParcelableCreator(Parcel.java:2133)
E/Parcel  (  695): 	at android.os.Parcel.readParcelable(Parcel.java:2097)
E/Parcel  (  695): 	at android.os.Parcel.readValue(Parcel.java:2013)
E/Parcel  (  695): 	at android.os.Parcel.readArrayMapInternal(Parcel.java:2314)
E/Parcel  (  695): 	at android.os.Bundle.unparcel(Bundle.java:249)
E/Parcel  (  695): 	at android.os.Bundle.getString(Bundle.java:1118)
E/Parcel  (  695): 	at android.content.Intent.getStringExtra(Intent.java:5145)
E/Parcel  (  695): 	at com.android.server.am.ActivityStackSupervisor.startActivityLocked(ActivityStackSupervisor.java:1447)
E/Parcel  (  695): 	at com.android.server.am.ActivityStackSupervisor.startActivityMayWait(ActivityStackSupervisor.java:1043)
E/Parcel  (  695): 	at com.android.server.am.ActivityManagerService.startActivityAsUser(ActivityManagerService.java:4063)
E/Parcel  (  695): 	at com.android.server.am.ActivityManagerService.startActivity(ActivityManagerService.java:3957)
E/Parcel  (  695): 	at android.app.ActivityManagerNative.onTransact(ActivityManagerNative.java:159)
E/Parcel  (  695): 	at com.android.server.am.ActivityManagerService.onTransact(ActivityManagerService.java:2638)
E/Parcel  (  695): 	at android.os.Binder.execTransact(Binder.java:404)
E/Parcel  (  695): 	at dalvik.system.NativeStart.run(Native Method)
E/Parcel  (  695): Caused by: java.lang.NoClassDefFoundError: com/twitter/library/scribe/ScribeAssociation
E/Parcel  (  695): 	... 18 more
E/Parcel  (  695): Caused by: java.lang.ClassNotFoundException: Didn't find class "com.twitter.library.scribe.ScribeAssociation" on path: DexPathList[[directory "."],nativeLibraryDirectories=[/vendor/lib, /system/lib]]
E/Parcel  (  695): 	at dalvik.system.BaseDexClassLoader.findClass(BaseDexClassLoader.java:67)
E/Parcel  (  695): 	at java.lang.ClassLoader.loadClass(ClassLoader.java:497)
E/Parcel  (  695): 	at java.lang.ClassLoader.loadClass(ClassLoader.java:457)
E/Parcel  (  695): 	... 18 more
D/CustomFrequencyManagerService(  695): acquireDVFSLockLocked : type : DVFS_MIN_LIMIT  frequency : 1242000  uid : 1000  pid : 695  pkgName : ACTIVITY_RESUME_BOOSTER@5
W/ActivityManager(  695): mDVFSHelper.acquire()
D/PointerIcon(  695): setMouseIconStyle1 pointerType: 1001iconType:101 flag:0
D/PointerIcon(  695): setMouseCustomIcon IconType is same.101
D/KeyguardUpdateMonitor(  969): sendKeyguardVisibilityChanged(true)
D/STATUSBAR-NetworkController(  969): onSignalStrengthsChanged signalStrength=SignalStrength: 99 99 -82 -30 -120 -1 -1 15 -105 -6 170 -1 2147483647 gsm|lte 0x3050 level=3
D/KeyguardUpdateMonitor(  969): handleKeyguardVisibilityChanged(1)
D/SensorService(  695):  [AR] -0.3 4.5 8.1
D/SensorService(  695): AutoRotationSensor::process: Ar_SensorChanged oldrotation = [0], rotation = [255]
V/WindowOrientationListener(  695): Rotation Sensor : x=255.0
D/PhoneStatusBar(  969): setTransGradationMode=false, mTransparentMode=false, mSemiTransparentMode=false, mMultiWindowMode=false
D/CustomFrequencyManagerService(  695): releaseDVFSLockLocked : Getting Lock type frm List : DVFS_MIN_LIMIT  frequency : 1242000  uid : 1000  pid : 695  tag : ACTIVITY_RESUME_BOOSTER@5
W/ActivityManager(  695): mDVFSHelper.release()
D/CustomFrequencyManagerService(  695): acquireDVFSLockLocked : type : DVFS_MIN_LIMIT  frequency : 1242000  uid : 1000  pid : 695  pkgName : ACTIVITY_RESUME_BOOSTER@9
D/MultiPhoneWindow(25729): generateLayout : sMinimumStackBoundForPortraitOrientRect(0, 0 - 0, 0), sMinimumStackBoundForLandscapeOrient=Rect(0, 0 - 0, 0)
D/StatusBarManagerService(  695): tr p:25729,o:f
D/AbsListView(25729): Get MotionRecognitionManager
D/MotionRecognitionService(  695):  ssp status : false
D/SensorService(  695):  [AR] -0.5 4.7 8.1
D/SensorService(  695): AutoRotationSensor::process: Ar_SensorChanged oldrotation = [255], rotation = [0]
V/WindowOrientationListener(  695): Rotation Sensor : x=0.0
D/PhoneStatusBar(  969): setSemiTransparentMode=false, mTransparentMode=false, mSemiTransparentMode=false, mMultiWindowMode=false
D/StatusBarManagerService(  695): semi p:25729,o:f
D/SensorService(  695):  [AR] -0.5 4.5 8.3
D/SensorService(  695): AutoRotationSensor::process: Ar_SensorChanged oldrotation = [0], rotation = [255]
V/WindowOrientationListener(  695): Rotation Sensor : x=255.0
I/SurfaceFlinger(  174): id=5344 createSurf (1x1),1 flag=4, HalleryActi
I/SpenGestureManager(  695): setFocusWindow21070
D/KeyguardUpdateMonitor(  969): sendKeyguardVisibilityChanged(true)
D/KeyguardUpdateMonitor(  969): handleKeyguardVisibilityChanged(1)
D/EnterpriseDeviceManager(  695): ContainerId: 0
D/STATUSBAR-StatusBarManagerService(  695): manageDisableList what=0x0 pkg=WindowManager.LayoutParams
D/RestrictionPolicy(  695): isStatusBarExpansionAllowed : true
D/KeyguardUpdateMonitor(  969): sendKeyguardVisibilityChanged(true)
D/KeyguardUpdateMonitor(  969): handleKeyguardVisibilityChanged(1)
D/PointerIcon(  695): setMouseIconStyle1 pointerType: 1001iconType:101 flag:0
D/PointerIcon(  695): setMouseCustomIcon IconType is same.101
D/KeyguardUpdateMonitor(  969): sendKeyguardVisibilityChanged(true)
D/KeyguardUpdateMonitor(  969): handleKeyguardVisibilityChanged(1)
E/qdmemalloc(  174): heap_msk=3000000 flags=1
E/qdmemalloc(  174):  
E/qdmemalloc(  174): heap_msk=40000000 flags=1
E/qdmemalloc(  174):  
D/KeyguardUpdateMonitor(  969): sendKeyguardVisibilityChanged(true)
D/KeyguardUpdateMonitor(  969): handleKeyguardVisibilityChanged(1)
D/KeyguardUpdateMonitor(  969): sendKeyguardVisibilityChanged(true)
D/KeyguardUpdateMonitor(  969): handleKeyguardVisibilityChanged(1)
D/EnterpriseDeviceManager(  695): ContainerId: 0
D/RestrictionPolicy(  695): isUseSecureKeypadEnabled : false
W/ContextImpl(  695): Calling a method in the system process without a qualified user: android.app.ContextImpl.sendBroadcast:1509 com.android.server.InputMethodManagerService$4.run:2683 java.lang.Thread.run:841 <bottom of call stack> <bottom of call stack> 
D/KeyguardUpdateMonitor(  969): sendKeyguardVisibilityChanged(true)
D/KeyguardUpdateMonitor(  969): handleKeyguardVisibilityChanged(1)
E/qdmemalloc(  174): heap_msk=3000000 flags=1
E/qdmemalloc(  174):  
E/qdmemalloc(  174): heap_msk=40000000 flags=1
E/qdmemalloc(  174):  
E/qdmemalloc(  174): heap_msk=3000000 flags=1
E/qdmemalloc(  174):  
E/qdmemalloc(  174): heap_msk=40000000 flags=1
E/qdmemalloc(  174):  
D/KeyguardUpdateMonitor(  969): sendKeyguardVisibilityChanged(true)
D/KeyguardUpdateMonitor(  969): handleKeyguardVisibilityChanged(1)
D/STATUSBAR-NetworkController(  969): onSignalStrengthsChanged signalStrength=SignalStrength: 99 99 -82 -30 -120 -1 -1 15 -104 -6 182 -1 2147483647 gsm|lte 0x3050 level=3
D/CustomFrequencyManagerService(  695): releaseDVFSLockLocked : Getting Lock type frm List : DVFS_MIN_LIMIT  frequency : 1242000  uid : 1000  pid : 695  tag : ACTIVITY_RESUME_BOOSTER@9
D/dalvikvm(25729): GC_FOR_ALLOC freed 4019K, 38% free 23477K/37612K, paused 95ms, total 95ms
I/dalvikvm-heap(25729): Grow heap (frag case) to 30.478MB for 4997136-byte allocation
D/KeyguardUpdateMonitor(  969): sendKeyguardVisibilityChanged(true)
D/KeyguardUpdateMonitor(  969): handleKeyguardVisibilityChanged(1)
I/SurfaceFlinger(  174): id=5343 Removed NainActivit (16/23)
I/SurfaceFlinger(  174): id=5343 Removed NainActivit (-2/23)
D/KeyguardUpdateMonitor(  969): sendKeyguardVisibilityChanged(true)
D/KeyguardUpdateMonitor(  969): handleKeyguardVisibilityChanged(1)
D/KeyguardUpdateMonitor(  969): sendKeyguardVisibilityChanged(true)
D/KeyguardUpdateMonitor(  969): handleKeyguardVisibilityChanged(1)
D/KeyguardUpdateMonitor(  969): sendKeyguardVisibilityChanged(true)
D/KeyguardUpdateMonitor(  969): handleKeyguardVisibilityChanged(1)
D/dalvikvm(25729): GC_CONCURRENT freed 185K, 34% free 28192K/42496K, paused 4ms+10ms, total 113ms
D/SensorService(  695):  [AR] -0.3 4.7 8.1
D/SensorService(  695): AutoRotationSensor::process: Ar_SensorChanged oldrotation = [255], rotation = [0]
V/WindowOrientationListener(  695): Rotation Sensor : x=0.0
D/SensorService(  695):  [AR] -0.3 4.5 8.1
D/SensorService(  695): AutoRotationSensor::process: Ar_SensorChanged oldrotation = [0], rotation = [255]
V/WindowOrientationListener(  695): Rotation Sensor : x=255.0
D/lights  (  695): button : 0 +
D/lights  (  695): button : 0 -
D/SensorService(  695):   -0.5 4.5 8.3
D/AudioStreamOutALSA(  177): standby
D/ALSAModule(  177): s_standby: handle 0xb7457798 h 0x0
E/ALSAModule(  177): s_standby handle h 0xb74aa818
D/ALSAModule(  177): checkRunningHandle return false
D/alsa_ucm(  177): snd_use_case_set(): uc_mgr 0xb74250c0 identifier _verb value Inactive
D/alsa_ucm(  177): Set mixer controls for HiFi enable 0
D/alsa_ucm(  177): Setting mixer control: PRI_RX Audio Mixer MultiMedia1, value: 0
E/ALSAModule(  177): Number of modifiers 0
E/ALSAModule(  177): usecase_type is 0
D/alsa_ucm(  177): snd_use_case_set(): uc_mgr 0xb74250c0 identifier _disdev value Samsung Dualmic RCV
D/alsa_ucm(  177): disdev: device Samsung Dualmic RCV not enabled, no need to disable
D/alsa_ucm(  177): snd_use_case_set(): uc_mgr 0xb74250c0 identifier _disdev value Speaker
D/alsa_ucm(  177): Set mixer controls for Speaker enable 0
D/alsa_ucm(  177): Setting mixer control: RX5 MIX1 INP1, value: ZERO
D/alsa_ucm(  177): Setting mixer control: RX5 MIX1 INP2, value: ZERO
D/alsa_ucm(  177): Setting mixer control: LINEOUT2 Volume, value: 0
D/alsa_ucm(  177): Setting mixer control: LINEOUT4 Volume, value: 0
D/alsa_ucm(  177): Setting mixer control: RX5 Digital Volume, value: 0
D/InputReader(  695): Input event: value=1
W/KnoxCustomManagerService(  695): getSealedState() failed - persistence problem com.android.server.enterprise.storage.SettingNotFoundException: Admin data is null
D/KnoxCustomManagerService(  695): getSealedState(false)
V/VibratorService(  695): hasVibrator - useVibetonz: true
V/Vibrator(  695): vibrateImmVibe - PUID: 1000, PackageName: android, type: 14, magType: TouchMagnitude
D/lights  (  695): button : 1 +
V/VibratorService(  695): vibrateImmVibeMagnitudeType - magnitudeType: TouchMagnitude
D/VibratorService(  695): ImmVibe vibratorOff()
V/VibratorService(  695): vibrateImmVibe - package: android, type: 14, magnitude: 6000
I/AudioPolicyManagerBase(  177): getSituationVolume: isBTConnected:0 isHeadConnected:0
V/AudioPolicyManagerBase(  177): getParamFromPolicy  deviceInt = 0, situationInt = 1, situationVolume = 0.500000
D/lights  (  695): button : 1 -
V/AudioPolicyManagerBase(  177): getOutput() device 2, stream 1, samplingRate 0, format 0, channelMask 3, flags 0
V/AudioPolicyManagerBase(  177): getOutputsForDevice device 0002 -> 0002
V/AudioPolicyManagerBase(  177): getOutput() returns output 2
W/KnoxCustomManagerService(  695): getSealedState() failed - persistence problem com.android.server.enterprise.storage.SettingNotFoundException: Admin data is null
D/KnoxCustomManagerService(  695): getSealedState(false)
V/AudioPolicyManagerBase(  177): getOutput() device 2, stream 1, samplingRate 0, format 0, channelMask 3, flags 0
V/AudioPolicyManagerBase(  177): getOutputsForDevice device 0002 -> 0002
V/AudioPolicyManagerBase(  177): getOutput() returns output 2
V/AudioPolicyManagerBase(  177): getOutput() device 2, stream 1, samplingRate 44100, format 1, channelMask 3, flags 4
V/AudioPolicyManagerBase(  177): getOutputsForDevice device 0002 -> 0002
V/AudioPolicyManagerBase(  177): getOutput() returns output 2
W/KnoxCustomManagerService(  695): getSealedState() failed - persistence problem com.android.server.enterprise.storage.SettingNotFoundException: Admin data is null
D/KnoxCustomManagerService(  695): getSealedState(false)
I/InputDispatcher(  695): Delivering key to: action: 0x0 (0)
V/AudioPolicyManagerBase(  177): startOutput() output 2, stream 1, session 5130
V/AudioPolicyManagerBase(  177): changeRefCount() stream 1, count 1
W/AudioPolicyManagerBase(  177): stream type [13], return media strategy
W/AudioPolicyManagerBase(  177): stream type [13], return media strategy
W/AudioPolicyManagerBase(  177): stream type [13], return media strategy
W/AudioPolicyManagerBase(  177): stream type [13], return media strategy
V/AudioPolicyManagerBase(  177): getNewDevice() selected device 2
V/AudioPolicyManagerBase(  177): setOutputDevice() output 2 device 0002 force 0 delayMs 0 
V/AudioPolicyManagerBase(  177): setOutputDevice() prevDevice 0002
V/AudioPolicyManagerBase(  177): setOutputDevice() setting same device 0002 or null device for output 2
D/ALSAModule(  177): s_route: devices 0x2 in mode 0
D/ALSAModule(  177): No valid input device: 0
D/alsa_ucm(  177): snd_use_case_set(): uc_mgr 0xb74250c0 identifier _enadev value Speaker
D/ALSAModule(  177): switchDevice 1: curTxUCMDevice Samsung Dualmic RCV curRxUCMDevice Speaker
D/ALSAModule(  177): switchDevice 2: curTxUCMDevice SS Dualmic RCV curRxDevDevice Speaker
D/alsa_ucm(  177): snd_use_case_set(): uc_mgr 0xb74250c0 identifier _verb value HiFi
D/alsa_ucm(  177): Set mixer controls for Speaker enable 1
D/alsa_ucm(  177): acdb_id 15 cap 1 enable 1
D/ACDB-LOADER(  177): ACDB -> send_audio_cal, acdb_id = 15, path =  0
D/ACDB-LOADER(  177): ACDB -> send_adm_topology
D/ACDB-LOADER(  177): ACDB -> ACDB_CMD_GET_AUDPROC_COMMON_TOPOLOGY_ID
D/ACDB-LOADER(  177): ACDB -> send_audtable
D/ACDB-LOADER(  177): ACDB -> ACDB_CMD_GET_AUDPROC_COMMON_TABLE
D/ACDB-LOADER(  177): ACDB -> AUDIO_SET_AUDPROC_CAL
D/ACDB-LOADER(  177): ACDB -> send_audvoltable
D/ACDB-LOADER(  177): ACDB -> ACDB_CMD_GET_AUDPROC_GAIN_DEP_VOLTBL_STEP_COPP
D/ACDB-LOADER(  177): ACDB -> AUDIO_SET_AUDPROC_VOL_CAL
D/ACDB-LOADER(  177): ACDB -> send_afe_cal
D/ACDB-LOADER(  177): ACDB -> ACDB_CMD_GET_AFE_COMMON_TABLE
E/ACDB-LOADER(  177): Error: ACDB AFE returned = -8
D/ACDB-LOADER(  177): ACDB -> AUDIO_SET_AFE_CAL
D/alsa_ucm(  177): Setting mixer control: PRI_RX Channels, value: Two
D/alsa_ucm(  177): Setting mixer control: RX5 MIX1 INP1, value: RX1
D/alsa_ucm(  177): Setting mixer control: RX5 MIX1 INP2, value: RX2
D/alsa_ucm(  177): Setting mixer control: RX6 DSM MUX, value: DSM_INV
D/alsa_ucm(  177): Setting mixer control: LINEOUT2 Volume, value: 100
D/alsa_ucm(  177): Setting mixer control: LINEOUT4 Volume, value: 100
D/alsa_ucm(  177): Setting mixer control: RX5 Digital Volume, value: 65
V/AudioPolicyManagerBase(  177): releaseOutput() 2
W/AudioFlinger(  177): session id 5127 not found for pid 695
D/alsa_ucm(  177): Set mixer controls for HiFi enable 1
D/alsa_ucm(  177): Setting mixer control: PRI_RX Audio Mixer MultiMedia1, value: 1
D/ALSAModule(  177): s_close: handle 0xb7457798 h 0x0
D/ALSAModule(  177): erase handle from mHandleList
D/ALSAModule(  177): s_open: handle 0xb7457798
D/ALSAModule(  177): Device value returned is hw:0,0
D/ALSAModule(  177): setHardwareParams: reqBuffSize 2048 channels 2 sampleRate 44100
D/ALSAModule(  177): setHardwareParams: buffer_size 16384, period_size 2048, period_cnt 8
D/ALSAModule(  177): start_threshold is 1024
D/InputReader(  695): Input event: value=0
I/InputDispatcher(  695): Delivering key to: action: 0x1 (0)
D/CustomFrequencyManagerService(  695): acquireDVFSLockLocked : type : DVFS_MIN_LIMIT  frequency : 1242000  uid : 1000  pid : 695  pkgName : ACTIVITY_RESUME_BOOSTER@5
W/ActivityManager(  695): mDVFSHelper.acquire()
D/KeyguardUpdateMonitor(  969): sendKeyguardVisibilityChanged(true)
D/KeyguardUpdateMonitor(  969): handleKeyguardVisibilityChanged(1)
V/GCMRegistrar(25729): Is registered on server: true
D/PhoneStatusBar(  969): setSemiTransparentMode=false, mTransparentMode=false, mSemiTransparentMode=false, mMultiWindowMode=false
D/StatusBarManagerService(  695): semi p:25729,o:f
I/SurfaceFlinger(  174): id=5345 createSurf (720x1280),1 flag=4, NainActivit
I/SpenGestureManager(  695): setFocusWindow21065
D/EnterpriseDeviceManager(  695): ContainerId: 0
D/KeyguardUpdateMonitor(  969): sendKeyguardVisibilityChanged(true)
D/KeyguardUpdateMonitor(  969): handleKeyguardVisibilityChanged(1)
D/STATUSBAR-StatusBarManagerService(  695): manageDisableList what=0x0 pkg=WindowManager.LayoutParams
D/RestrictionPolicy(  695): isStatusBarExpansionAllowed : true
D/PointerIcon(  695): setMouseIconStyle1 pointerType: 1001iconType:101 flag:0
D/PointerIcon(  695): setMouseCustomIcon IconType is same.101
D/EnterpriseDeviceManager(  695): ContainerId: 0
D/KeyguardUpdateMonitor(  969): sendKeyguardVisibilityChanged(true)
D/KeyguardUpdateMonitor(  969): handleKeyguardVisibilityChanged(1)
D/RestrictionPolicy(  695): isUseSecureKeypadEnabled : false
D/CustomFrequencyManagerService(  695): releaseDVFSLockLocked : Getting Lock type frm List : DVFS_MIN_LIMIT  frequency : 1242000  uid : 1000  pid : 695  tag : ACTIVITY_RESUME_BOOSTER@5
W/ActivityManager(  695): mDVFSHelper.release()
D/CustomFrequencyManagerService(  695): acquireDVFSLockLocked : type : DVFS_MIN_LIMIT  frequency : 1242000  uid : 1000  pid : 695  pkgName : ACTIVITY_RESUME_BOOSTER@9
W/ContextImpl(  695): Calling a method in the system process without a qualified user: android.app.ContextImpl.sendBroadcast:1509 com.android.server.InputMethodManagerService$4.run:2683 java.lang.Thread.run:841 <bottom of call stack> <bottom of call stack> 
E/Sensors (  695): accelHandler -0.625100 4.139791 8.299940
E/qdmemalloc(  174): heap_msk=3000000 flags=1
E/qdmemalloc(  174):  
E/qdmemalloc(  174): heap_msk=40000000 flags=1
E/qdmemalloc(  174):  
D/KeyguardUpdateMonitor(  969): sendKeyguardVisibilityChanged(true)
D/KeyguardUpdateMonitor(  969): handleKeyguardVisibilityChanged(1)
D/KeyguardUpdateMonitor(  969): sendKeyguardVisibilityChanged(true)
D/KeyguardUpdateMonitor(  969): handleKeyguardVisibilityChanged(1)
D/KeyguardUpdateMonitor(  969): sendKeyguardVisibilityChanged(true)
D/KeyguardUpdateMonitor(  969): handleKeyguardVisibilityChanged(1)
D/KeyguardUpdateMonitor(  969): sendKeyguardVisibilityChanged(true)
D/KeyguardUpdateMonitor(  969): handleKeyguardVisibilityChanged(1)
D/CustomFrequencyManagerService(  695): releaseDVFSLockLocked : Getting Lock type frm List : DVFS_MIN_LIMIT  frequency : 1242000  uid : 1000  pid : 695  tag : ACTIVITY_RESUME_BOOSTER@9
D/AbsListView(25729): onDetachedFromWindow
D/KeyguardUpdateMonitor(  969): sendKeyguardVisibilityChanged(true)
D/KeyguardUpdateMonitor(  969): handleKeyguardVisibilityChanged(1)
I/SurfaceFlinger(  174): id=5344 Removed HalleryActi (20/23)
I/SurfaceFlinger(  174): id=5344 Removed HalleryActi (-2/23)
D/KeyguardUpdateMonitor(  969): sendKeyguardVisibilityChanged(true)
D/KeyguardUpdateMonitor(  969): handleKeyguardVisibilityChanged(1)
D/KeyguardUpdateMonitor(  969): sendKeyguardVisibilityChanged(true)
D/KeyguardUpdateMonitor(  969): handleKeyguardVisibilityChanged(1)
D/KeyguardUpdateMonitor(  969): sendKeyguardVisibilityChanged(true)
D/KeyguardUpdateMonitor(  969): handleKeyguardVisibilityChanged(1)
V/AudioPolicyManagerBase(  177): stopOutput() output 2, stream 1, session 5130
V/AudioPolicyManagerBase(  177): changeRefCount() stream 1, count 0
W/AudioPolicyManagerBase(  177): stream type [13], return media strategy
W/AudioPolicyManagerBase(  177): stream type [13], return media strategy
W/AudioPolicyManagerBase(  177): stream type [13], return media strategy
W/AudioPolicyManagerBase(  177): stream type [13], return media strategy
W/AudioPolicyManagerBase(  177): stream type [13], return media strategy
W/AudioPolicyManagerBase(  177): stream type [13], return media strategy
V/AudioPolicyManagerBase(  177): getNewDevice() selected device 0
V/AudioPolicyManagerBase(  177): setOutputDevice() output 2 device 0000 force 0 delayMs 192 
V/AudioPolicyManagerBase(  177): setOutputDevice() prevDevice 0002
W/AudioPolicyManagerBase(  177): stream type [13], return media strategy
W/AudioPolicyManagerBase(  177): stream type [13], return media strategy
V/AudioPolicyManagerBase(  177): setOutputDevice() setting same device 0000 or null device for output 2
E/qdmemalloc(  174): heap_msk=3000000 flags=1
E/qdmemalloc(  174):  
E/qdmemalloc(  174): heap_msk=40000000 flags=1
E/qdmemalloc(  174):  
E/qdmemalloc(  174): heap_msk=3000000 flags=1
E/qdmemalloc(  174):  
E/qdmemalloc(  174): heap_msk=40000000 flags=1
E/qdmemalloc(  174):  
D/lights  (  695): button : 0 +
D/lights  (  695): button : 0 -
I/InputReader(  695): Touch event's action is 0x0 (deviceType=0) [pCnt=1, s=0.12462 ] when=232588336509000
I/InputDispatcher(  695): Delivering touch to: action: 0x4, toolType: 1
I/InputDispatcher(  695): Delivering touch to: action: 0x0, toolType: 1
D/lights  (  695): button : 1 +
D/lights  (  695): button : 1 -
D/CustomFrequencyManagerService(  695): acquireDVFSLockLocked : type : DVFS_MIN_LIMIT  frequency : 810000  uid : 10186  pid : 25729  pkgName : LIST_SCROLL_BOOSTER@119
D/SensorService(  695):   -0.6 4.2 8.3
E/cutils  (  149): Failed to mkdirat(/storage/extSdCard/Android): Read-only file system
W/ContextImpl(25729): Failed to ensure directory: /storage/extSdCard/Android/data/com.twitter.android/files
W/Vold    (  149): Returning OperationFailed - no handler for errno 30
D/EnterpriseDeviceManager(  695): ContainerId: 0
D/MobileDataStateTracker(  695): default: setPolicyDataEnable(enabled=true)
W/NetworkStats(  695): getDevSummary: NetworkStats: elapsedRealtime=0
W/NetworkStats(  695): getXtSummary: NetworkStats: elapsedRealtime=722667975
W/NetworkStats(  695):   [0] iface=null uid=-1 set=ALL tag=0x0 rxBytes=65108248 rxPackets=68663 txBytes=22697606 txPackets=61645 operations=0
D/PowerManagerService(  695): [api] userActivityFromNative : 460 (event: 2 flags: 0)
D/SensorService(  695):  [AR] -0.6 4.7 8.1
D/SensorService(  695): AutoRotationSensor::process: Ar_SensorChanged oldrotation = [255], rotation = [0]
V/WindowOrientationListener(  695): Rotation Sensor : x=0.0
E/Sensors (  695): accelHandler -0.708926 4.702621 8.090376
I/InputReader(  695): Touch event's action is 0x1 (deviceType=0) [pCnt=1, s=] when=232590826025000
I/InputDispatcher(  695): Delivering touch to: action: 0x1, toolType: 1
D/AudioStreamOutALSA(  177): standby
D/ALSAModule(  177): s_standby: handle 0xb7457798 h 0x0
E/ALSAModule(  177): s_standby handle h 0xb74aa818
D/ALSAModule(  177): checkRunningHandle return false
D/alsa_ucm(  177): snd_use_case_set(): uc_mgr 0xb74250c0 identifier _verb value Inactive
D/alsa_ucm(  177): Set mixer controls for HiFi enable 0
D/alsa_ucm(  177): Setting mixer control: PRI_RX Audio Mixer MultiMedia1, value: 0
E/ALSAModule(  177): Number of modifiers 0
E/ALSAModule(  177): usecase_type is 0
D/alsa_ucm(  177): snd_use_case_set(): uc_mgr 0xb74250c0 identifier _disdev value Samsung Dualmic RCV
D/alsa_ucm(  177): disdev: device Samsung Dualmic RCV not enabled, no need to disable
D/alsa_ucm(  177): snd_use_case_set(): uc_mgr 0xb74250c0 identifier _disdev value Speaker
D/alsa_ucm(  177): Set mixer controls for Speaker enable 0
D/alsa_ucm(  177): Setting mixer control: RX5 MIX1 INP1, value: ZERO
D/alsa_ucm(  177): Setting mixer control: RX5 MIX1 INP2, value: ZERO
D/alsa_ucm(  177): Setting mixer control: LINEOUT2 Volume, value: 0
D/alsa_ucm(  177): Setting mixer control: LINEOUT4 Volume, value: 0
D/alsa_ucm(  177): Setting mixer control: RX5 Digital Volume, value: 0
D/SensorService(  695):  [AR] -0.5 4.6 8.2
D/SensorService(  695): AutoRotationSensor::process: Ar_SensorChanged oldrotation = [0], rotation = [255]
V/WindowOrientationListener(  695): Rotation Sensor : x=255.0
D/SensorService(  695):  [AR] -0.6 4.6 8.2
D/SensorService(  695): AutoRotationSensor::process: Ar_SensorChanged oldrotation = [255], rotation = [0]
V/WindowOrientationListener(  695): Rotation Sensor : x=0.0
D/CustomFrequencyManagerService(  695): releaseDVFSLockLocked : Getting Lock type frm List : DVFS_MIN_LIMIT  frequency : 810000  uid : 10186  pid : 25729  tag : LIST_SCROLL_BOOSTER@119
D/SensorService(  695):  [AR] -0.3 4.6 8.2
D/SensorService(  695): AutoRotationSensor::process: Ar_SensorChanged oldrotation = [0], rotation = [255]
V/WindowOrientationListener(  695): Rotation Sensor : x=255.0
D/SensorService(  695):  [AR] -0.3 4.7 8.2
D/SensorService(  695): AutoRotationSensor::process: Ar_SensorChanged oldrotation = [255], rotation = [0]
V/WindowOrientationListener(  695): Rotation Sensor : x=0.0
D/SensorService(  695):  [AR] -0.3 4.6 8.4
D/SensorService(  695): AutoRotationSensor::process: Ar_SensorChanged oldrotation = [0], rotation = [255]
V/WindowOrientationListener(  695): Rotation Sensor : x=255.0
I/InputReader(  695): Touch event's action is 0x0 (deviceType=0) [pCnt=1, s=0.12463 ] when=232591470737000
I/InputDispatcher(  695): Delivering touch to: action: 0x4, toolType: 1
I/InputDispatcher(  695): Delivering touch to: action: 0x0, toolType: 1
D/SensorService(  695):  [AR] -0.3 4.5 7.9
D/SensorService(  695): AutoRotationSensor::process: Ar_SensorChanged oldrotation = [255], rotation = [0]
V/WindowOrientationListener(  695): Rotation Sensor : x=0.0
D/SensorService(  695):  [AR] -0.4 4.5 8.3
D/SensorService(  695): AutoRotationSensor::process: Ar_SensorChanged oldrotation = [0], rotation = [255]
V/WindowOrientationListener(  695): Rotation Sensor : x=255.0
D/CustomFrequencyManagerService(  695): acquireDVFSLockLocked : type : DVFS_MIN_LIMIT  frequency : 810000  uid : 10186  pid : 25729  pkgName : LIST_SCROLL_BOOSTER@119
D/SensorService(  695):  [AR] -0.4 4.6 8.2
D/SensorService(  695): AutoRotationSensor::process: Ar_SensorChanged oldrotation = [255], rotation = [0]
V/WindowOrientationListener(  695): Rotation Sensor : x=0.0
D/SensorService(  695):  [AR] -0.4 4.6 8.3
D/SensorService(  695): AutoRotationSensor::process: Ar_SensorChanged oldrotation = [0], rotation = [255]
V/WindowOrientationListener(  695): Rotation Sensor : x=255.0
D/SensorService(  695):  [AR] -0.5 4.6 8.1
D/SensorService(  695): AutoRotationSensor::process: Ar_SensorChanged oldrotation = [255], rotation = [0]
V/WindowOrientationListener(  695): Rotation Sensor : x=0.0
D/SensorService(  695):   -0.5 4.8 8.1
I/InputReader(  695): Touch event's action is 0x1 (deviceType=0) [pCnt=1, s=] when=232592947130000
I/InputDispatcher(  695): Delivering touch to: action: 0x1, toolType: 1
D/CustomFrequencyManagerService(  695): releaseDVFSLockLocked : Getting Lock type frm List : DVFS_MIN_LIMIT  frequency : 810000  uid : 10186  pid : 25729  tag : LIST_SCROLL_BOOSTER@119
D/lights  (  695): button : 0 +
D/lights  (  695): button : 0 -
E/Sensors (  695): accelHandler -0.330513 4.712201 8.083191
I/InputReader(  695): Touch event's action is 0x0 (deviceType=0) [pCnt=1, s=0.12464 ] when=232594164282000
I/InputDispatcher(  695): Delivering touch to: action: 0x4, toolType: 1
I/InputDispatcher(  695): Delivering touch to: action: 0x0, toolType: 1
D/lights  (  695): button : 1 +
D/lights  (  695): button : 1 -
D/CustomFrequencyManagerService(  695): acquireDVFSLockLocked : type : DVFS_MIN_LIMIT  frequency : 810000  uid : 10186  pid : 25729  pkgName : LIST_SCROLL_BOOSTER@119
I/InputReader(  695): Touch event's action is 0x1 (deviceType=0) [pCnt=1, s=] when=232594533823000
I/InputDispatcher(  695): Delivering touch to: action: 0x1, toolType: 1
D/CustomFrequencyManagerService(  695): releaseDVFSLockLocked : Getting Lock type frm List : DVFS_MIN_LIMIT  frequency : 810000  uid : 10186  pid : 25729  tag : LIST_SCROLL_BOOSTER@119
D/lights  (  695): button : 0 +
D/lights  (  695): button : 0 -
E/Watchdog(  695): !@Sync 7751
D/SensorService(  695):   -0.3 4.9 8.1
D/SensorService(  695):  [AR] -0.2 4.6 8.3
D/SensorService(  695): AutoRotationSensor::process: Ar_SensorChanged oldrotation = [0], rotation = [255]
V/WindowOrientationListener(  695): Rotation Sensor : x=255.0
D/SensorService(  695):  [AR] -0.4 4.6 8.2
D/SensorService(  695): AutoRotationSensor::process: Ar_SensorChanged oldrotation = [255], rotation = [0]
V/WindowOrientationListener(  695): Rotation Sensor : x=0.0
D/SensorService(  695):  [AR] -0.3 4.6 8.3
D/SensorService(  695): AutoRotationSensor::process: Ar_SensorChanged oldrotation = [0], rotation = [255]
V/WindowOrientationListener(  695): Rotation Sensor : x=255.0
D/SensorService(  695):  [AR] -0.3 4.6 8.2
D/SensorService(  695): AutoRotationSensor::process: Ar_SensorChanged oldrotation = [255], rotation = [0]
V/WindowOrientationListener(  695): Rotation Sensor : x=0.0
D/SensorService(  695):  [AR] -0.2 4.6 8.1
D/SensorService(  695): AutoRotationSensor::process: Ar_SensorChanged oldrotation = [0], rotation = [255]
V/WindowOrientationListener(  695): Rotation Sensor : x=255.0
E/Sensors (  695): accelHandler -0.069456 4.517007 8.418493
I/InputReader(  695): Touch event's action is 0x0 (deviceType=0) [pCnt=1, s=0.12465 ] when=232599114504000
I/InputDispatcher(  695): Delivering touch to: action: 0x4, toolType: 1
I/InputDispatcher(  695): Delivering touch to: action: 0x0, toolType: 1
D/lights  (  695): button : 1 +
D/lights  (  695): button : 1 -
D/CustomFrequencyManagerService(  695): acquireDVFSLockLocked : type : DVFS_MIN_LIMIT  frequency : 810000  uid : 10186  pid : 25729  pkgName : LIST_SCROLL_BOOSTER@119
D/skia    (25729): --- decoder->decode returned false
I/InputReader(  695): Touch event's action is 0x1 (deviceType=0) [pCnt=1, s=] when=232599339347000
I/InputDispatcher(  695): Delivering touch to: action: 0x1, toolType: 1
E/cutils  (  149): Failed to mkdirat(/storage/extSdCard/Android): Read-only file system
W/ContextImpl(25729): Failed to ensure directory: /storage/extSdCard/Android/data/com.twitter.android/files
W/Vold    (  149): Returning OperationFailed - no handler for errno 30
D/SensorService(  695):  [AR] -0.2 5.0 8.5
D/SensorService(  695): AutoRotationSensor::process: Ar_SensorChanged oldrotation = [255], rotation = [0]
V/WindowOrientationListener(  695): Rotation Sensor : x=0.0
D/SensorService(  695):   -0.1 4.8 8.1
D/CustomFrequencyManagerService(  695): releaseDVFSLockLocked : Getting Lock type frm List : DVFS_MIN_LIMIT  frequency : 810000  uid : 10186  pid : 25729  tag : LIST_SCROLL_BOOSTER@119
I/InputReader(  695): Touch event's action is 0x0 (deviceType=0) [pCnt=1, s=0.12466 ] when=232600290881000
I/InputDispatcher(  695): Delivering touch to: action: 0x4, toolType: 1
I/InputDispatcher(  695): Delivering touch to: action: 0x0, toolType: 1
D/CustomFrequencyManagerService(  695): acquireDVFSLockLocked : type : DVFS_MIN_LIMIT  frequency : 810000  uid : 10186  pid : 25729  pkgName : LIST_SCROLL_BOOSTER@119
E/Sensors (  695): accelHandler -0.438289 5.003196 8.001760
I/InputReader(  695): Touch event's action is 0x1 (deviceType=0) [pCnt=1, s=] when=232601244032000
I/InputDispatcher(  695): Delivering touch to: action: 0x1, toolType: 1
D/CustomFrequencyManagerService(  695): releaseDVFSLockLocked : Getting Lock type frm List : DVFS_MIN_LIMIT  frequency : 810000  uid : 10186  pid : 25729  tag : LIST_SCROLL_BOOSTER@119
D/SensorService(  695):  [AR] 0.1 4.6 8.4
D/SensorService(  695): AutoRotationSensor::process: Ar_SensorChanged oldrotation = [0], rotation = [255]
V/WindowOrientationListener(  695): Rotation Sensor : x=255.0
D/SensorService(  695):  [AR] 0.1 4.7 8.0
D/SensorService(  695): AutoRotationSensor::process: Ar_SensorChanged oldrotation = [255], rotation = [0]
V/WindowOrientationListener(  695): Rotation Sensor : x=0.0
D/SensorService(  695):  [AR] 0.2 4.6 8.2
D/SensorService(  695): AutoRotationSensor::process: Ar_SensorChanged oldrotation = [0], rotation = [255]
V/WindowOrientationListener(  695): Rotation Sensor : x=255.0
D/lights  (  695): button : 0 +
D/lights  (  695): button : 0 -
D/SensorService(  695):  [AR] 0.3 4.6 8.1
D/SensorService(  695): AutoRotationSensor::process: Ar_SensorChanged oldrotation = [255], rotation = [0]
V/WindowOrientationListener(  695): Rotation Sensor : x=0.0
D/SensorService(  695):  [AR] 0.3 4.6 8.3
D/SensorService(  695): AutoRotationSensor::process: Ar_SensorChanged oldrotation = [0], rotation = [255]
V/WindowOrientationListener(  695): Rotation Sensor : x=255.0
D/SensorService(  695):   0.2 4.4 8.1
D/SensorService(  695):  [AR] -0.3 4.6 8.1
D/SensorService(  695): AutoRotationSensor::process: Ar_SensorChanged oldrotation = [255], rotation = [0]
V/WindowOrientationListener(  695): Rotation Sensor : x=0.0
D/SensorService(  695):  [AR] -0.2 4.7 8.4
D/SensorService(  695): AutoRotationSensor::process: Ar_SensorChanged oldrotation = [0], rotation = [255]
V/WindowOrientationListener(  695): Rotation Sensor : x=255.0
E/Sensors (  695): accelHandler -0.295785 4.433181 8.396938
D/SensorService(  695):   -0.1 4.0 8.5
I/InputReader(  695): Touch event's action is 0x0 (deviceType=0) [pCnt=1, s=0.12467 ] when=232606805302000
I/InputDispatcher(  695): Delivering touch to: action: 0x4, toolType: 1
I/InputDispatcher(  695): Delivering touch to: action: 0x0, toolType: 1
D/lights  (  695): button : 1 +
D/lights  (  695): button : 1 -
D/CustomFrequencyManagerService(  695): acquireDVFSLockLocked : type : DVFS_MIN_LIMIT  frequency : 810000  uid : 10186  pid : 25729  pkgName : LIST_SCROLL_BOOSTER@119
D/STATUSBAR-NetworkController(  969): onSignalStrengthsChanged signalStrength=SignalStrength: 99 99 -82 -30 -120 -1 -1 13 -104 -7 150 -1 2147483647 gsm|lte 0x3050 level=3
I/InputReader(  695): Touch event's action is 0x1 (deviceType=0) [pCnt=1, s=] when=232607096222000
I/InputDispatcher(  695): Delivering touch to: action: 0x1, toolType: 1
D/CustomFrequencyManagerService(  695): releaseDVFSLockLocked : Getting Lock type frm List : DVFS_MIN_LIMIT  frequency : 810000  uid : 10186  pid : 25729  tag : LIST_SCROLL_BOOSTER@119
E/Sensors (  695): accelHandler -0.204774 4.423601 8.317903
I/InputReader(  695): Touch event's action is 0x0 (deviceType=0) [pCnt=1, s=0.12468 ] when=232608047908000
I/InputDispatcher(  695): Delivering touch to: action: 0x4, toolType: 1
I/InputDispatcher(  695): Delivering touch to: action: 0x0, toolType: 1
D/PowerManagerService(  695): [api] userActivityFromNative : 470 (event: 2 flags: 0)
D/CustomFrequencyManagerService(  695): acquireDVFSLockLocked : type : DVFS_MIN_LIMIT  frequency : 810000  uid : 10186  pid : 25729  pkgName : LIST_SCROLL_BOOSTER@119
D/skia    (25729): --- decoder->decode returned false
E/cutils  (  149): Failed to mkdirat(/storage/extSdCard/Android): Read-only file system
W/Vold    (  149): Returning OperationFailed - no handler for errno 30
W/ContextImpl(25729): Failed to ensure directory: /storage/extSdCard/Android/data/com.twitter.android/files
D/STATUSBAR-NetworkController(  969): onSignalStrengthsChanged signalStrength=SignalStrength: 99 99 -82 -30 -120 -1 -1 13 -105 -7 158 -1 2147483647 gsm|lte 0x3050 level=3
D/SensorService(  695):  [AR] -0.4 4.6 8.2
D/SensorService(  695): AutoRotationSensor::process: Ar_SensorChanged oldrotation = [255], rotation = [0]
V/WindowOrientationListener(  695): Rotation Sensor : x=0.0
D/SensorService(  695):  [AR] -0.5 4.5 8.2
D/SensorService(  695): AutoRotationSensor::process: Ar_SensorChanged oldrotation = [0], rotation = [255]
V/WindowOrientationListener(  695): Rotation Sensor : x=255.0
D/SensorService(  695):  [AR] -0.5 4.7 8.1
D/SensorService(  695): AutoRotationSensor::process: Ar_SensorChanged oldrotation = [255], rotation = [0]
V/WindowOrientationListener(  695): Rotation Sensor : x=0.0
I/InputReader(  695): Touch event's action is 0x1 (deviceType=0) [pCnt=1, s=] when=232610048274000
I/InputDispatcher(  695): Delivering touch to: action: 0x1, toolType: 1
D/SensorService(  695):   -0.3 4.7 8.0
D/SensorService(  695):  [AR] -0.3 4.6 8.4
D/SensorService(  695): AutoRotationSensor::process: Ar_SensorChanged oldrotation = [0], rotation = [255]
V/WindowOrientationListener(  695): Rotation Sensor : x=255.0
D/CustomFrequencyManagerService(  695): releaseDVFSLockLocked : Getting Lock type frm List : DVFS_MIN_LIMIT  frequency : 810000  uid : 10186  pid : 25729  tag : LIST_SCROLL_BOOSTER@119
D/lights  (  695): button : 0 +
D/lights  (  695): button : 0 -
I/InputReader(  695): Touch event's action is 0x0 (deviceType=0) [pCnt=1, s=0.12469 ] when=232611364404000
I/InputDispatcher(  695): Delivering touch to: action: 0x4, toolType: 1
I/InputDispatcher(  695): Delivering touch to: action: 0x0, toolType: 1
D/lights  (  695): button : 1 +
D/lights  (  695): button : 1 -
D/CustomFrequencyManagerService(  695): acquireDVFSLockLocked : type : DVFS_MIN_LIMIT  frequency : 810000  uid : 10186  pid : 25729  pkgName : LIST_SCROLL_BOOSTER@119
E/Sensors (  695): accelHandler -0.193997 4.349356 8.407716
I/InputReader(  695): Touch event's action is 0x1 (deviceType=0) [pCnt=1, s=] when=232611702845000
I/InputDispatcher(  695): Delivering touch to: action: 0x1, toolType: 1
D/CustomFrequencyManagerService(  695): releaseDVFSLockLocked : Getting Lock type frm List : DVFS_MIN_LIMIT  frequency : 810000  uid : 10186  pid : 25729  tag : LIST_SCROLL_BOOSTER@119
V/AlarmManager(  695): waitForAlarm result :4
V/AlarmManager(  695): trigger ELAPSED_REALTIME_WAKEUP or RTC_WAKEUP
D/SensorService(  695):  [AR] 0.0 4.6 8.1
D/SensorService(  695): AutoRotationSensor::process: Ar_SensorChanged oldrotation = [255], rotation = [0]
V/WindowOrientationListener(  695): Rotation Sensor : x=0.0
D/SensorService(  695):  [AR] 0.0 4.6 8.2
D/SensorService(  695): AutoRotationSensor::process: Ar_SensorChanged oldrotation = [0], rotation = [255]
V/WindowOrientationListener(  695): Rotation Sensor : x=255.0
D/BatteryService(  695): level:90, scale:100, status:3, health:2, present:true, voltage: 4133, temperature: 318, technology: Li-ion, AC powered:false, USB powered:false, Wireless powered:false, icon:17303534, invalid charger:0, online:1, current avg:-1, charge type:0, power sharing:false
D/BatteryService(  695): Sending ACTION_BATTERY_CHANGED.
I/DMApp   ( 2502): sendMessage : INTERRUPT_BATTERY_HIGH
I/DMApp   ( 2502): handleMessage obj.msg =INTERRUPT_BATTERY_HIGH
I/DMStateMachine( 2502): StateMachine: handleMessage() msg: INTERRUPT_BATTERY_HIGH in IDLE
D/KeyguardUpdateMonitor(  969): received broadcast android.intent.action.BATTERY_CHANGED
D/KeyguardUpdateMonitor(  969): handleBatteryUpdate
D/STATUSBAR-PhoneStatusBar(  969):  mBrightnessEnablebySettings = true mBrightnessEnablebyBattery = true mBrightnessEnablebyDisableFlag = true mPmsBrightnessEnablebySettings = true
D/BatteryMeterView(  969): ACTION_BATTERY_CHANGED : level:90 status:3 health:2
D/lights  (  695): button : 0 +
D/lights  (  695): button : 0 -
D/SensorService(  695):   -0.1 4.3 8.5
E/Sensors (  695): accelHandler -0.177231 3.980522 8.422086
I/InputReader(  695): Touch event's action is 0x0 (deviceType=0) [pCnt=1, s=0.12470 ] when=232617036829000
I/InputDispatcher(  695): Delivering touch to: action: 0x4, toolType: 1
I/InputDispatcher(  695): Delivering touch to: action: 0x0, toolType: 1
D/lights  (  695): button : 1 +
D/lights  (  695): button : 1 -
D/CustomFrequencyManagerService(  695): acquireDVFSLockLocked : type : DVFS_MIN_LIMIT  frequency : 810000  uid : 10186  pid : 25729  pkgName : LIST_SCROLL_BOOSTER@119
D/SensorService(  695):   -0.2 4.1 8.7
I/InputReader(  695): Touch event's action is 0x1 (deviceType=0) [pCnt=1, s=] when=232617191293000
I/InputDispatcher(  695): Delivering touch to: action: 0x1, toolType: 1
D/CustomFrequencyManagerService(  695): releaseDVFSLockLocked : Getting Lock type frm List : DVFS_MIN_LIMIT  frequency : 810000  uid : 10186  pid : 25729  tag : LIST_SCROLL_BOOSTER@119
D/skia    (25729): --- NewFromFD failed in nativeDecodeFileDescriptor
E/cutils  (  149): Failed to mkdirat(/storage/extSdCard/Android): Read-only file system
W/ContextImpl(25729): Failed to ensure directory: /storage/extSdCard/Android/data/com.twitter.android/files
W/Vold    (  149): Returning OperationFailed - no handler for errno 30
E/Sensors (  695): accelHandler -0.173639 4.425996 8.319100
D/lights  (  695): button : 0 +
D/lights  (  695): button : 0 -
I/InputReader(  695): Touch event's action is 0x0 (deviceType=0) [pCnt=1, s=0.12471 ] when=232619806706000
I/InputDispatcher(  695): Delivering touch to: action: 0x4, toolType: 1
I/InputDispatcher(  695): Delivering touch to: action: 0x0, toolType: 1
D/lights  (  695): button : 1 +
D/lights  (  695): button : 1 -
D/CustomFrequencyManagerService(  695): acquireDVFSLockLocked : type : DVFS_MIN_LIMIT  frequency : 810000  uid : 10186  pid : 25729  pkgName : LIST_SCROLL_BOOSTER@119
I/InputReader(  695): Touch event's action is 0x1 (deviceType=0) [pCnt=1, s=] when=232620222851000
I/InputDispatcher(  695): Delivering touch to: action: 0x1, toolType: 1
I/Sensors (  695): **** No Motion ****
D/CustomFrequencyManagerService(  695): releaseDVFSLockLocked : Getting Lock type frm List : DVFS_MIN_LIMIT  frequency : 810000  uid : 10186  pid : 25729  tag : LIST_SCROLL_BOOSTER@119
D/SensorService(  695):   -0.2 4.5 8.2
E/cutils  (  149): Failed to mkdirat(/storage/extSdCard/Android): Read-only file system
W/ContextImpl(25729): Failed to ensure directory: /storage/extSdCard/Android/data/com.twitter.android/files
W/Vold    (  149): Returning OperationFailed - no handler for errno 30
I/InputReader(  695): Touch event's action is 0x0 (deviceType=0) [pCnt=1, s=0.12472 ] when=232621128360000
I/InputDispatcher(  695): Delivering touch to: action: 0x4, toolType: 1
I/InputDispatcher(  695): Delivering touch to: action: 0x0, toolType: 1
D/CustomFrequencyManagerService(  695): acquireDVFSLockLocked : type : DVFS_MIN_LIMIT  frequency : 810000  uid : 10186  pid : 25729  pkgName : LIST_SCROLL_BOOSTER@119
E/Sensors (  695): accelHandler -0.261057 4.481081 8.229287
D/PowerManagerService(  695): [api] userActivityFromNative : 480 (event: 2 flags: 0)
I/InputReader(  695): Touch event's action is 0x1 (deviceType=0) [pCnt=1, s=] when=232623276780000
I/InputDispatcher(  695): Delivering touch to: action: 0x1, toolType: 1
D/SensorService(  695):  [AR] -0.4 4.6 8.1
D/SensorService(  695): AutoRotationSensor::process: Ar_SensorChanged oldrotation = [255], rotation = [0]
V/WindowOrientationListener(  695): Rotation Sensor : x=0.0
D/SensorService(  695):  [AR] -0.2 4.5 8.3
D/SensorService(  695): AutoRotationSensor::process: Ar_SensorChanged oldrotation = [0], rotation = [255]
V/WindowOrientationListener(  695): Rotation Sensor : x=255.0
D/CustomFrequencyManagerService(  695): releaseDVFSLockLocked : Getting Lock type frm List : DVFS_MIN_LIMIT  frequency : 810000  uid : 10186  pid : 25729  tag : LIST_SCROLL_BOOSTER@119
D/SensorService(  695):  [AR] -0.3 4.6 8.1
D/SensorService(  695): AutoRotationSensor::process: Ar_SensorChanged oldrotation = [255], rotation = [0]
V/WindowOrientationListener(  695): Rotation Sensor : x=0.0
D/SensorService(  695):  [AR] -0.3 4.5 8.3
D/SensorService(  695): AutoRotationSensor::process: Ar_SensorChanged oldrotation = [0], rotation = [255]
V/WindowOrientationListener(  695): Rotation Sensor : x=255.0
D/SensorService(  695):   -0.2 4.6 8.2
D/SensorService(  695):  [AR] -0.2 4.7 8.2
D/SensorService(  695): AutoRotationSensor::process: Ar_SensorChanged oldrotation = [255], rotation = [0]
V/WindowOrientationListener(  695): Rotation Sensor : x=0.0
D/lights  (  695): button : 0 +
D/lights  (  695): button : 0 -
D/STATUSBAR-NetworkController(  969): onSignalStrengthsChanged signalStrength=SignalStrength: 99 99 -82 -30 -120 -1 -1 14 -106 -6 174 -1 2147483647 gsm|lte 0x3050 level=3
E/Sensors (  695): accelHandler -0.222737 4.857100 8.140672
E/Watchdog(  695): !@Sync 7752
I/Sensors (  695): **** Motion ****
I/InputReader(  695): Touch event's action is 0x0 (deviceType=0) [pCnt=1, s=0.12473 ] when=232626983083000
I/InputDispatcher(  695): Delivering touch to: action: 0x4, toolType: 1
I/InputDispatcher(  695): Delivering touch to: action: 0x0, toolType: 1
D/lights  (  695): button : 1 +
D/lights  (  695): button : 1 -
I/InputReader(  695): Touch event's action is 0x1 (deviceType=0) [pCnt=1, s=] when=232627104462000
I/InputDispatcher(  695): Delivering touch to: action: 0x1, toolType: 1
D/EnterpriseDeviceManager(  695): ContainerId: 0
W/KnoxCustomManagerService(  695): getSealedState() failed - persistence problem com.android.server.enterprise.storage.SettingNotFoundException: Admin data is null
D/KnoxCustomManagerService(  695): getSealedState(false)
E/Parcel  (  695): Class not found when unmarshalling: com.twitter.library.scribe.ScribeAssociation
E/Parcel  (  695): java.lang.ClassNotFoundException: com.twitter.library.scribe.ScribeAssociation
E/Parcel  (  695): 	at java.lang.Class.classForName(Native Method)
E/Parcel  (  695): 	at java.lang.Class.forName(Class.java:251)
E/Parcel  (  695): 	at java.lang.Class.forName(Class.java:216)
E/Parcel  (  695): 	at android.os.Parcel.readParcelableCreator(Parcel.java:2133)
E/Parcel  (  695): 	at android.os.Parcel.readParcelable(Parcel.java:2097)
E/Parcel  (  695): 	at android.os.Parcel.readValue(Parcel.java:2013)
E/Parcel  (  695): 	at android.os.Parcel.readArrayMapInternal(Parcel.java:2314)
E/Parcel  (  695): 	at android.os.Bundle.unparcel(Bundle.java:249)
E/Parcel  (  695): 	at android.os.Bundle.getString(Bundle.java:1118)
E/Parcel  (  695): 	at android.content.Intent.getStringExtra(Intent.java:5145)
E/Parcel  (  695): 	at com.android.server.am.ActivityStackSupervisor.startActivityLocked(ActivityStackSupervisor.java:1447)
E/Parcel  (  695): 	at com.android.server.am.ActivityStackSupervisor.startActivityMayWait(ActivityStackSupervisor.java:1043)
E/Parcel  (  695): 	at com.android.server.am.ActivityManagerService.startActivityAsUser(ActivityManagerService.java:4063)
E/Parcel  (  695): 	at com.android.server.am.ActivityManagerService.startActivity(ActivityManagerService.java:3957)
E/Parcel  (  695): 	at android.app.ActivityManagerNative.onTransact(ActivityManagerNative.java:159)
E/Parcel  (  695): 	at com.android.server.am.ActivityManagerService.onTransact(ActivityManagerService.java:2638)
E/Parcel  (  695): 	at android.os.Binder.execTransact(Binder.java:404)
E/Parcel  (  695): 	at dalvik.system.NativeStart.run(Native Method)
E/Parcel  (  695): Caused by: java.lang.NoClassDefFoundError: com/twitter/library/scribe/ScribeAssociation
E/Parcel  (  695): 	... 18 more
E/Parcel  (  695): Caused by: java.lang.ClassNotFoundException: Didn't find class "com.twitter.library.scribe.ScribeAssociation" on path: DexPathList[[directory "."],nativeLibraryDirectories=[/vendor/lib, /system/lib]]
E/Parcel  (  695): 	at dalvik.system.BaseDexClassLoader.findClass(BaseDexClassLoader.java:67)
E/Parcel  (  695): 	at java.lang.ClassLoader.loadClass(ClassLoader.java:497)
E/Parcel  (  695): 	at java.lang.ClassLoader.loadClass(ClassLoader.java:457)
E/Parcel  (  695): 	... 18 more
D/CustomFrequencyManagerService(  695): acquireDVFSLockLocked : type : DVFS_MIN_LIMIT  frequency : 1242000  uid : 1000  pid : 695  pkgName : ACTIVITY_RESUME_BOOSTER@5
W/ActivityManager(  695): mDVFSHelper.acquire()
D/PointerIcon(  695): setMouseIconStyle1 pointerType: 1001iconType:101 flag:0
D/PointerIcon(  695): setMouseCustomIcon IconType is same.101
D/KeyguardUpdateMonitor(  969): sendKeyguardVisibilityChanged(true)
D/KeyguardUpdateMonitor(  969): handleKeyguardVisibilityChanged(1)
D/PhoneStatusBar(  969): setTransGradationMode=false, mTransparentMode=false, mSemiTransparentMode=false, mMultiWindowMode=false
D/MultiPhoneWindow(25729): generateLayout : sMinimumStackBoundForPortraitOrientRect(0, 0 - 0, 0), sMinimumStackBoundForLandscapeOrient=Rect(0, 0 - 0, 0)
D/StatusBarManagerService(  695): tr p:25729,o:f
D/AbsListView(25729): Get MotionRecognitionManager
D/MotionRecognitionService(  695):  ssp status : false
