D/        (  695): TIMA: QCOM_send_command result--0
D/        (  695): TIMA_PKM_measure_kernel returns with resp..ret=512!
D/        (  695): TAL: TIMA_PKM_measure_kernel--int8_t TIMA_PKM_measure_kernel(TIMA_handle_t, void*, uint32_t, void*, uint32_t, uint32_t)
D/        (  695): TIMA: QCOM_send_command--int8_t QCOM_send_command(TIMA_handle_t, void*, uint32_t, void*, uint32_t, uint32_t)
D/        (  695): rsp_len = 1008 rcvd_data_len = 1040, self_calculate_len=1040
D/        (  695): TIMA: QCOM_send_command result--0
D/        (  695): TIMA_PKM_measure_kernel returns with resp..ret=512!
D/        (  695): TAL: TIMA_PKM_measure_kernel--int8_t TIMA_PKM_measure_kernel(TIMA_handle_t, void*, uint32_t, void*, uint32_t, uint32_t)
D/        (  695): TIMA: QCOM_send_command--int8_t QCOM_send_command(TIMA_handle_t, void*, uint32_t, void*, uint32_t, uint32_t)
D/        (  695): rsp_len = 1008 rcvd_data_len = 1040, self_calculate_len=1040
D/        (  695): TIMA: QCOM_send_command result--0
D/        (  695): TIMA_PKM_measure_kernel returns with resp..ret=512!
D/        (  695): TAL: TIMA_PKM_measure_kernel--int8_t TIMA_PKM_measure_kernel(TIMA_handle_t, void*, uint32_t, void*, uint32_t, uint32_t)
D/        (  695): TIMA: QCOM_send_command--int8_t QCOM_send_command(TIMA_handle_t, void*, uint32_t, void*, uint32_t, uint32_t)
D/        (  695): rsp_len = 1008 rcvd_data_len = 1040, self_calculate_len=1040
D/        (  695): TIMA: QCOM_send_command result--0
D/        (  695): TIMA_PKM_measure_kernel returns with resp..ret=512!
D/        (  695): TAL: TIMA_PKM_measure_kernel--int8_t TIMA_PKM_measure_kernel(TIMA_handle_t, void*, uint32_t, void*, uint32_t, uint32_t)
D/        (  695): TIMA: QCOM_send_command--int8_t QCOM_send_command(TIMA_handle_t, void*, uint32_t, void*, uint32_t, uint32_t)
D/        (  695): rsp_len = 1008 rcvd_data_len = 1040, self_calculate_len=1040
D/        (  695): TIMA: QCOM_send_command result--0
D/        (  695): TIMA_PKM_measure_kernel returns with resp..ret=512!
D/        (  695): TAL: TIMA_PKM_measure_kernel--int8_t TIMA_PKM_measure_kernel(TIMA_handle_t, void*, uint32_t, void*, uint32_t, uint32_t)
D/        (  695): TIMA: QCOM_send_command--int8_t QCOM_send_command(TIMA_handle_t, void*, uint32_t, void*, uint32_t, uint32_t)
D/        (  695): rsp_len = 1008 rcvd_data_len = 1040, self_calculate_len=1040
D/        (  695): TIMA: QCOM_send_command result--0
D/        (  695): TIMA_PKM_measure_kernel returns with resp..ret=512!
D/        (  695): TAL: TIMA_PKM_measure_kernel--int8_t TIMA_PKM_measure_kernel(TIMA_handle_t, void*, uint32_t, void*, uint32_t, uint32_t)
D/        (  695): TIMA: QCOM_send_command--int8_t QCOM_send_command(TIMA_handle_t, void*, uint32_t, void*, uint32_t, uint32_t)
D/        (  695): rsp_len = 1008 rcvd_data_len = 1040, self_calculate_len=1040
D/        (  695): TIMA: QCOM_send_command result--0
D/        (  695): TIMA_PKM_measure_kernel returns with resp..ret=512!
D/        (  695): TAL: TIMA_PKM_measure_kernel--int8_t TIMA_PKM_measure_kernel(TIMA_handle_t, void*, uint32_t, void*, uint32_t, uint32_t)
D/        (  695): TIMA: QCOM_send_command--int8_t QCOM_send_command(TIMA_handle_t, void*, uint32_t, void*, uint32_t, uint32_t)
D/        (  695): rsp_len = 1008 rcvd_data_len = 1040, self_calculate_len=1040
D/        (  695): TIMA: QCOM_send_command result--0
D/        (  695): TIMA_PKM_measure_kernel returns with resp..ret=512!
D/        (  695): TAL: TIMA_PKM_measure_kernel--int8_t TIMA_PKM_measure_kernel(TIMA_handle_t, void*, uint32_t, void*, uint32_t, uint32_t)
D/        (  695): TIMA: QCOM_send_command--int8_t QCOM_send_command(TIMA_handle_t, void*, uint32_t, void*, uint32_t, uint32_t)
D/        (  695): rsp_len = 1008 rcvd_data_len = 1040, self_calculate_len=1040
D/        (  695): TIMA: QCOM_send_command result--0
D/        (  695): TIMA_PKM_measure_kernel returns with resp..ret=0!
D/        (  695): TIMA: final string =TIMA_STATUS=0;MSG=Kernel Verification Success;!
D/TimaService(  695): TIMA MEASUREMENT Result: TIMA_STATUS=0;MSG=Kernel Verification Success;
D/TimaService(  695): TIMA MEASUREMENT success status: TIMA_STATUS=0;MSG=Kernel Verification Success;
D/AT_Distributor(  394): Send Msg [UART > ATD] 1 bytes <>
D/BatteryService(  695): level:96, scale:100, status:3, health:2, present:true, voltage: 4252, temperature: 229, technology: Li-ion, AC powered:false, USB powered:false, Wireless powered:false, icon:17303534, invalid charger:0, online:1, current avg:-1, charge type:0, power sharing:false
D/BatteryService(  695): Sending ACTION_BATTERY_CHANGED.
D/KeyguardUpdateMonitor(  969): received broadcast android.intent.action.BATTERY_CHANGED
D/KeyguardUpdateMonitor(  969): handleBatteryUpdate
D/STATUSBAR-PhoneStatusBar(  969):  mBrightnessEnablebySettings = true mBrightnessEnablebyBattery = true mBrightnessEnablebyDisableFlag = true mPmsBrightnessEnablebySettings = true
D/BatteryMeterView(  969): ACTION_BATTERY_CHANGED : level:96 status:3 health:2
I/DMApp   ( 2502): sendMessage : INTERRUPT_BATTERY_HIGH
I/DMApp   ( 2502): handleMessage obj.msg =INTERRUPT_BATTERY_HIGH
I/DMStateMachine( 2502): StateMachine: handleMessage() msg: INTERRUPT_BATTERY_HIGH in IDLE
D/AT_Distributor(  394): Send Msg [UART > ATD] 1 bytes <>
D/BatteryService(  695): level:96, scale:100, status:3, health:2, present:true, voltage: 4246, temperature: 229, technology: Li-ion, AC powered:false, USB powered:false, Wireless powered:false, icon:17303534, invalid charger:0, online:1, current avg:-1, charge type:0, power sharing:false
D/BatteryService(  695): Sending ACTION_BATTERY_CHANGED.
D/KeyguardUpdateMonitor(  969): received broadcast android.intent.action.BATTERY_CHANGED
D/KeyguardUpdateMonitor(  969): handleBatteryUpdate
D/STATUSBAR-PhoneStatusBar(  969):  mBrightnessEnablebySettings = true mBrightnessEnablebyBattery = true mBrightnessEnablebyDisableFlag = true mPmsBrightnessEnablebySettings = true
D/BatteryMeterView(  969): ACTION_BATTERY_CHANGED : level:96 status:3 health:2
I/DMApp   ( 2502): sendMessage : INTERRUPT_BATTERY_HIGH
I/DMApp   ( 2502): handleMessage obj.msg =INTERRUPT_BATTERY_HIGH
I/DMStateMachine( 2502): StateMachine: handleMessage() msg: INTERRUPT_BATTERY_HIGH in IDLE
D/AT_Distributor(  394): Send Msg [UART > ATD] 1 bytes <>
D/BatteryService(  695): level:96, scale:100, status:3, health:2, present:true, voltage: 4246, temperature: 228, technology: Li-ion, AC powered:false, USB powered:false, Wireless powered:false, icon:17303534, invalid charger:0, online:1, current avg:-1, charge type:0, power sharing:false
D/BatteryService(  695): Sending ACTION_BATTERY_CHANGED.
D/KeyguardUpdateMonitor(  969): received broadcast android.intent.action.BATTERY_CHANGED
D/KeyguardUpdateMonitor(  969): handleBatteryUpdate
I/DMApp   ( 2502): sendMessage : INTERRUPT_BATTERY_HIGH
I/DMApp   ( 2502): handleMessage obj.msg =INTERRUPT_BATTERY_HIGH
I/DMStateMachine( 2502): StateMachine: handleMessage() msg: INTERRUPT_BATTERY_HIGH in IDLE
D/STATUSBAR-PhoneStatusBar(  969):  mBrightnessEnablebySettings = true mBrightnessEnablebyBattery = true mBrightnessEnablebyDisableFlag = true mPmsBrightnessEnablebySettings = true
D/BatteryMeterView(  969): ACTION_BATTERY_CHANGED : level:96 status:3 health:2
D/AT_Distributor(  394): Send Msg [UART > ATD] 1 bytes <>
D/BatteryService(  695): level:96, scale:100, status:3, health:2, present:true, voltage: 4250, temperature: 228, technology: Li-ion, AC powered:false, USB powered:false, Wireless powered:false, icon:17303534, invalid charger:0, online:1, current avg:-1, charge type:0, power sharing:false
D/BatteryService(  695): Sending ACTION_BATTERY_CHANGED.
D/KeyguardUpdateMonitor(  969): received broadcast android.intent.action.BATTERY_CHANGED
D/KeyguardUpdateMonitor(  969): handleBatteryUpdate
I/DMApp   ( 2502): sendMessage : INTERRUPT_BATTERY_HIGH
I/DMApp   ( 2502): handleMessage obj.msg =INTERRUPT_BATTERY_HIGH
I/DMStateMachine( 2502): StateMachine: handleMessage() msg: INTERRUPT_BATTERY_HIGH in IDLE
D/STATUSBAR-PhoneStatusBar(  969):  mBrightnessEnablebySettings = true mBrightnessEnablebyBattery = true mBrightnessEnablebyDisableFlag = true mPmsBrightnessEnablebySettings = true
D/BatteryMeterView(  969): ACTION_BATTERY_CHANGED : level:96 status:3 health:2
D/AT_Distributor(  394): Send Msg [UART > ATD] 1 bytes <>
D/BatteryService(  695): level:96, scale:100, status:3, health:2, present:true, voltage: 4247, temperature: 228, technology: Li-ion, AC powered:false, USB powered:false, Wireless powered:false, icon:17303534, invalid charger:0, online:1, current avg:-1, charge type:0, power sharing:false
D/BatteryService(  695): Sending ACTION_BATTERY_CHANGED.
D/KeyguardUpdateMonitor(  969): received broadcast android.intent.action.BATTERY_CHANGED
D/KeyguardUpdateMonitor(  969): handleBatteryUpdate
D/STATUSBAR-PhoneStatusBar(  969):  mBrightnessEnablebySettings = true mBrightnessEnablebyBattery = true mBrightnessEnablebyDisableFlag = true mPmsBrightnessEnablebySettings = true
D/BatteryMeterView(  969): ACTION_BATTERY_CHANGED : level:96 status:3 health:2
I/DMApp   ( 2502): sendMessage : INTERRUPT_BATTERY_HIGH
I/DMApp   ( 2502): handleMessage obj.msg =INTERRUPT_BATTERY_HIGH
I/DMStateMachine( 2502): StateMachine: handleMessage() msg: INTERRUPT_BATTERY_HIGH in IDLE
D/AT_Distributor(  394): Send Msg [UART > ATD] 1 bytes <>
V/AlarmManager(  695): waitForAlarm result :8
D/KeyguardClockWidgetService( 7087): onReceive action=android.intent.action.TIME_TICK
D/KeyguardUpdateMonitor(  969): received broadcast android.intent.action.TIME_TICK
D/KeyguardUpdateMonitor(  969): handleTimeUpdate
V/AlarmManager(  695): ClockReceiver onReceive() ACTION_TIME_TICK
D/STATUSBAR-IconMerger(  969): checkOverflow(336), More:false, Req:false Child:1
D/BatteryService(  695): level:96, scale:100, status:3, health:2, present:true, voltage: 4237, temperature: 228, technology: Li-ion, AC powered:false, USB powered:false, Wireless powered:false, icon:17303534, invalid charger:0, online:1, current avg:-1, charge type:0, power sharing:false
D/BatteryService(  695): Sending ACTION_BATTERY_CHANGED.
D/KeyguardUpdateMonitor(  969): received broadcast android.intent.action.BATTERY_CHANGED
D/STATUSBAR-PhoneStatusBar(  969):  mBrightnessEnablebySettings = true mBrightnessEnablebyBattery = true mBrightnessEnablebyDisableFlag = true mPmsBrightnessEnablebySettings = true
D/BatteryMeterView(  969): ACTION_BATTERY_CHANGED : level:96 status:3 health:2
I/DMApp   ( 2502): sendMessage : INTERRUPT_BATTERY_HIGH
I/DMApp   ( 2502): handleMessage obj.msg =INTERRUPT_BATTERY_HIGH
I/DMStateMachine( 2502): StateMachine: handleMessage() msg: INTERRUPT_BATTERY_HIGH in IDLE
D/KeyguardUpdateMonitor(  969): handleBatteryUpdate
D/AT_Distributor(  394): Send Msg [UART > ATD] 1 bytes <>
D/BatteryService(  695): level:96, scale:100, status:3, health:2, present:true, voltage: 4247, temperature: 228, technology: Li-ion, AC powered:false, USB powered:false, Wireless powered:false, icon:17303534, invalid charger:0, online:1, current avg:-1, charge type:0, power sharing:false
D/BatteryService(  695): Sending ACTION_BATTERY_CHANGED.
D/KeyguardUpdateMonitor(  969): received broadcast android.intent.action.BATTERY_CHANGED
D/KeyguardUpdateMonitor(  969): handleBatteryUpdate
D/STATUSBAR-PhoneStatusBar(  969):  mBrightnessEnablebySettings = true mBrightnessEnablebyBattery = true mBrightnessEnablebyDisableFlag = true mPmsBrightnessEnablebySettings = true
I/DMApp   ( 2502): sendMessage : INTERRUPT_BATTERY_HIGH
I/DMApp   ( 2502): handleMessage obj.msg =INTERRUPT_BATTERY_HIGH
D/BatteryMeterView(  969): ACTION_BATTERY_CHANGED : level:96 status:3 health:2
I/DMStateMachine( 2502): StateMachine: handleMessage() msg: INTERRUPT_BATTERY_HIGH in IDLE
D/AT_Distributor(  394): Send Msg [UART > ATD] 1 bytes <>
D/BatteryService(  695): level:96, scale:100, status:3, health:2, present:true, voltage: 4238, temperature: 228, technology: Li-ion, AC powered:false, USB powered:false, Wireless powered:false, icon:17303534, invalid charger:0, online:1, current avg:-1, charge type:0, power sharing:false
D/BatteryService(  695): Sending ACTION_BATTERY_CHANGED.
D/AT_Distributor(  394): Send Msg [UART > ATD] 1 bytes <>
V/AlarmManager(  695): waitForAlarm result :4
D/KeyguardUpdateMonitor(  969): received broadcast android.intent.action.BATTERY_CHANGED
D/KeyguardUpdateMonitor(  969): handleBatteryUpdate
D/STATUSBAR-PhoneStatusBar(  969):  mBrightnessEnablebySettings = true mBrightnessEnablebyBattery = true mBrightnessEnablebyDisableFlag = true mPmsBrightnessEnablebySettings = true
D/BatteryMeterView(  969): ACTION_BATTERY_CHANGED : level:96 status:3 health:2
V/AlarmManager(  695): trigger ELAPSED_REALTIME_WAKEUP or RTC_WAKEUP
I/DMApp   ( 2502): sendMessage : INTERRUPT_BATTERY_HIGH
I/DMApp   ( 2502): handleMessage obj.msg =INTERRUPT_BATTERY_HIGH
I/DMStateMachine( 2502): StateMachine: handleMessage() msg: INTERRUPT_BATTERY_HIGH in IDLE
I/Zone:com.sprint.zone.lib.selfcare.core.service.TaskAlarm(10634): onReceive - keyParamList size [1]
I/Zone:com.sprint.zone.lib.selfcare.core.service.SelfCareService(10634): SelfCareService onStartCommand() - flags [0] - startId [1]
I/Zone:com.sprint.zone.lib.selfcare.core.service.SelfCareService(10634): SelfCareService onHandleIntent() - at start
I/Zone:com.sprint.zone.lib.selfcare.core.service.SelfCareService(10634): SelfCareService is allowed to log diagnostics testcases...OK
I/Zone:com.sprint.zone.lib.carrier.CarrierZone(10634): Reseller ID:Sprint
I/Zone:com.sprint.zone.lib.carrier.CarrierZone(10634): CarrierBrand version: 4
I/Zone:com.sprint.zone.lib.carrier.CarrierZone(10634): isResellerSupported: true
I/Zone:com.sprint.zone.lib.selfcare.core.service.SelfCareService(10634): SelfCareService isTestCaseAllowed? true - isBatteryLow? false
I/Zone:com.sprint.zone.lib.selfcare.core.service.SelfCareService(10634): SelfCareService passed FactoryDefault & ResellerID check.
I/Zone:com.sprint.zone.lib.selfcare.core.service.SelfCareService(10634): SelfCareService Intent<ACTION:>com.sprint.zone.action.EXECUTE_SELECTED_TESTCASES
I/Zone:com.sprint.zone.lib.selfcare.core.service.SelfCareService(10634): SelfCareService received Intent: <<Execute SOME testcases>>
I/Zone:com.sprint.zone.lib.selfcare.core.service.SelfCareService(10634): SelfCareService - adding selected test case for id [903]
I/Zone:com.sprint.zone.lib.selfcare.core.service.SelfCareService(10634): SelfCareService - before execution of test cases - number of tests [1]
I/Zone:com.sprint.zone.lib.selfcare.core.testcases.TestCase903(10634): Reporting TestCase903 to content-provider
I/Zone:com.sprint.zone.lib.selfcare.core.data.SelfCareContentProvider(10634): TestResult(runStatus:RUN_OKAY, testStatus:PASS, case_id:903, description:Battery status, type:notification, expiration:2419200000)
I/Zone:com.sprint.zone.lib.selfcare.core.data.SelfCareContentProvider(10634): Test results inserted into Result table.
I/Zone:com.sprint.zone.lib.selfcare.core.data.SelfCareContentProvider(10634): Notifications table has been populated.
D/AT_Distributor(  394): Send Msg [UART > ATD] 1 bytes <>
D/BatteryService(  695): level:96, scale:100, status:3, health:2, present:true, voltage: 4255, temperature: 228, technology: Li-ion, AC powered:false, USB powered:false, Wireless powered:false, icon:17303534, invalid charger:0, online:1, current avg:-1, charge type:0, power sharing:false
D/BatteryService(  695): Sending ACTION_BATTERY_CHANGED.
D/KeyguardUpdateMonitor(  969): received broadcast android.intent.action.BATTERY_CHANGED
D/KeyguardUpdateMonitor(  969): handleBatteryUpdate
D/STATUSBAR-PhoneStatusBar(  969):  mBrightnessEnablebySettings = true mBrightnessEnablebyBattery = true mBrightnessEnablebyDisableFlag = true mPmsBrightnessEnablebySettings = true
D/BatteryMeterView(  969): ACTION_BATTERY_CHANGED : level:96 status:3 health:2
I/DMApp   ( 2502): sendMessage : INTERRUPT_BATTERY_HIGH
I/DMApp   ( 2502): handleMessage obj.msg =INTERRUPT_BATTERY_HIGH
I/DMStateMachine( 2502): StateMachine: handleMessage() msg: INTERRUPT_BATTERY_HIGH in IDLE
D/BatteryService(  695): level:96, scale:100, status:3, health:2, present:true, voltage: 4247, temperature: 228, technology: Li-ion, AC powered:false, USB powered:false, Wireless powered:false, icon:17303534, invalid charger:0, online:1, current avg:-1, charge type:0, power sharing:false
D/BatteryService(  695): Sending ACTION_BATTERY_CHANGED.
D/KeyguardUpdateMonitor(  969): received broadcast android.intent.action.BATTERY_CHANGED
D/KeyguardUpdateMonitor(  969): handleBatteryUpdate
D/STATUSBAR-PhoneStatusBar(  969):  mBrightnessEnablebySettings = true mBrightnessEnablebyBattery = true mBrightnessEnablebyDisableFlag = true mPmsBrightnessEnablebySettings = true
D/BatteryMeterView(  969): ACTION_BATTERY_CHANGED : level:96 status:3 health:2
I/DMApp   ( 2502): sendMessage : INTERRUPT_BATTERY_HIGH
I/DMApp   ( 2502): handleMessage obj.msg =INTERRUPT_BATTERY_HIGH
I/DMStateMachine( 2502): StateMachine: handleMessage() msg: INTERRUPT_BATTERY_HIGH in IDLE
D/AT_Distributor(  394): Send Msg [UART > ATD] 1 bytes <>
D/BatteryService(  695): level:96, scale:100, status:3, health:2, present:true, voltage: 4240, temperature: 228, technology: Li-ion, AC powered:false, USB powered:false, Wireless powered:false, icon:17303534, invalid charger:0, online:1, current avg:-1, charge type:0, power sharing:false
D/BatteryService(  695): Sending ACTION_BATTERY_CHANGED.
D/KeyguardUpdateMonitor(  969): received broadcast android.intent.action.BATTERY_CHANGED
D/KeyguardUpdateMonitor(  969): handleBatteryUpdate
D/STATUSBAR-PhoneStatusBar(  969):  mBrightnessEnablebySettings = true mBrightnessEnablebyBattery = true mBrightnessEnablebyDisableFlag = true mPmsBrightnessEnablebySettings = true
D/BatteryMeterView(  969): ACTION_BATTERY_CHANGED : level:96 status:3 health:2
I/DMApp   ( 2502): sendMessage : INTERRUPT_BATTERY_HIGH
I/DMApp   ( 2502): handleMessage obj.msg =INTERRUPT_BATTERY_HIGH
I/DMStateMachine( 2502): StateMachine: handleMessage() msg: INTERRUPT_BATTERY_HIGH in IDLE
D/AT_Distributor(  394): Send Msg [UART > ATD] 1 bytes <>
V/AlarmManager(  695): waitForAlarm result :8
D/BatteryService(  695): level:96, scale:100, status:3, health:2, present:true, voltage: 4247, temperature: 228, technology: Li-ion, AC powered:false, USB powered:false, Wireless powered:false, icon:17303534, invalid charger:0, online:1, current avg:-1, charge type:0, power sharing:false
D/BatteryService(  695): Sending ACTION_BATTERY_CHANGED.
D/KeyguardUpdateMonitor(  969): received broadcast android.intent.action.BATTERY_CHANGED
D/KeyguardUpdateMonitor(  969): handleBatteryUpdate
D/STATUSBAR-PhoneStatusBar(  969):  mBrightnessEnablebySettings = true mBrightnessEnablebyBattery = true mBrightnessEnablebyDisableFlag = true mPmsBrightnessEnablebySettings = true
D/BatteryMeterView(  969): ACTION_BATTERY_CHANGED : level:96 status:3 health:2
I/DMApp   ( 2502): sendMessage : INTERRUPT_BATTERY_HIGH
I/DMApp   ( 2502): handleMessage obj.msg =INTERRUPT_BATTERY_HIGH
I/DMStateMachine( 2502): StateMachine: handleMessage() msg: INTERRUPT_BATTERY_HIGH in IDLE
D/AT_Distributor(  394): Send Msg [UART > ATD] 1 bytes <>
D/BatteryService(  695): level:96, scale:100, status:3, health:2, present:true, voltage: 4250, temperature: 228, technology: Li-ion, AC powered:false, USB powered:false, Wireless powered:false, icon:17303534, invalid charger:0, online:1, current avg:-1, charge type:0, power sharing:false
D/BatteryService(  695): Sending ACTION_BATTERY_CHANGED.
D/KeyguardUpdateMonitor(  969): received broadcast android.intent.action.BATTERY_CHANGED
D/KeyguardUpdateMonitor(  969): handleBatteryUpdate
D/STATUSBAR-PhoneStatusBar(  969):  mBrightnessEnablebySettings = true mBrightnessEnablebyBattery = true mBrightnessEnablebyDisableFlag = true mPmsBrightnessEnablebySettings = true
D/BatteryMeterView(  969): ACTION_BATTERY_CHANGED : level:96 status:3 health:2
I/DMApp   ( 2502): sendMessage : INTERRUPT_BATTERY_HIGH
I/DMApp   ( 2502): handleMessage obj.msg =INTERRUPT_BATTERY_HIGH
I/DMStateMachine( 2502): StateMachine: handleMessage() msg: INTERRUPT_BATTERY_HIGH in IDLE
D/AT_Distributor(  394): Send Msg [UART > ATD] 1 bytes <>
D/BatteryService(  695): level:96, scale:100, status:3, health:2, present:true, voltage: 4247, temperature: 227, technology: Li-ion, AC powered:false, USB powered:false, Wireless powered:false, icon:17303534, invalid charger:0, online:1, current avg:-1, charge type:0, power sharing:false
D/BatteryService(  695): Sending ACTION_BATTERY_CHANGED.
D/KeyguardUpdateMonitor(  969): received broadcast android.intent.action.BATTERY_CHANGED
D/KeyguardUpdateMonitor(  969): handleBatteryUpdate
D/STATUSBAR-PhoneStatusBar(  969):  mBrightnessEnablebySettings = true mBrightnessEnablebyBattery = true mBrightnessEnablebyDisableFlag = true mPmsBrightnessEnablebySettings = true
D/BatteryMeterView(  969): ACTION_BATTERY_CHANGED : level:96 status:3 health:2
I/DMApp   ( 2502): sendMessage : INTERRUPT_BATTERY_HIGH
I/DMApp   ( 2502): handleMessage obj.msg =INTERRUPT_BATTERY_HIGH
I/DMStateMachine( 2502): StateMachine: handleMessage() msg: INTERRUPT_BATTERY_HIGH in IDLE
D/AT_Distributor(  394): Send Msg [UART > ATD] 1 bytes <>
D/BatteryService(  695): level:96, scale:100, status:3, health:2, present:true, voltage: 4251, temperature: 228, technology: Li-ion, AC powered:false, USB powered:false, Wireless powered:false, icon:17303534, invalid charger:0, online:1, current avg:-1, charge type:0, power sharing:false
D/BatteryService(  695): Sending ACTION_BATTERY_CHANGED.
D/KeyguardUpdateMonitor(  969): received broadcast android.intent.action.BATTERY_CHANGED
D/STATUSBAR-PhoneStatusBar(  969):  mBrightnessEnablebySettings = true mBrightnessEnablebyBattery = true mBrightnessEnablebyDisableFlag = true mPmsBrightnessEnablebySettings = true
D/KeyguardUpdateMonitor(  969): handleBatteryUpdate
D/BatteryMeterView(  969): ACTION_BATTERY_CHANGED : level:96 status:3 health:2
I/DMApp   ( 2502): sendMessage : INTERRUPT_BATTERY_HIGH
I/DMApp   ( 2502): handleMessage obj.msg =INTERRUPT_BATTERY_HIGH
I/DMStateMachine( 2502): StateMachine: handleMessage() msg: INTERRUPT_BATTERY_HIGH in IDLE
D/AT_Distributor(  394): Send Msg [UART > ATD] 1 bytes <>
D/BatteryService(  695): level:96, scale:100, status:3, health:2, present:true, voltage: 4243, temperature: 228, technology: Li-ion, AC powered:false, USB powered:false, Wireless powered:false, icon:17303534, invalid charger:0, online:1, current avg:-1, charge type:0, power sharing:false
D/BatteryService(  695): Sending ACTION_BATTERY_CHANGED.
D/KeyguardUpdateMonitor(  969): received broadcast android.intent.action.BATTERY_CHANGED
D/KeyguardUpdateMonitor(  969): handleBatteryUpdate
D/STATUSBAR-PhoneStatusBar(  969):  mBrightnessEnablebySettings = true mBrightnessEnablebyBattery = true mBrightnessEnablebyDisableFlag = true mPmsBrightnessEnablebySettings = true
D/BatteryMeterView(  969): ACTION_BATTERY_CHANGED : level:96 status:3 health:2
I/DMApp   ( 2502): sendMessage : INTERRUPT_BATTERY_HIGH
I/DMApp   ( 2502): handleMessage obj.msg =INTERRUPT_BATTERY_HIGH
I/DMStateMachine( 2502): StateMachine: handleMessage() msg: INTERRUPT_BATTERY_HIGH in IDLE
D/AT_Distributor(  394): Send Msg [UART > ATD] 1 bytes <>
D/BatteryService(  695): level:96, scale:100, status:3, health:2, present:true, voltage: 4246, temperature: 228, technology: Li-ion, AC powered:false, USB powered:false, Wireless powered:false, icon:17303534, invalid charger:0, online:1, current avg:-1, charge type:0, power sharing:false
D/BatteryService(  695): Sending ACTION_BATTERY_CHANGED.
D/KeyguardUpdateMonitor(  969): received broadcast android.intent.action.BATTERY_CHANGED
D/KeyguardUpdateMonitor(  969): handleBatteryUpdate
D/STATUSBAR-PhoneStatusBar(  969):  mBrightnessEnablebySettings = true mBrightnessEnablebyBattery = true mBrightnessEnablebyDisableFlag = true mPmsBrightnessEnablebySettings = true
D/BatteryMeterView(  969): ACTION_BATTERY_CHANGED : level:96 status:3 health:2
I/DMApp   ( 2502): sendMessage : INTERRUPT_BATTERY_HIGH
I/DMApp   ( 2502): handleMessage obj.msg =INTERRUPT_BATTERY_HIGH
I/DMStateMachine( 2502): StateMachine: handleMessage() msg: INTERRUPT_BATTERY_HIGH in IDLE
D/AT_Distributor(  394): Send Msg [UART > ATD] 1 bytes <>
V/AlarmManager(  695): waitForAlarm result :8
D/KeyguardClockWidgetService( 7087): onReceive action=android.intent.action.TIME_TICK
V/AlarmManager(  695): ClockReceiver onReceive() ACTION_TIME_TICK
D/KeyguardUpdateMonitor(  969): received broadcast android.intent.action.TIME_TICK
D/KeyguardUpdateMonitor(  969): handleTimeUpdate
D/STATUSBAR-IconMerger(  969): checkOverflow(336), More:false, Req:false Child:1
D/BatteryService(  695): level:96, scale:100, status:3, health:2, present:true, voltage: 4243, temperature: 228, technology: Li-ion, AC powered:false, USB powered:false, Wireless powered:false, icon:17303534, invalid charger:0, online:1, current avg:-1, charge type:0, power sharing:false
D/BatteryService(  695): Sending ACTION_BATTERY_CHANGED.
D/KeyguardUpdateMonitor(  969): received broadcast android.intent.action.BATTERY_CHANGED
D/KeyguardUpdateMonitor(  969): handleBatteryUpdate
D/STATUSBAR-PhoneStatusBar(  969):  mBrightnessEnablebySettings = true mBrightnessEnablebyBattery = true mBrightnessEnablebyDisableFlag = true mPmsBrightnessEnablebySettings = true
D/BatteryMeterView(  969): ACTION_BATTERY_CHANGED : level:96 status:3 health:2
I/DMApp   ( 2502): sendMessage : INTERRUPT_BATTERY_HIGH
I/DMApp   ( 2502): handleMessage obj.msg =INTERRUPT_BATTERY_HIGH
I/DMStateMachine( 2502): StateMachine: handleMessage() msg: INTERRUPT_BATTERY_HIGH in IDLE
E/Watchdog(  695): !@Sync 8288
D/AT_Distributor(  394): Send Msg [UART > ATD] 1 bytes <>
D/AT_Distributor(  394): Send Msg [UART > ATD] 1 bytes <>
D/BatteryService(  695): level:96, scale:100, status:3, health:2, present:true, voltage: 4247, temperature: 228, technology: Li-ion, AC powered:false, USB powered:false, Wireless powered:false, icon:17303534, invalid charger:0, online:1, current avg:-1, charge type:0, power sharing:false
D/BatteryService(  695): Sending ACTION_BATTERY_CHANGED.
D/KeyguardUpdateMonitor(  969): received broadcast android.intent.action.BATTERY_CHANGED
D/KeyguardUpdateMonitor(  969): handleBatteryUpdate
D/STATUSBAR-PhoneStatusBar(  969):  mBrightnessEnablebySettings = true mBrightnessEnablebyBattery = true mBrightnessEnablebyDisableFlag = true mPmsBrightnessEnablebySettings = true
D/BatteryMeterView(  969): ACTION_BATTERY_CHANGED : level:96 status:3 health:2
I/DMApp   ( 2502): sendMessage : INTERRUPT_BATTERY_HIGH
I/DMApp   ( 2502): handleMessage obj.msg =INTERRUPT_BATTERY_HIGH
I/DMStateMachine( 2502): StateMachine: handleMessage() msg: INTERRUPT_BATTERY_HIGH in IDLE
D/AT_Distributor(  394): Send Msg [UART > ATD] 1 bytes <>
D/BatteryService(  695): level:96, scale:100, status:3, health:2, present:true, voltage: 4246, temperature: 228, technology: Li-ion, AC powered:false, USB powered:false, Wireless powered:false, icon:17303534, invalid charger:0, online:1, current avg:-1, charge type:0, power sharing:false
D/BatteryService(  695): Sending ACTION_BATTERY_CHANGED.
D/KeyguardUpdateMonitor(  969): received broadcast android.intent.action.BATTERY_CHANGED
D/KeyguardUpdateMonitor(  969): handleBatteryUpdate
D/STATUSBAR-PhoneStatusBar(  969):  mBrightnessEnablebySettings = true mBrightnessEnablebyBattery = true mBrightnessEnablebyDisableFlag = true mPmsBrightnessEnablebySettings = true
D/BatteryMeterView(  969): ACTION_BATTERY_CHANGED : level:96 status:3 health:2
I/DMApp   ( 2502): sendMessage : INTERRUPT_BATTERY_HIGH
I/DMApp   ( 2502): handleMessage obj.msg =INTERRUPT_BATTERY_HIGH
I/DMStateMachine( 2502): StateMachine: handleMessage() msg: INTERRUPT_BATTERY_HIGH in IDLE
D/AT_Distributor(  394): Send Msg [UART > ATD] 1 bytes <>
D/BatteryService(  695): level:96, scale:100, status:3, health:2, present:true, voltage: 4238, temperature: 228, technology: Li-ion, AC powered:false, USB powered:false, Wireless powered:false, icon:17303534, invalid charger:0, online:1, current avg:-1, charge type:0, power sharing:false
D/BatteryService(  695): Sending ACTION_BATTERY_CHANGED.
D/KeyguardUpdateMonitor(  969): received broadcast android.intent.action.BATTERY_CHANGED
D/KeyguardUpdateMonitor(  969): handleBatteryUpdate
D/STATUSBAR-PhoneStatusBar(  969):  mBrightnessEnablebySettings = true mBrightnessEnablebyBattery = true mBrightnessEnablebyDisableFlag = true mPmsBrightnessEnablebySettings = true
I/DMApp   ( 2502): sendMessage : INTERRUPT_BATTERY_HIGH
I/DMApp   ( 2502): handleMessage obj.msg =INTERRUPT_BATTERY_HIGH
I/DMStateMachine( 2502): StateMachine: handleMessage() msg: INTERRUPT_BATTERY_HIGH in IDLE
D/BatteryMeterView(  969): ACTION_BATTERY_CHANGED : level:96 status:3 health:2
D/AT_Distributor(  394): Send Msg [UART > ATD] 1 bytes <>
D/BatteryService(  695): level:96, scale:100, status:3, health:2, present:true, voltage: 4250, temperature: 229, technology: Li-ion, AC powered:false, USB powered:false, Wireless powered:false, icon:17303534, invalid charger:0, online:1, current avg:-1, charge type:0, power sharing:false
D/BatteryService(  695): Sending ACTION_BATTERY_CHANGED.
D/KeyguardUpdateMonitor(  969): received broadcast android.intent.action.BATTERY_CHANGED
D/KeyguardUpdateMonitor(  969): handleBatteryUpdate
D/STATUSBAR-PhoneStatusBar(  969):  mBrightnessEnablebySettings = true mBrightnessEnablebyBattery = true mBrightnessEnablebyDisableFlag = true mPmsBrightnessEnablebySettings = true
D/BatteryMeterView(  969): ACTION_BATTERY_CHANGED : level:96 status:3 health:2
I/DMApp   ( 2502): sendMessage : INTERRUPT_BATTERY_HIGH
I/DMApp   ( 2502): handleMessage obj.msg =INTERRUPT_BATTERY_HIGH
I/DMStateMachine( 2502): StateMachine: handleMessage() msg: INTERRUPT_BATTERY_HIGH in IDLE
D/AT_Distributor(  394): Send Msg [UART > ATD] 1 bytes <>
D/BatteryService(  695): level:96, scale:100, status:3, health:2, present:true, voltage: 4245, temperature: 229, technology: Li-ion, AC powered:false, USB powered:false, Wireless powered:false, icon:17303534, invalid charger:0, online:1, current avg:-1, charge type:0, power sharing:false
D/BatteryService(  695): Sending ACTION_BATTERY_CHANGED.
D/KeyguardUpdateMonitor(  969): received broadcast android.intent.action.BATTERY_CHANGED
D/STATUSBAR-PhoneStatusBar(  969):  mBrightnessEnablebySettings = true mBrightnessEnablebyBattery = true mBrightnessEnablebyDisableFlag = true mPmsBrightnessEnablebySettings = true
D/KeyguardUpdateMonitor(  969): handleBatteryUpdate
I/DMApp   ( 2502): sendMessage : INTERRUPT_BATTERY_HIGH
I/DMApp   ( 2502): handleMessage obj.msg =INTERRUPT_BATTERY_HIGH
I/DMStateMachine( 2502): StateMachine: handleMessage() msg: INTERRUPT_BATTERY_HIGH in IDLE
D/BatteryMeterView(  969): ACTION_BATTERY_CHANGED : level:96 status:3 health:2
D/AT_Distributor(  394): Send Msg [UART > ATD] 1 bytes <>
D/BatteryService(  695): level:96, scale:100, status:3, health:2, present:true, voltage: 4245, temperature: 228, technology: Li-ion, AC powered:false, USB powered:false, Wireless powered:false, icon:17303534, invalid charger:0, online:1, current avg:-1, charge type:0, power sharing:false
D/BatteryService(  695): Sending ACTION_BATTERY_CHANGED.
D/KeyguardUpdateMonitor(  969): received broadcast android.intent.action.BATTERY_CHANGED
D/KeyguardUpdateMonitor(  969): handleBatteryUpdate
D/STATUSBAR-PhoneStatusBar(  969):  mBrightnessEnablebySettings = true mBrightnessEnablebyBattery = true mBrightnessEnablebyDisableFlag = true mPmsBrightnessEnablebySettings = true
D/BatteryMeterView(  969): ACTION_BATTERY_CHANGED : level:96 status:3 health:2
I/DMApp   ( 2502): sendMessage : INTERRUPT_BATTERY_HIGH
I/DMApp   ( 2502): handleMessage obj.msg =INTERRUPT_BATTERY_HIGH
I/DMStateMachine( 2502): StateMachine: handleMessage() msg: INTERRUPT_BATTERY_HIGH in IDLE
D/AT_Distributor(  394): Send Msg [UART > ATD] 1 bytes <>
D/BatteryService(  695): level:96, scale:100, status:3, health:2, present:true, voltage: 4233, temperature: 228, technology: Li-ion, AC powered:false, USB powered:false, Wireless powered:false, icon:17303534, invalid charger:0, online:1, current avg:-1, charge type:0, power sharing:false
D/BatteryService(  695): Sending ACTION_BATTERY_CHANGED.
D/KeyguardUpdateMonitor(  969): received broadcast android.intent.action.BATTERY_CHANGED
D/KeyguardUpdateMonitor(  969): handleBatteryUpdate
D/STATUSBAR-PhoneStatusBar(  969):  mBrightnessEnablebySettings = true mBrightnessEnablebyBattery = true mBrightnessEnablebyDisableFlag = true mPmsBrightnessEnablebySettings = true
D/BatteryMeterView(  969): ACTION_BATTERY_CHANGED : level:96 status:3 health:2
I/DMApp   ( 2502): sendMessage : INTERRUPT_BATTERY_HIGH
I/DMApp   ( 2502): handleMessage obj.msg =INTERRUPT_BATTERY_HIGH
I/DMStateMachine( 2502): StateMachine: handleMessage() msg: INTERRUPT_BATTERY_HIGH in IDLE
D/AT_Distributor(  394): Send Msg [UART > ATD] 1 bytes <>
I/PowerManagerService(  695): [PWL] Off : 1123s ago
D/BatteryService(  695): level:96, scale:100, status:3, health:2, present:true, voltage: 4247, temperature: 228, technology: Li-ion, AC powered:false, USB powered:false, Wireless powered:false, icon:17303534, invalid charger:0, online:1, current avg:-1, charge type:0, power sharing:false
D/BatteryService(  695): Sending ACTION_BATTERY_CHANGED.
D/KeyguardUpdateMonitor(  969): received broadcast android.intent.action.BATTERY_CHANGED
D/KeyguardUpdateMonitor(  969): handleBatteryUpdate
D/STATUSBAR-PhoneStatusBar(  969):  mBrightnessEnablebySettings = true mBrightnessEnablebyBattery = true mBrightnessEnablebyDisableFlag = true mPmsBrightnessEnablebySettings = true
D/BatteryMeterView(  969): ACTION_BATTERY_CHANGED : level:96 status:3 health:2
I/DMApp   ( 2502): sendMessage : INTERRUPT_BATTERY_HIGH
I/DMApp   ( 2502): handleMessage obj.msg =INTERRUPT_BATTERY_HIGH
I/DMStateMachine( 2502): StateMachine: handleMessage() msg: INTERRUPT_BATTERY_HIGH in IDLE
D/AT_Distributor(  394): Send Msg [UART > ATD] 1 bytes <>
D/BatteryService(  695): level:96, scale:100, status:3, health:2, present:true, voltage: 4248, temperature: 228, technology: Li-ion, AC powered:false, USB powered:false, Wireless powered:false, icon:17303534, invalid charger:0, online:1, current avg:-1, charge type:0, power sharing:false
D/BatteryService(  695): Sending ACTION_BATTERY_CHANGED.
D/KeyguardUpdateMonitor(  969): received broadcast android.intent.action.BATTERY_CHANGED
D/KeyguardUpdateMonitor(  969): handleBatteryUpdate
D/STATUSBAR-PhoneStatusBar(  969):  mBrightnessEnablebySettings = true mBrightnessEnablebyBattery = true mBrightnessEnablebyDisableFlag = true mPmsBrightnessEnablebySettings = true
D/BatteryMeterView(  969): ACTION_BATTERY_CHANGED : level:96 status:3 health:2
I/DMApp   ( 2502): sendMessage : INTERRUPT_BATTERY_HIGH
I/DMApp   ( 2502): handleMessage obj.msg =INTERRUPT_BATTERY_HIGH
I/DMStateMachine( 2502): StateMachine: handleMessage() msg: INTERRUPT_BATTERY_HIGH in IDLE
D/AT_Distributor(  394): Send Msg [UART > ATD] 1 bytes <>
D/BatteryService(  695): level:96, scale:100, status:3, health:2, present:true, voltage: 4247, temperature: 228, technology: Li-ion, AC powered:false, USB powered:false, Wireless powered:false, icon:17303534, invalid charger:0, online:1, current avg:-1, charge type:0, power sharing:false
D/BatteryService(  695): Sending ACTION_BATTERY_CHANGED.
D/KeyguardUpdateMonitor(  969): received broadcast android.intent.action.BATTERY_CHANGED
D/KeyguardUpdateMonitor(  969): handleBatteryUpdate
D/STATUSBAR-PhoneStatusBar(  969):  mBrightnessEnablebySettings = true mBrightnessEnablebyBattery = true mBrightnessEnablebyDisableFlag = true mPmsBrightnessEnablebySettings = true
D/BatteryMeterView(  969): ACTION_BATTERY_CHANGED : level:96 status:3 health:2
I/DMApp   ( 2502): sendMessage : INTERRUPT_BATTERY_HIGH
I/DMApp   ( 2502): handleMessage obj.msg =INTERRUPT_BATTERY_HIGH
I/DMStateMachine( 2502): StateMachine: handleMessage() msg: INTERRUPT_BATTERY_HIGH in IDLE
D/AT_Distributor(  394): Send Msg [UART > ATD] 1 bytes <>
D/BatteryService(  695): level:96, scale:100, status:3, health:2, present:true, voltage: 4243, temperature: 227, technology: Li-ion, AC powered:false, USB powered:false, Wireless powered:false, icon:17303534, invalid charger:0, online:1, current avg:-1, charge type:0, power sharing:false
D/BatteryService(  695): Sending ACTION_BATTERY_CHANGED.
D/KeyguardUpdateMonitor(  969): received broadcast android.intent.action.BATTERY_CHANGED
D/KeyguardUpdateMonitor(  969): handleBatteryUpdate
D/STATUSBAR-PhoneStatusBar(  969):  mBrightnessEnablebySettings = true mBrightnessEnablebyBattery = true mBrightnessEnablebyDisableFlag = true mPmsBrightnessEnablebySettings = true
D/BatteryMeterView(  969): ACTION_BATTERY_CHANGED : level:96 status:3 health:2
I/DMApp   ( 2502): sendMessage : INTERRUPT_BATTERY_HIGH
I/DMApp   ( 2502): handleMessage obj.msg =INTERRUPT_BATTERY_HIGH
I/DMStateMachine( 2502): StateMachine: handleMessage() msg: INTERRUPT_BATTERY_HIGH in IDLE
D/AT_Distributor(  394): Send Msg [UART > ATD] 1 bytes <>
D/AT_Distributor(  394): Send Msg [UART > ATD] 1 bytes <>
D/BatteryService(  695): level:96, scale:100, status:3, health:2, present:true, voltage: 4247, temperature: 227, technology: Li-ion, AC powered:false, USB powered:false, Wireless powered:false, icon:17303534, invalid charger:0, online:1, current avg:-1, charge type:0, power sharing:false
D/BatteryService(  695): Sending ACTION_BATTERY_CHANGED.
D/KeyguardUpdateMonitor(  969): received broadcast android.intent.action.BATTERY_CHANGED
D/KeyguardUpdateMonitor(  969): handleBatteryUpdate
D/BatteryMeterView(  969): ACTION_BATTERY_CHANGED : level:96 status:3 health:2
D/STATUSBAR-PhoneStatusBar(  969):  mBrightnessEnablebySettings = true mBrightnessEnablebyBattery = true mBrightnessEnablebyDisableFlag = true mPmsBrightnessEnablebySettings = true
I/DMApp   ( 2502): sendMessage : INTERRUPT_BATTERY_HIGH
I/DMApp   ( 2502): handleMessage obj.msg =INTERRUPT_BATTERY_HIGH
I/DMStateMachine( 2502): StateMachine: handleMessage() msg: INTERRUPT_BATTERY_HIGH in IDLE
D/AT_Distributor(  394): Send Msg [UART > ATD] 1 bytes <>
D/AT_Distributor(  394): Send Msg [UART > ATD] 1 bytes <>
D/AT_Distributor(  394): Send Msg [UART > ATD] 1 bytes <>
V/AlarmManager(  695): waitForAlarm result :8
D/KeyguardClockWidgetService( 7087): onReceive action=android.intent.action.TIME_TICK
V/AlarmManager(  695): ClockReceiver onReceive() ACTION_TIME_TICK
D/KeyguardUpdateMonitor(  969): received broadcast android.intent.action.TIME_TICK
D/KeyguardUpdateMonitor(  969): handleTimeUpdate
D/STATUSBAR-IconMerger(  969): checkOverflow(336), More:false, Req:false Child:1
D/AT_Distributor(  394): Send Msg [UART > ATD] 1 bytes <>
D/BatteryService(  695): level:96, scale:100, status:3, health:2, present:true, voltage: 4251, temperature: 227, technology: Li-ion, AC powered:false, USB powered:false, Wireless powered:false, icon:17303534, invalid charger:0, online:1, current avg:-1, charge type:0, power sharing:false
D/BatteryService(  695): Sending ACTION_BATTERY_CHANGED.
D/KeyguardUpdateMonitor(  969): received broadcast android.intent.action.BATTERY_CHANGED
D/KeyguardUpdateMonitor(  969): handleBatteryUpdate
D/STATUSBAR-PhoneStatusBar(  969):  mBrightnessEnablebySettings = true mBrightnessEnablebyBattery = true mBrightnessEnablebyDisableFlag = true mPmsBrightnessEnablebySettings = true
D/BatteryMeterView(  969): ACTION_BATTERY_CHANGED : level:96 status:3 health:2
I/DMApp   ( 2502): sendMessage : INTERRUPT_BATTERY_HIGH
I/DMApp   ( 2502): handleMessage obj.msg =INTERRUPT_BATTERY_HIGH
I/DMStateMachine( 2502): StateMachine: handleMessage() msg: INTERRUPT_BATTERY_HIGH in IDLE
D/AT_Distributor(  394): Send Msg [UART > ATD] 1 bytes <>
D/BatteryService(  695): level:96, scale:100, status:3, health:2, present:true, voltage: 4251, temperature: 226, technology: Li-ion, AC powered:false, USB powered:false, Wireless powered:false, icon:17303534, invalid charger:0, online:1, current avg:-1, charge type:0, power sharing:false
D/BatteryService(  695): Sending ACTION_BATTERY_CHANGED.
D/KeyguardUpdateMonitor(  969): received broadcast android.intent.action.BATTERY_CHANGED
D/BatteryMeterView(  969): ACTION_BATTERY_CHANGED : level:96 status:3 health:2
D/KeyguardUpdateMonitor(  969): handleBatteryUpdate
D/STATUSBAR-PhoneStatusBar(  969):  mBrightnessEnablebySettings = true mBrightnessEnablebyBattery = true mBrightnessEnablebyDisableFlag = true mPmsBrightnessEnablebySettings = true
I/DMApp   ( 2502): sendMessage : INTERRUPT_BATTERY_HIGH
I/DMApp   ( 2502): handleMessage obj.msg =INTERRUPT_BATTERY_HIGH
I/DMStateMachine( 2502): StateMachine: handleMessage() msg: INTERRUPT_BATTERY_HIGH in IDLE
D/AT_Distributor(  394): Send Msg [UART > ATD] 1 bytes <>
D/BatteryService(  695): level:96, scale:100, status:3, health:2, present:true, voltage: 4245, temperature: 226, technology: Li-ion, AC powered:false, USB powered:false, Wireless powered:false, icon:17303534, invalid charger:0, online:1, current avg:-1, charge type:0, power sharing:false
D/BatteryService(  695): Sending ACTION_BATTERY_CHANGED.
D/KeyguardUpdateMonitor(  969): received broadcast android.intent.action.BATTERY_CHANGED
D/KeyguardUpdateMonitor(  969): handleBatteryUpdate
D/STATUSBAR-PhoneStatusBar(  969):  mBrightnessEnablebySettings = true mBrightnessEnablebyBattery = true mBrightnessEnablebyDisableFlag = true mPmsBrightnessEnablebySettings = true
D/BatteryMeterView(  969): ACTION_BATTERY_CHANGED : level:96 status:3 health:2
I/DMApp   ( 2502): sendMessage : INTERRUPT_BATTERY_HIGH
I/DMApp   ( 2502): handleMessage obj.msg =INTERRUPT_BATTERY_HIGH
I/DMStateMachine( 2502): StateMachine: handleMessage() msg: INTERRUPT_BATTERY_HIGH in IDLE
D/AT_Distributor(  394): Send Msg [UART > ATD] 1 bytes <>
D/BatteryService(  695): level:96, scale:100, status:3, health:2, present:true, voltage: 4248, temperature: 226, technology: Li-ion, AC powered:false, USB powered:false, Wireless powered:false, icon:17303534, invalid charger:0, online:1, current avg:-1, charge type:0, power sharing:false
D/BatteryService(  695): Sending ACTION_BATTERY_CHANGED.
D/KeyguardUpdateMonitor(  969): received broadcast android.intent.action.BATTERY_CHANGED
D/KeyguardUpdateMonitor(  969): handleBatteryUpdate
D/STATUSBAR-PhoneStatusBar(  969):  mBrightnessEnablebySettings = true mBrightnessEnablebyBattery = true mBrightnessEnablebyDisableFlag = true mPmsBrightnessEnablebySettings = true
D/BatteryMeterView(  969): ACTION_BATTERY_CHANGED : level:96 status:3 health:2
I/DMApp   ( 2502): sendMessage : INTERRUPT_BATTERY_HIGH
I/DMApp   ( 2502): handleMessage obj.msg =INTERRUPT_BATTERY_HIGH
I/DMStateMachine( 2502): StateMachine: handleMessage() msg: INTERRUPT_BATTERY_HIGH in IDLE
D/AT_Distributor(  394): Send Msg [UART > ATD] 1 bytes <>
D/BatteryService(  695): level:96, scale:100, status:3, health:2, present:true, voltage: 4247, temperature: 226, technology: Li-ion, AC powered:false, USB powered:false, Wireless powered:false, icon:17303534, invalid charger:0, online:1, current avg:-1, charge type:0, power sharing:false
D/BatteryService(  695): Sending ACTION_BATTERY_CHANGED.
D/KeyguardUpdateMonitor(  969): received broadcast android.intent.action.BATTERY_CHANGED
D/STATUSBAR-PhoneStatusBar(  969):  mBrightnessEnablebySettings = true mBrightnessEnablebyBattery = true mBrightnessEnablebyDisableFlag = true mPmsBrightnessEnablebySettings = true
D/KeyguardUpdateMonitor(  969): handleBatteryUpdate
D/BatteryMeterView(  969): ACTION_BATTERY_CHANGED : level:96 status:3 health:2
I/DMApp   ( 2502): sendMessage : INTERRUPT_BATTERY_HIGH
I/DMApp   ( 2502): handleMessage obj.msg =INTERRUPT_BATTERY_HIGH
I/DMStateMachine( 2502): StateMachine: handleMessage() msg: INTERRUPT_BATTERY_HIGH in IDLE
D/AT_Distributor(  394): Send Msg [UART > ATD] 1 bytes <>
D/BatteryService(  695): level:96, scale:100, status:3, health:2, present:true, voltage: 4250, temperature: 226, technology: Li-ion, AC powered:false, USB powered:false, Wireless powered:false, icon:17303534, invalid charger:0, online:1, current avg:-1, charge type:0, power sharing:false
D/BatteryService(  695): Sending ACTION_BATTERY_CHANGED.
D/KeyguardUpdateMonitor(  969): received broadcast android.intent.action.BATTERY_CHANGED
D/KeyguardUpdateMonitor(  969): handleBatteryUpdate
D/STATUSBAR-PhoneStatusBar(  969):  mBrightnessEnablebySettings = true mBrightnessEnablebyBattery = true mBrightnessEnablebyDisableFlag = true mPmsBrightnessEnablebySettings = true
D/BatteryMeterView(  969): ACTION_BATTERY_CHANGED : level:96 status:3 health:2
I/DMApp   ( 2502): sendMessage : INTERRUPT_BATTERY_HIGH
I/DMApp   ( 2502): handleMessage obj.msg =INTERRUPT_BATTERY_HIGH
I/DMStateMachine( 2502): StateMachine: handleMessage() msg: INTERRUPT_BATTERY_HIGH in IDLE
D/AT_Distributor(  394): Send Msg [UART > ATD] 1 bytes <>
D/BatteryService(  695): level:96, scale:100, status:3, health:2, present:true, voltage: 4246, temperature: 226, technology: Li-ion, AC powered:false, USB powered:false, Wireless powered:false, icon:17303534, invalid charger:0, online:1, current avg:-1, charge type:0, power sharing:false
D/BatteryService(  695): Sending ACTION_BATTERY_CHANGED.
D/KeyguardUpdateMonitor(  969): received broadcast android.intent.action.BATTERY_CHANGED
D/KeyguardUpdateMonitor(  969): handleBatteryUpdate
D/STATUSBAR-PhoneStatusBar(  969):  mBrightnessEnablebySettings = true mBrightnessEnablebyBattery = true mBrightnessEnablebyDisableFlag = true mPmsBrightnessEnablebySettings = true
D/BatteryMeterView(  969): ACTION_BATTERY_CHANGED : level:96 status:3 health:2
I/DMApp   ( 2502): sendMessage : INTERRUPT_BATTERY_HIGH
I/DMApp   ( 2502): handleMessage obj.msg =INTERRUPT_BATTERY_HIGH
I/DMStateMachine( 2502): StateMachine: handleMessage() msg: INTERRUPT_BATTERY_HIGH in IDLE
D/AT_Distributor(  394): Send Msg [UART > ATD] 1 bytes <>
D/BatteryService(  695): level:96, scale:100, status:3, health:2, present:true, voltage: 4251, temperature: 226, technology: Li-ion, AC powered:false, USB powered:false, Wireless powered:false, icon:17303534, invalid charger:0, online:1, current avg:-1, charge type:0, power sharing:false
D/BatteryService(  695): Sending ACTION_BATTERY_CHANGED.
D/KeyguardUpdateMonitor(  969): received broadcast android.intent.action.BATTERY_CHANGED
D/KeyguardUpdateMonitor(  969): handleBatteryUpdate
D/STATUSBAR-PhoneStatusBar(  969):  mBrightnessEnablebySettings = true mBrightnessEnablebyBattery = true mBrightnessEnablebyDisableFlag = true mPmsBrightnessEnablebySettings = true
D/BatteryMeterView(  969): ACTION_BATTERY_CHANGED : level:96 status:3 health:2
I/DMApp   ( 2502): sendMessage : INTERRUPT_BATTERY_HIGH
I/DMApp   ( 2502): handleMessage obj.msg =INTERRUPT_BATTERY_HIGH
I/DMStateMachine( 2502): StateMachine: handleMessage() msg: INTERRUPT_BATTERY_HIGH in IDLE
V/AlarmManager(  695): waitForAlarm result :8
D/KeyguardClockWidgetService( 7087): onReceive action=android.intent.action.TIME_TICK
V/AlarmManager(  695): ClockReceiver onReceive() ACTION_TIME_TICK
D/KeyguardUpdateMonitor(  969): received broadcast android.intent.action.TIME_TICK
D/KeyguardUpdateMonitor(  969): handleTimeUpdate
D/STATUSBAR-IconMerger(  969): checkOverflow(336), More:false, Req:false Child:1
D/AT_Distributor(  394): Send Msg [UART > ATD] 1 bytes <>
D/BatteryService(  695): level:96, scale:100, status:3, health:2, present:true, voltage: 4232, temperature: 226, technology: Li-ion, AC powered:false, USB powered:false, Wireless powered:false, icon:17303534, invalid charger:0, online:1, current avg:-1, charge type:0, power sharing:false
D/BatteryService(  695): Sending ACTION_BATTERY_CHANGED.
D/KeyguardUpdateMonitor(  969): received broadcast android.intent.action.BATTERY_CHANGED
D/KeyguardUpdateMonitor(  969): handleBatteryUpdate
I/DMApp   ( 2502): sendMessage : INTERRUPT_BATTERY_HIGH
D/STATUSBAR-PhoneStatusBar(  969):  mBrightnessEnablebySettings = true mBrightnessEnablebyBattery = true mBrightnessEnablebyDisableFlag = true mPmsBrightnessEnablebySettings = true
D/BatteryMeterView(  969): ACTION_BATTERY_CHANGED : level:96 status:3 health:2
I/DMApp   ( 2502): handleMessage obj.msg =INTERRUPT_BATTERY_HIGH
I/DMStateMachine( 2502): StateMachine: handleMessage() msg: INTERRUPT_BATTERY_HIGH in IDLE
D/AT_Distributor(  394): Send Msg [UART > ATD] 1 bytes <>
D/BatteryService(  695): level:96, scale:100, status:3, health:2, present:true, voltage: 4248, temperature: 226, technology: Li-ion, AC powered:false, USB powered:false, Wireless powered:false, icon:17303534, invalid charger:0, online:1, current avg:-1, charge type:0, power sharing:false
D/BatteryService(  695): Sending ACTION_BATTERY_CHANGED.
D/KeyguardUpdateMonitor(  969): received broadcast android.intent.action.BATTERY_CHANGED
D/KeyguardUpdateMonitor(  969): handleBatteryUpdate
D/STATUSBAR-PhoneStatusBar(  969):  mBrightnessEnablebySettings = true mBrightnessEnablebyBattery = true mBrightnessEnablebyDisableFlag = true mPmsBrightnessEnablebySettings = true
D/BatteryMeterView(  969): ACTION_BATTERY_CHANGED : level:96 status:3 health:2
I/DMApp   ( 2502): sendMessage : INTERRUPT_BATTERY_HIGH
I/DMApp   ( 2502): handleMessage obj.msg =INTERRUPT_BATTERY_HIGH
I/DMStateMachine( 2502): StateMachine: handleMessage() msg: INTERRUPT_BATTERY_HIGH in IDLE
D/AT_Distributor(  394): Send Msg [UART > ATD] 1 bytes <>
D/BatteryService(  695): level:96, scale:100, status:3, health:2, present:true, voltage: 4240, temperature: 226, technology: Li-ion, AC powered:false, USB powered:false, Wireless powered:false, icon:17303534, invalid charger:0, online:1, current avg:-1, charge type:0, power sharing:false
