D/KeyguardUpdateMonitor(  969): handleKeyguardVisibilityChanged(1)
D/SensorService(  695):  [AR] -0.2 4.7 8.2
D/SensorService(  695): AutoRotationSensor::process: Ar_SensorChanged oldrotation = [255], rotation = [0]
V/WindowOrientationListener(  695): Rotation Sensor : x=0.0
D/CustomFrequencyManagerService(  695): releaseDVFSLockLocked : Getting Lock type frm List : DVFS_MIN_LIMIT  frequency : 1242000  uid : 1000  pid : 695  tag : ACTIVITY_RESUME_BOOSTER@9
D/lights  (  695): button : 0 +
D/lights  (  695): button : 0 -
D/SensorService(  695):  [AR] -0.3 4.6 8.3
D/SensorService(  695): AutoRotationSensor::process: Ar_SensorChanged oldrotation = [0], rotation = [255]
V/WindowOrientationListener(  695): Rotation Sensor : x=255.0
D/SensorService(  695):  [AR] -0.4 4.7 8.1
D/SensorService(  695): AutoRotationSensor::process: Ar_SensorChanged oldrotation = [255], rotation = [0]
V/WindowOrientationListener(  695): Rotation Sensor : x=0.0
D/SensorService(  695):  [AR] -0.4 4.6 8.2
D/SensorService(  695): AutoRotationSensor::process: Ar_SensorChanged oldrotation = [0], rotation = [255]
V/WindowOrientationListener(  695): Rotation Sensor : x=255.0
D/SensorService(  695):   -0.2 4.7 8.2
D/SensorService(  695):  [AR] -0.2 4.7 8.2
D/SensorService(  695): AutoRotationSensor::process: Ar_SensorChanged oldrotation = [255], rotation = [0]
V/WindowOrientationListener(  695): Rotation Sensor : x=0.0
D/SensorService(  695):  [AR] -0.3 4.6 8.3
D/SensorService(  695): AutoRotationSensor::process: Ar_SensorChanged oldrotation = [0], rotation = [255]
V/WindowOrientationListener(  695): Rotation Sensor : x=255.0
D/InputReader(  695): Input event: value=1
W/KnoxCustomManagerService(  695): getSealedState() failed - persistence problem com.android.server.enterprise.storage.SettingNotFoundException: Admin data is null
D/KnoxCustomManagerService(  695): getSealedState(false)
V/Vibrator(  695): vibrateImmVibe - PUID: 1000, PackageName: android, type: 14, magType: TouchMagnitude
V/VibratorService(  695): hasVibrator - useVibetonz: true
V/VibratorService(  695): vibrateImmVibeMagnitudeType - magnitudeType: TouchMagnitude
D/VibratorService(  695): ImmVibe vibratorOff()
V/VibratorService(  695): vibrateImmVibe - package: android, type: 14, magnitude: 6000
D/PowerManagerService(  695): [api] userActivityFromNative : 560 (event: 3 flags: 0)
D/lights  (  695): button : 1 +
I/AudioPolicyManagerBase(  177): getSituationVolume: isBTConnected:0 isHeadConnected:0
V/AudioPolicyManagerBase(  177): getParamFromPolicy  deviceInt = 0, situationInt = 1, situationVolume = 0.500000
W/KnoxCustomManagerService(  695): getSealedState() failed - persistence problem com.android.server.enterprise.storage.SettingNotFoundException: Admin data is null
D/KnoxCustomManagerService(  695): getSealedState(false)
D/lights  (  695): button : 1 -
V/AudioPolicyManagerBase(  177): getOutput() device 2, stream 1, samplingRate 0, format 0, channelMask 3, flags 0
V/AudioPolicyManagerBase(  177): getOutputsForDevice device 0002 -> 0002
V/AudioPolicyManagerBase(  177): getOutput() returns output 2
V/AudioPolicyManagerBase(  177): getOutput() device 2, stream 1, samplingRate 0, format 0, channelMask 3, flags 0
V/AudioPolicyManagerBase(  177): getOutputsForDevice device 0002 -> 0002
V/AudioPolicyManagerBase(  177): getOutput() returns output 2
V/AudioPolicyManagerBase(  177): getOutput() device 2, stream 1, samplingRate 44100, format 1, channelMask 3, flags 4
V/AudioPolicyManagerBase(  177): getOutputsForDevice device 0002 -> 0002
V/AudioPolicyManagerBase(  177): getOutput() returns output 2
W/KnoxCustomManagerService(  695): getSealedState() failed - persistence problem com.android.server.enterprise.storage.SettingNotFoundException: Admin data is null
D/KnoxCustomManagerService(  695): getSealedState(false)
I/InputDispatcher(  695): Delivering key to: action: 0x0 (0)
V/AudioPolicyManagerBase(  177): startOutput() output 2, stream 1, session 5137
V/AudioPolicyManagerBase(  177): changeRefCount() stream 1, count 1
W/AudioPolicyManagerBase(  177): stream type [13], return media strategy
W/AudioPolicyManagerBase(  177): stream type [13], return media strategy
W/AudioPolicyManagerBase(  177): stream type [13], return media strategy
W/AudioPolicyManagerBase(  177): stream type [13], return media strategy
V/AudioPolicyManagerBase(  177): getNewDevice() selected device 2
V/AudioPolicyManagerBase(  177): setOutputDevice() output 2 device 0002 force 0 delayMs 0 
V/AudioPolicyManagerBase(  177): setOutputDevice() prevDevice 0002
V/AudioPolicyManagerBase(  177): setOutputDevice() setting same device 0002 or null device for output 2
D/ALSAModule(  177): s_route: devices 0x2 in mode 0
D/ALSAModule(  177): No valid input device: 0
D/alsa_ucm(  177): snd_use_case_set(): uc_mgr 0xb74250c0 identifier _enadev value Speaker
D/ALSAModule(  177): switchDevice 1: curTxUCMDevice Samsung Dualmic RCV curRxUCMDevice Speaker
D/ALSAModule(  177): switchDevice 2: curTxUCMDevice SS Dualmic RCV curRxDevDevice Speaker
D/alsa_ucm(  177): snd_use_case_set(): uc_mgr 0xb74250c0 identifier _verb value HiFi
D/alsa_ucm(  177): Set mixer controls for Speaker enable 1
D/alsa_ucm(  177): acdb_id 15 cap 1 enable 1
D/ACDB-LOADER(  177): ACDB -> send_audio_cal, acdb_id = 15, path =  0
D/ACDB-LOADER(  177): ACDB -> send_adm_topology
D/ACDB-LOADER(  177): ACDB -> ACDB_CMD_GET_AUDPROC_COMMON_TOPOLOGY_ID
D/ACDB-LOADER(  177): ACDB -> send_audtable
D/ACDB-LOADER(  177): ACDB -> ACDB_CMD_GET_AUDPROC_COMMON_TABLE
D/ACDB-LOADER(  177): ACDB -> AUDIO_SET_AUDPROC_CAL
D/ACDB-LOADER(  177): ACDB -> send_audvoltable
D/ACDB-LOADER(  177): ACDB -> ACDB_CMD_GET_AUDPROC_GAIN_DEP_VOLTBL_STEP_COPP
D/ACDB-LOADER(  177): ACDB -> AUDIO_SET_AUDPROC_VOL_CAL
D/ACDB-LOADER(  177): ACDB -> send_afe_cal
D/ACDB-LOADER(  177): ACDB -> ACDB_CMD_GET_AFE_COMMON_TABLE
E/ACDB-LOADER(  177): Error: ACDB AFE returned = -8
D/ACDB-LOADER(  177): ACDB -> AUDIO_SET_AFE_CAL
D/alsa_ucm(  177): Setting mixer control: PRI_RX Channels, value: Two
D/alsa_ucm(  177): Setting mixer control: RX5 MIX1 INP1, value: RX1
D/alsa_ucm(  177): Setting mixer control: RX5 MIX1 INP2, value: RX2
D/alsa_ucm(  177): Setting mixer control: RX6 DSM MUX, value: DSM_INV
D/alsa_ucm(  177): Setting mixer control: LINEOUT2 Volume, value: 100
D/alsa_ucm(  177): Setting mixer control: LINEOUT4 Volume, value: 100
D/alsa_ucm(  177): Setting mixer control: RX5 Digital Volume, value: 65
V/AudioPolicyManagerBase(  177): releaseOutput() 2
D/alsa_ucm(  177): Set mixer controls for HiFi enable 1
D/alsa_ucm(  177): Setting mixer control: PRI_RX Audio Mixer MultiMedia1, value: 1
D/ALSAModule(  177): s_close: handle 0xb7457798 h 0x0
D/ALSAModule(  177): erase handle from mHandleList
D/ALSAModule(  177): s_open: handle 0xb7457798
D/ALSAModule(  177): Device value returned is hw:0,0
W/AudioFlinger(  177): session id 5134 not found for pid 695
D/ALSAModule(  177): setHardwareParams: reqBuffSize 2048 channels 2 sampleRate 44100
D/ALSAModule(  177): setHardwareParams: buffer_size 16384, period_size 2048, period_cnt 8
D/ALSAModule(  177): start_threshold is 1024
D/InputReader(  695): Input event: value=0
I/InputDispatcher(  695): Delivering key to: action: 0x1 (0)
D/CustomFrequencyManagerService(  695): acquireDVFSLockLocked : type : DVFS_MIN_LIMIT  frequency : 1242000  uid : 1000  pid : 695  pkgName : ACTIVITY_RESUME_BOOSTER@5
W/ActivityManager(  695): mDVFSHelper.acquire()
D/KeyguardUpdateMonitor(  969): sendKeyguardVisibilityChanged(true)
D/KeyguardUpdateMonitor(  969): handleKeyguardVisibilityChanged(1)
V/GCMRegistrar(25729): Is registered on server: true
D/PhoneStatusBar(  969): setSemiTransparentMode=false, mTransparentMode=false, mSemiTransparentMode=false, mMultiWindowMode=false
D/StatusBarManagerService(  695): semi p:25729,o:f
I/SurfaceFlinger(  174): id=5351 createSurf (720x1280),1 flag=4, NainActivit
I/SpenGestureManager(  695): setFocusWindow21065
D/KeyguardUpdateMonitor(  969): sendKeyguardVisibilityChanged(true)
D/KeyguardUpdateMonitor(  969): handleKeyguardVisibilityChanged(1)
D/STATUSBAR-StatusBarManagerService(  695): manageDisableList what=0x0 pkg=WindowManager.LayoutParams
D/EnterpriseDeviceManager(  695): ContainerId: 0
D/PointerIcon(  695): setMouseIconStyle1 pointerType: 1001iconType:101 flag:0
D/PointerIcon(  695): setMouseCustomIcon IconType is same.101
D/RestrictionPolicy(  695): isStatusBarExpansionAllowed : true
E/qdmemalloc(  174): heap_msk=3000000 flags=1
E/qdmemalloc(  174):  
E/qdmemalloc(  174): heap_msk=40000000 flags=1
E/qdmemalloc(  174):  
D/KeyguardUpdateMonitor(  969): sendKeyguardVisibilityChanged(true)
D/EnterpriseDeviceManager(  695): ContainerId: 0
D/KeyguardUpdateMonitor(  969): handleKeyguardVisibilityChanged(1)
D/RestrictionPolicy(  695): isUseSecureKeypadEnabled : false
D/KeyguardUpdateMonitor(  969): sendKeyguardVisibilityChanged(true)
D/KeyguardUpdateMonitor(  969): handleKeyguardVisibilityChanged(1)
W/ContextImpl(  695): Calling a method in the system process without a qualified user: android.app.ContextImpl.sendBroadcast:1509 com.android.server.InputMethodManagerService$4.run:2683 java.lang.Thread.run:841 <bottom of call stack> <bottom of call stack> 
D/KeyguardUpdateMonitor(  969): sendKeyguardVisibilityChanged(true)
D/KeyguardUpdateMonitor(  969): handleKeyguardVisibilityChanged(1)
D/KeyguardUpdateMonitor(  969): sendKeyguardVisibilityChanged(true)
D/KeyguardUpdateMonitor(  969): handleKeyguardVisibilityChanged(1)
D/SensorService(  695):  [AR] -0.3 4.7 8.1
D/SensorService(  695): AutoRotationSensor::process: Ar_SensorChanged oldrotation = [255], rotation = [0]
V/WindowOrientationListener(  695): Rotation Sensor : x=0.0
D/KeyguardUpdateMonitor(  969): sendKeyguardVisibilityChanged(true)
D/KeyguardUpdateMonitor(  969): handleKeyguardVisibilityChanged(1)
D/CustomFrequencyManagerService(  695): releaseDVFSLockLocked : Getting Lock type frm List : DVFS_MIN_LIMIT  frequency : 1242000  uid : 1000  pid : 695  tag : ACTIVITY_RESUME_BOOSTER@5
W/ActivityManager(  695): mDVFSHelper.release()
D/CustomFrequencyManagerService(  695): acquireDVFSLockLocked : type : DVFS_MIN_LIMIT  frequency : 1242000  uid : 1000  pid : 695  pkgName : ACTIVITY_RESUME_BOOSTER@9
I/SurfaceFlinger(  174): id=5350 Removed HalleryActi (20/23)
I/SurfaceFlinger(  174): id=5350 Removed HalleryActi (-2/23)
D/AbsListView(25729): onDetachedFromWindow
D/KeyguardUpdateMonitor(  969): sendKeyguardVisibilityChanged(true)
D/KeyguardUpdateMonitor(  969): handleKeyguardVisibilityChanged(1)
D/KeyguardUpdateMonitor(  969): sendKeyguardVisibilityChanged(true)
D/KeyguardUpdateMonitor(  969): handleKeyguardVisibilityChanged(1)
D/KeyguardUpdateMonitor(  969): sendKeyguardVisibilityChanged(true)
D/KeyguardUpdateMonitor(  969): handleKeyguardVisibilityChanged(1)
E/qdmemalloc(  174): heap_msk=3000000 flags=1
E/qdmemalloc(  174):  
E/qdmemalloc(  174): heap_msk=40000000 flags=1
E/qdmemalloc(  174):  
D/CustomFrequencyManagerService(  695): releaseDVFSLockLocked : Getting Lock type frm List : DVFS_MIN_LIMIT  frequency : 1242000  uid : 1000  pid : 695  tag : ACTIVITY_RESUME_BOOSTER@9
D/SensorService(  695):  [AR] -0.3 4.6 8.2
D/SensorService(  695): AutoRotationSensor::process: Ar_SensorChanged oldrotation = [0], rotation = [255]
V/WindowOrientationListener(  695): Rotation Sensor : x=255.0
E/Sensors (  695): accelHandler -0.474214 4.731361 8.182584
D/SensorService(  695):  [AR] -0.5 4.7 8.2
D/SensorService(  695): AutoRotationSensor::process: Ar_SensorChanged oldrotation = [255], rotation = [0]
V/WindowOrientationListener(  695): Rotation Sensor : x=0.0
I/InputReader(  695): Touch event's action is 0x0 (deviceType=0) [pCnt=1, s=0.12500 ] when=232713074064000
I/InputDispatcher(  695): Delivering touch to: action: 0x4, toolType: 1
I/InputDispatcher(  695): Delivering touch to: action: 0x0, toolType: 1
E/qdmemalloc(  174): heap_msk=3000000 flags=1
E/qdmemalloc(  174):  
E/qdmemalloc(  174): heap_msk=40000000 flags=1
E/qdmemalloc(  174):  
V/AudioPolicyManagerBase(  177): stopOutput() output 2, stream 1, session 5137
V/AudioPolicyManagerBase(  177): changeRefCount() stream 1, count 0
W/AudioPolicyManagerBase(  177): stream type [13], return media strategy
W/AudioPolicyManagerBase(  177): stream type [13], return media strategy
W/AudioPolicyManagerBase(  177): stream type [13], return media strategy
W/AudioPolicyManagerBase(  177): stream type [13], return media strategy
W/AudioPolicyManagerBase(  177): stream type [13], return media strategy
W/AudioPolicyManagerBase(  177): stream type [13], return media strategy
V/AudioPolicyManagerBase(  177): getNewDevice() selected device 0
V/AudioPolicyManagerBase(  177): setOutputDevice() output 2 device 0000 force 0 delayMs 192 
V/AudioPolicyManagerBase(  177): setOutputDevice() prevDevice 0002
W/AudioPolicyManagerBase(  177): stream type [13], return media strategy
W/AudioPolicyManagerBase(  177): stream type [13], return media strategy
V/AudioPolicyManagerBase(  177): setOutputDevice() setting same device 0000 or null device for output 2
D/SensorService(  695):  [AR] -0.6 4.6 8.6
D/SensorService(  695): AutoRotationSensor::process: Ar_SensorChanged oldrotation = [0], rotation = [255]
V/WindowOrientationListener(  695): Rotation Sensor : x=255.0
D/CustomFrequencyManagerService(  695): acquireDVFSLockLocked : type : DVFS_MIN_LIMIT  frequency : 810000  uid : 10186  pid : 25729  pkgName : LIST_SCROLL_BOOSTER@119
D/SensorService(  695):  [AR] -0.5 4.8 8.2
D/SensorService(  695): AutoRotationSensor::process: Ar_SensorChanged oldrotation = [255], rotation = [0]
V/WindowOrientationListener(  695): Rotation Sensor : x=0.0
E/cutils  (  149): Failed to mkdirat(/storage/extSdCard/Android): Read-only file system
W/ContextImpl(25729): Failed to ensure directory: /storage/extSdCard/Android/data/com.twitter.android/files
W/Vold    (  149): Returning OperationFailed - no handler for errno 30
I/dalvikvm-heap(25729): Grow heap (frag case) to 38.379MB for 808816-byte allocation
I/InputReader(  695): Touch event's action is 0x1 (deviceType=0) [pCnt=1, s=] when=232714026727000
I/InputDispatcher(  695): Delivering touch to: action: 0x1, toolType: 1
D/CustomFrequencyManagerService(  695): releaseDVFSLockLocked : Getting Lock type frm List : DVFS_MIN_LIMIT  frequency : 810000  uid : 10186  pid : 25729  tag : LIST_SCROLL_BOOSTER@119
D/lights  (  695): button : 0 +
D/lights  (  695): button : 0 -
D/SensorService(  695):   -0.6 4.9 8.1
D/AudioStreamOutALSA(  177): standby
D/ALSAModule(  177): s_standby: handle 0xb7457798 h 0x0
E/ALSAModule(  177): s_standby handle h 0xb74aa818
E/Watchdog(  695): !@Sync 7755
I/InputReader(  695): Touch event's action is 0x0 (deviceType=0) [pCnt=1, s=0.12501 ] when=232716175575000
I/InputDispatcher(  695): Delivering touch to: action: 0x4, toolType: 1
I/InputDispatcher(  695): Delivering touch to: action: 0x0, toolType: 1
D/lights  (  695): button : 1 +
D/lights  (  695): button : 1 -
D/ALSAModule(  177): checkRunningHandle return false
D/alsa_ucm(  177): snd_use_case_set(): uc_mgr 0xb74250c0 identifier _verb value Inactive
D/alsa_ucm(  177): Set mixer controls for HiFi enable 0
D/alsa_ucm(  177): Setting mixer control: PRI_RX Audio Mixer MultiMedia1, value: 0
E/ALSAModule(  177): Number of modifiers 0
E/ALSAModule(  177): usecase_type is 0
D/alsa_ucm(  177): snd_use_case_set(): uc_mgr 0xb74250c0 identifier _disdev value Samsung Dualmic RCV
D/alsa_ucm(  177): disdev: device Samsung Dualmic RCV not enabled, no need to disable
D/alsa_ucm(  177): snd_use_case_set(): uc_mgr 0xb74250c0 identifier _disdev value Speaker
D/alsa_ucm(  177): Set mixer controls for Speaker enable 0
D/alsa_ucm(  177): Setting mixer control: RX5 MIX1 INP1, value: ZERO
D/alsa_ucm(  177): Setting mixer control: RX5 MIX1 INP2, value: ZERO
D/alsa_ucm(  177): Setting mixer control: LINEOUT2 Volume, value: 0
D/alsa_ucm(  177): Setting mixer control: LINEOUT4 Volume, value: 0
D/alsa_ucm(  177): Setting mixer control: RX5 Digital Volume, value: 0
D/CustomFrequencyManagerService(  695): acquireDVFSLockLocked : type : DVFS_MIN_LIMIT  frequency : 810000  uid : 10186  pid : 25729  pkgName : LIST_SCROLL_BOOSTER@119
I/InputReader(  695): Touch event's action is 0x1 (deviceType=0) [pCnt=1, s=] when=232716365228000
I/InputDispatcher(  695): Delivering touch to: action: 0x1, toolType: 1
D/dalvikvm(  695): GC_EXPLICIT freed 2987K, 24% free 41692K/54692K, paused 8ms+22ms, total 256ms
E/Sensors (  695): accelHandler -0.421523 4.830754 8.128696
D/CustomFrequencyManagerService(  695): releaseDVFSLockLocked : Getting Lock type frm List : DVFS_MIN_LIMIT  frequency : 810000  uid : 10186  pid : 25729  tag : LIST_SCROLL_BOOSTER@119
E/cutils  (  149): Failed to mkdirat(/storage/extSdCard/Android): Read-only file system
W/ContextImpl(25729): Failed to ensure directory: /storage/extSdCard/Android/data/com.twitter.android/files
W/Vold    (  149): Returning OperationFailed - no handler for errno 30
V/AlarmManager(  695): waitForAlarm result :4
V/AlarmManager(  695): trigger ELAPSED_REALTIME_WAKEUP or RTC_WAKEUP
D/dalvikvm(25729): GC_FOR_ALLOC freed 9106K, 39% free 28366K/45980K, paused 155ms, total 158ms
D/lights  (  695): button : 0 +
D/lights  (  695): button : 0 -
D/BatteryService(  695): level:90, scale:100, status:3, health:2, present:true, voltage: 4110, temperature: 322, technology: Li-ion, AC powered:false, USB powered:false, Wireless powered:false, icon:17303534, invalid charger:0, online:1, current avg:-1, charge type:0, power sharing:false
D/BatteryService(  695): Sending ACTION_BATTERY_CHANGED.
I/DMApp   ( 2502): sendMessage : INTERRUPT_BATTERY_HIGH
I/DMApp   ( 2502): handleMessage obj.msg =INTERRUPT_BATTERY_HIGH
I/DMStateMachine( 2502): StateMachine: handleMessage() msg: INTERRUPT_BATTERY_HIGH in IDLE
D/KeyguardUpdateMonitor(  969): received broadcast android.intent.action.BATTERY_CHANGED
D/KeyguardUpdateMonitor(  969): handleBatteryUpdate
D/STATUSBAR-PhoneStatusBar(  969):  mBrightnessEnablebySettings = true mBrightnessEnablebyBattery = true mBrightnessEnablebyDisableFlag = true mPmsBrightnessEnablebySettings = true
D/BatteryMeterView(  969): ACTION_BATTERY_CHANGED : level:90 status:3 health:2
D/SensorService(  695):   -0.5 4.8 8.1
E/Sensors (  695): accelHandler -0.583187 4.757706 8.145461
I/InputReader(  695): Touch event's action is 0x0 (deviceType=0) [pCnt=1, s=0.12502 ] when=232721895825000
I/InputDispatcher(  695): Delivering touch to: action: 0x4, toolType: 1
I/InputDispatcher(  695): Delivering touch to: action: 0x0, toolType: 1
D/lights  (  695): button : 1 +
D/lights  (  695): button : 1 -
D/CustomFrequencyManagerService(  695): acquireDVFSLockLocked : type : DVFS_MIN_LIMIT  frequency : 810000  uid : 10186  pid : 25729  pkgName : LIST_SCROLL_BOOSTER@119
D/SensorService(  695):  [AR] -0.7 4.6 8.3
D/SensorService(  695): AutoRotationSensor::process: Ar_SensorChanged oldrotation = [0], rotation = [255]
V/WindowOrientationListener(  695): Rotation Sensor : x=255.0
D/SensorService(  695):  [AR] -0.7 4.8 8.1
D/SensorService(  695): AutoRotationSensor::process: Ar_SensorChanged oldrotation = [255], rotation = [0]
V/WindowOrientationListener(  695): Rotation Sensor : x=0.0
D/SensorService(  695):   -0.6 4.7 8.0
I/InputReader(  695): Touch event's action is 0x1 (deviceType=0) [pCnt=1, s=] when=232723302143000
I/InputDispatcher(  695): Delivering touch to: action: 0x1, toolType: 1
E/Sensors (  695): accelHandler -1.050216 5.247488 7.897577
D/CustomFrequencyManagerService(  695): releaseDVFSLockLocked : Getting Lock type frm List : DVFS_MIN_LIMIT  frequency : 810000  uid : 10186  pid : 25729  tag : LIST_SCROLL_BOOSTER@119
D/skia    (25729): --- NewFromFD failed in nativeDecodeFileDescriptor
E/cutils  (  149): Failed to mkdirat(/storage/extSdCard/Android): Read-only file system
W/ContextImpl(25729): Failed to ensure directory: /storage/extSdCard/Android/data/com.twitter.android/files
W/Vold    (  149): Returning OperationFailed - no handler for errno 30
I/InputReader(  695): Touch event's action is 0x0 (deviceType=0) [pCnt=1, s=0.12503 ] when=232724186104000
I/InputDispatcher(  695): Delivering touch to: action: 0x4, toolType: 1
I/InputDispatcher(  695): Delivering touch to: action: 0x0, toolType: 1
D/CustomFrequencyManagerService(  695): acquireDVFSLockLocked : type : DVFS_MIN_LIMIT  frequency : 810000  uid : 10186  pid : 25729  pkgName : LIST_SCROLL_BOOSTER@119
D/STATUSBAR-NetworkController(  969): onSignalStrengthsChanged signalStrength=SignalStrength: 99 99 -88 -45 -120 -1 -1 14 -104 -6 178 -1 2147483647 gsm|lte 0x3040 level=3
I/InputReader(  695): Touch event's action is 0x1 (deviceType=0) [pCnt=1, s=] when=232725356866000
I/InputDispatcher(  695): Delivering touch to: action: 0x1, toolType: 1
D/CustomFrequencyManagerService(  695): releaseDVFSLockLocked : Getting Lock type frm List : DVFS_MIN_LIMIT  frequency : 810000  uid : 10186  pid : 25729  tag : LIST_SCROLL_BOOSTER@119
D/SensorService(  695):   -1.0 5.3 7.9
I/InputReader(  695): Touch event's action is 0x0 (deviceType=0) [pCnt=1, s=0.12504 ] when=232726229016000
I/InputDispatcher(  695): Delivering touch to: action: 0x4, toolType: 1
I/InputDispatcher(  695): Delivering touch to: action: 0x0, toolType: 1
D/PowerManagerService(  695): [api] userActivityFromNative : 570 (event: 2 flags: 0)
D/CustomFrequencyManagerService(  695): acquireDVFSLockLocked : type : DVFS_MIN_LIMIT  frequency : 810000  uid : 10186  pid : 25729  pkgName : LIST_SCROLL_BOOSTER@119
I/InputReader(  695): Touch event's action is 0x1 (deviceType=0) [pCnt=1, s=] when=232726671226000
I/InputDispatcher(  695): Delivering touch to: action: 0x1, toolType: 1
E/Sensors (  695): accelHandler -0.993933 5.236710 7.716753
D/CustomFrequencyManagerService(  695): releaseDVFSLockLocked : Getting Lock type frm List : DVFS_MIN_LIMIT  frequency : 810000  uid : 10186  pid : 25729  tag : LIST_SCROLL_BOOSTER@119
I/InputReader(  695): Touch event's action is 0x0 (deviceType=0) [pCnt=1, s=0.12505 ] when=232727555492000
I/InputDispatcher(  695): Delivering touch to: action: 0x4, toolType: 1
I/InputDispatcher(  695): Delivering touch to: action: 0x0, toolType: 1
D/CustomFrequencyManagerService(  695): acquireDVFSLockLocked : type : DVFS_MIN_LIMIT  frequency : 810000  uid : 10186  pid : 25729  pkgName : LIST_SCROLL_BOOSTER@119
I/InputReader(  695): Touch event's action is 0x1 (deviceType=0) [pCnt=1, s=] when=232727689416000
I/InputDispatcher(  695): Delivering touch to: action: 0x1, toolType: 1
D/CustomFrequencyManagerService(  695): releaseDVFSLockLocked : Getting Lock type frm List : DVFS_MIN_LIMIT  frequency : 810000  uid : 10186  pid : 25729  tag : LIST_SCROLL_BOOSTER@119
D/lights  (  695): button : 0 +
D/lights  (  695): button : 0 -
D/SensorService(  695):   -0.6 4.9 8.0
I/InputReader(  695): Touch event's action is 0x0 (deviceType=0) [pCnt=1, s=0.12506 ] when=232729704188000
I/InputDispatcher(  695): Delivering touch to: action: 0x4, toolType: 1
I/InputDispatcher(  695): Delivering touch to: action: 0x0, toolType: 1
D/lights  (  695): button : 1 +
D/lights  (  695): button : 1 -
D/CustomFrequencyManagerService(  695): acquireDVFSLockLocked : type : DVFS_MIN_LIMIT  frequency : 810000  uid : 10186  pid : 25729  pkgName : LIST_SCROLL_BOOSTER@119
D/SensorService(  695):  [AR] -0.6 4.6 8.2
D/SensorService(  695): AutoRotationSensor::process: Ar_SensorChanged oldrotation = [0], rotation = [255]
V/WindowOrientationListener(  695): Rotation Sensor : x=255.0
D/SensorService(  695):  [AR] -0.6 4.7 8.2
D/SensorService(  695): AutoRotationSensor::process: Ar_SensorChanged oldrotation = [255], rotation = [0]
V/WindowOrientationListener(  695): Rotation Sensor : x=0.0
E/cutils  (  149): Failed to mkdirat(/storage/extSdCard/Android): Read-only file system
W/ContextImpl(25729): Failed to ensure directory: /storage/extSdCard/Android/data/com.twitter.android/files
W/Vold    (  149): Returning OperationFailed - no handler for errno 30
E/Sensors (  695): accelHandler -0.734073 4.877457 8.052055
I/InputReader(  695): Touch event's action is 0x1 (deviceType=0) [pCnt=1, s=] when=232730665549000
I/InputDispatcher(  695): Delivering touch to: action: 0x1, toolType: 1
D/CustomFrequencyManagerService(  695): releaseDVFSLockLocked : Getting Lock type frm List : DVFS_MIN_LIMIT  frequency : 810000  uid : 10186  pid : 25729  tag : LIST_SCROLL_BOOSTER@119
D/SensorService(  695):  [AR] 0.0 4.9 8.6
D/SensorService(  695): AutoRotationSensor::process: Ar_SensorChanged oldrotation = [0], rotation = [255]
V/WindowOrientationListener(  695): Rotation Sensor : x=255.0
D/SensorService(  695):  [AR] 0.0 4.8 8.2
D/SensorService(  695): AutoRotationSensor::process: Ar_SensorChanged oldrotation = [255], rotation = [0]
V/WindowOrientationListener(  695): Rotation Sensor : x=0.0
D/lights  (  695): button : 0 +
D/lights  (  695): button : 0 -
D/InputReader(  695): Input event: value=1
D/InputReader(  695): !@notifyKey(172), action=0
D/InputManager-JNI(  695): !@interceptKeyBeforeQueueing(172), action=0
W/KnoxCustomManagerService(  695): getSealedState() failed - persistence problem com.android.server.enterprise.storage.SettingNotFoundException: Admin data is null
D/KnoxCustomManagerService(  695): getSealedState(false)
D/InputManager-JNI(  695): !@handleInterceptActions(172), action=0
W/KnoxCustomManagerService(  695): getSealedState() failed - persistence problem com.android.server.enterprise.storage.SettingNotFoundException: Admin data is null
D/KnoxCustomManagerService(  695): getSealedState(false)
D/RestrictionPolicy(  695): isHomeKeyEnabled :true
D/RestrictionPolicy(  695): updateHomeKeyPolicySet(): mHomekeyPolicySet:0 userId=0 callingUid=1000
D/RestrictionPolicy(  695): isHomeKeyEnabled :true
D/RecentTasksLoader(  969): preloadRecentTasksList
D/STATUSBAR-RecentTasksLoader(  969): loadTasksInBackground() mstate:CANCELLED
D/STATUSBAR-RecentTasksLoader(  969): loadThumbnailsAndIconsInBackground()
D/STATUSBAR-RecentTasksLoader(  969): loadTasksInBackground -doInBackground()
D/STATUSBAR-RecentTasksLoader(  969): loadThumbnailsAndIconsInBackground-doInBackground()
D/EnterpriseDeviceManager(  695): ContainerId: 0
D/EnterpriseDeviceManager(  695): ContainerId: 0
D/EnterpriseDeviceManager(  695): ContainerId: 0
D/EnterpriseDeviceManager(  695): ContainerId: 0
D/EnterpriseDeviceManager(  695): ContainerId: 0
D/EnterpriseDeviceManager(  695): ContainerId: 0
D/EnterpriseDeviceManager(  695): ContainerId: 0
W/KnoxCustomManagerService(  695): getSealedState() failed - persistence problem com.android.server.enterprise.storage.SettingNotFoundException: Admin data is null
D/KnoxCustomManagerService(  695): getSealedState(false)
D/EnterpriseDeviceManager(  695): ContainerId: 0
D/EnterpriseDeviceManager(  695): ContainerId: 0
W/KnoxCustomManagerService(  695): getSealedState() failed - persistence problem com.android.server.enterprise.storage.SettingNotFoundException: Admin data is null
D/KnoxCustomManagerService(  695): getSealedState(false)
D/EnterpriseDeviceManager(  695): ContainerId: 0
D/EnterpriseDeviceManager(  695): ContainerId: 0
D/EnterpriseDeviceManager(  969): ContainerId: 0
E/qdmemalloc(  174): heap_msk=3000000 flags=1
E/qdmemalloc(  174):  
E/qdmemalloc(  174): heap_msk=40000000 flags=1
E/qdmemalloc(  174):  
D/STATUSBAR-RecentTasksLoader(  969):     recentTasks.size():12
W/KnoxCustomManagerService(  695): getSealedState() failed - persistence problem com.android.server.enterprise.storage.SettingNotFoundException: Admin data is null
D/KnoxCustomManagerService(  695): getSealedState(false)
V/STATUSBAR-RecentTasksLoader(  969): Loaded bitmap for task 481: android.graphics.Bitmap@43722a58 isPrivate? false PrivateSetting:false
D/EnterpriseDeviceManager(  695): ContainerId: 0
W/KnoxCustomManagerService(  695): getSealedState() failed - persistence problem com.android.server.enterprise.storage.SettingNotFoundException: Admin data is null
D/KnoxCustomManagerService(  695): getSealedState(false)
D/EnterpriseDeviceManager(  969): ContainerId: 0
D/EnterpriseDeviceManager(  695): ContainerId: 0
W/KnoxCustomManagerService(  695): getSealedState() failed - persistence problem com.android.server.enterprise.storage.SettingNotFoundException: Admin data is null
D/KnoxCustomManagerService(  695): getSealedState(false)
E/qdmemalloc(  174): heap_msk=3000000 flags=1
E/qdmemalloc(  174):  
E/qdmemalloc(  174): heap_msk=40000000 flags=1
E/qdmemalloc(  174):  
D/InputReader(  695): Input event: value=0
D/InputReader(  695): !@notifyKey(172), action=1
D/InputManager-JNI(  695): !@interceptKeyBeforeQueueing(172), action=1
D/InputManager-JNI(  695): !@handleInterceptActions(172), action=1
D/EnterpriseDeviceManager(  969): ContainerId: 0
D/RestrictionPolicy(  695): isHomeKeyEnabled :true
D/RestrictionPolicy(  695): updateHomeKeyPolicySet(): mHomekeyPolicySet:0 userId=0 callingUid=1000
D/RestrictionPolicy(  695): isHomeKeyEnabled :true
D/VoIPInterfaceManager(  695): isVoIPRinging()...
D/VoIPInterfaceManager(  695): isVoIPRunningAndDeregi()...
D/VoIPInterfaceManager(  695): Not exist call session
D/RecentTasksLoader(  969): cancelPreloadingRecentTasksList
D/STATUSBAR-RecentTasksLoader(  969): cancelLoadingThumbnailsAndIcons()
D/STATUSBAR-RecentTasksLoader(  969): mTaskLoader.cancel()
D/STATUSBAR-RecentTasksLoader(  969): mThumbnailLoader.cancel()
V/STATUSBAR-RecentTasksLoader(  969): Loaded bitmap for task 481: android.graphics.Bitmap@42370a78 isPrivate? false PrivateSetting:false
D/STATUSBAR-RecentTasksLoader(  969):     isCancelled - break
I/WindowManager(  695): startDockOrHome
D/PowerManagerService(  695): [api] [s] userActivity : event: 0 flags: 0 (uid: 1000 pid: 695)
D/STATUSBAR-AirplaneModeQuickSettingButton(  969): onReceive : android.intent.action.CLOSE_SYSTEM_DIALOGS
W/KnoxCustomManagerService(  695): getSealedState() failed - persistence problem com.android.server.enterprise.storage.SettingNotFoundException: Admin data is null
D/KnoxCustomManagerService(  695): getSealedState(false)
D/CustomFrequencyManagerService(  695): acquireDVFSLockLocked : type : DVFS_MIN_LIMIT  frequency : 1242000  uid : 1000  pid : 695  pkgName : ACTIVITY_RESUME_BOOSTER@5
W/ActivityManager(  695): mDVFSHelper.acquire()
D/PointerIcon(  695): setMouseIconStyle1 pointerType: 1001iconType:101 flag:0
D/PointerIcon(  695): setMouseCustomIcon IconType is same.101
V/WindowManager(  695): rotationForOrientationLw(orient=5, last=0); user=0  sensorRotation=0 mLidState=-1 mDockMode=0 mHdmiPlugged=false mAccelerometerDefault=false gripRotationLock=false
D/KeyguardUpdateMonitor(  969): sendKeyguardVisibilityChanged(true)
D/KeyguardUpdateMonitor(  969): handleKeyguardVisibilityChanged(1)
D/KeyguardUpdateMonitor(  969): sendKeyguardVisibilityChanged(true)
D/KeyguardUpdateMonitor(  969): handleKeyguardVisibilityChanged(1)
D/Launcher.Workspace( 6817): exitWidgetResizeMode State: NORMAL, newDragStarted: false
D/Launcher.HomeFragment( 6817): onStart
D/PhoneStatusBar(  969): setSemiTransparentMode=false, mTransparentMode=false, mSemiTransparentMode=false, mMultiWindowMode=false
E/Launcher( 6817): Error finding setting, default accessibility to not found: accessibility_enabled
D/Launcher.HomeFragment( 6817): onResume
D/StatusBarManagerService(  695): semi p:6817,o:f
D/MenuAppsGridFragment( 6817): onResume
D/Mms/UIEventReceiver(11458): ui event
D/CellLayoutChildren( 6817): setCellDimensions. width: 144, height: 200, gapX: 0, gapY: 0
I/SurfaceFlinger(  174): id=5352 createSurf (720x1280),1 flag=4, Mauncher
I/SpenGestureManager(  695): setFocusWindow21060
D/KeyguardUpdateMonitor(  969): sendKeyguardVisibilityChanged(true)
D/KeyguardUpdateMonitor(  969): handleKeyguardVisibilityChanged(1)
D/EnterpriseDeviceManager(  695): ContainerId: 0
D/STATUSBAR-StatusBarManagerService(  695): manageDisableList what=0x0 pkg=WindowManager.LayoutParams
D/PointerIcon(  695): setMouseIconStyle1 pointerType: 1001iconType:101 flag:0
D/PointerIcon(  695): setMouseCustomIcon IconType is same.101
D/RestrictionPolicy(  695): isStatusBarExpansionAllowed : true
E/qdmemalloc(  174): heap_msk=3000000 flags=1
E/qdmemalloc(  174):  
E/qdmemalloc(  174): heap_msk=40000000 flags=1
E/qdmemalloc(  174):  
D/EnterpriseDeviceManager(  695): ContainerId: 0
D/KeyguardUpdateMonitor(  969): sendKeyguardVisibilityChanged(true)
D/KeyguardUpdateMonitor(  969): handleKeyguardVisibilityChanged(1)
D/KeyguardUpdateMonitor(  969): sendKeyguardVisibilityChanged(true)
D/KeyguardUpdateMonitor(  969): handleKeyguardVisibilityChanged(1)
D/EnterpriseDeviceManager(  695): ContainerId: 0
D/RestrictionPolicy(  695): isUseSecureKeypadEnabled : false
D/STATUSBAR-StatusBarManagerService(  695): manageDisableList what=0x0 pkg=WindowManager.LayoutParams
D/KeyguardUpdateMonitor(  969): sendKeyguardVisibilityChanged(true)
D/RestrictionPolicy(  695): isStatusBarExpansionAllowed : true
D/KeyguardUpdateMonitor(  969): sendKeyguardVisibilityChanged(true)
W/ContextImpl(  695): Calling a method in the system process without a qualified user: android.app.ContextImpl.sendBroadcast:1509 com.android.server.InputMethodManagerService$4.run:2683 java.lang.Thread.run:841 <bottom of call stack> <bottom of call stack> 
D/KeyguardUpdateMonitor(  969): sendKeyguardVisibilityChanged(true)
D/KeyguardUpdateMonitor(  969): handleKeyguardVisibilityChanged(1)
D/KeyguardUpdateMonitor(  969): sendKeyguardVisibilityChanged(true)
D/KeyguardUpdateMonitor(  969): handleKeyguardVisibilityChanged(1)
D/KeyguardUpdateMonitor(  969): handleKeyguardVisibilityChanged(1)
D/KeyguardUpdateMonitor(  969): handleKeyguardVisibilityChanged(1)
W/ContextImpl( 7057): Implicit intents with startService are not safe: Intent { act=alarmclock.action.startservice } android.content.ContextWrapper.startService:506 android.content.ContextWrapper.startService:506 com.sec.android.widgetapp.alarmclock.ClockAlarmWidgetProvider.onReceive:139 
D/SensorService(  695):   0.3 5.2 8.0
D/CustomFrequencyManagerService(  695): releaseDVFSLockLocked : Getting Lock type frm List : DVFS_MIN_LIMIT  frequency : 1242000  uid : 1000  pid : 695  tag : ACTIVITY_RESUME_BOOSTER@5
W/ActivityManager(  695): mDVFSHelper.release()
D/CustomFrequencyManagerService(  695): acquireDVFSLockLocked : type : DVFS_MIN_LIMIT  frequency : 1242000  uid : 1000  pid : 695  pkgName : ACTIVITY_RESUME_BOOSTER@9
D/KeyguardUpdateMonitor(  969): sendKeyguardVisibilityChanged(true)
I/SurfaceFlinger(  174): id=5351 Removed NainActivit (19/23)
I/SurfaceFlinger(  174): id=5351 Removed NainActivit (-2/23)
D/KeyguardUpdateMonitor(  969): handleKeyguardVisibilityChanged(1)
D/KeyguardUpdateMonitor(  969): sendKeyguardVisibilityChanged(true)
D/KeyguardUpdateMonitor(  969): handleKeyguardVisibilityChanged(1)
E/qdmemalloc(  174): heap_msk=3000000 flags=1
E/qdmemalloc(  174):  
E/qdmemalloc(  174): heap_msk=40000000 flags=1
E/qdmemalloc(  174):  
D/KeyguardUpdateMonitor(  969): sendKeyguardVisibilityChanged(true)
D/KeyguardUpdateMonitor(  969): handleKeyguardVisibilityChanged(1)
D/KeyguardUpdateMonitor(  969): sendKeyguardVisibilityChanged(true)
D/KeyguardUpdateMonitor(  969): handleKeyguardVisibilityChanged(1)
I/InputReader(  695): Touch event's action is 0x0 (deviceType=0) [pCnt=1, s=0.12507 ] when=232733211680000
I/InputDispatcher(  695): Delivering touch to: action: 0x4, toolType: 1
I/InputDispatcher(  695): Delivering touch to: action: 0x0, toolType: 1
I/InputDispatcher(  695): Delivering touch to: action: 0x0, toolType: 1
D/lights  (  695): button : 1 +
D/lights  (  695): button : 1 -
D/CustomFrequencyManagerService(  695): acquireDVFSLockLocked : type : DVFS_MIN_LIMIT  frequency : 1512000  uid : 10001  pid : 6817  pkgName : com.sec.android.app.launcher@1208
D/SensorService(  695):  [AR] -0.6 5.1 5.8
D/SensorService(  695): AutoRotationSensor::process: Ar_SensorChanged oldrotation = [0], rotation = [255]
V/WindowOrientationListener(  695): Rotation Sensor : x=255.0
D/CustomFrequencyManagerService(  695): releaseDVFSLockLocked : Getting Lock type frm List : DVFS_MIN_LIMIT  frequency : 1242000  uid : 1000  pid : 695  tag : ACTIVITY_RESUME_BOOSTER@9
I/InputReader(  695): Touch event's action is 0x1 (deviceType=0) [pCnt=1, s=] when=232733323110000
I/InputDispatcher(  695): Delivering touch to: action: 0x1, toolType: 1
I/InputDispatcher(  695): Delivering touch to: action: 0x1, toolType: 1
E/DatabaseUtils(  695): Writing exception to parcel
E/DatabaseUtils(  695): java.lang.SecurityException: Permission Denial: get/set setting for user asks to run as user -2 but is calling from user 0; this requires android.permission.INTERACT_ACROSS_USERS_FULL
E/DatabaseUtils(  695): 	at com.android.server.am.ActivityManagerService.handleIncomingUser(ActivityManagerService.java:15031)
E/DatabaseUtils(  695): 	at android.app.ActivityManager.handleIncomingUser(ActivityManager.java:2488)
E/DatabaseUtils(  695): 	at com.android.providers.settings.SettingsProvider.call(SettingsProvider.java:688)
E/DatabaseUtils(  695): 	at android.content.ContentProvider$Transport.call(ContentProvider.java:325)
E/DatabaseUtils(  695): 	at android.content.ContentProviderNative.onTransact(ContentProviderNative.java:275)
E/DatabaseUtils(  695): 	at android.os.Binder.execTransact(Binder.java:404)
E/DatabaseUtils(  695): 	at dalvik.system.NativeStart.run(Native Method)
I/AudioPolicyManagerBase(  177): getSituationVolume: isBTConnected:0 isHeadConnected:0
V/AudioPolicyManagerBase(  177): getParamFromPolicy  deviceInt = 0, situationInt = 1, situationVolume = 0.500000
V/AudioPolicyManagerBase(  177): getOutput() device 2, stream 1, samplingRate 0, format 0, channelMask 3, flags 0
V/AudioPolicyManagerBase(  177): getOutputsForDevice device 0002 -> 0002
V/AudioPolicyManagerBase(  177): getOutput() returns output 2
V/AudioPolicyManagerBase(  177): getOutput() device 2, stream 1, samplingRate 0, format 0, channelMask 3, flags 0
V/AudioPolicyManagerBase(  177): getOutputsForDevice device 0002 -> 0002
V/AudioPolicyManagerBase(  177): getOutput() returns output 2
V/AudioPolicyManagerBase(  177): getOutput() device 2, stream 1, samplingRate 44100, format 1, channelMask 3, flags 4
V/AudioPolicyManagerBase(  177): getOutputsForDevice device 0002 -> 0002
V/AudioPolicyManagerBase(  177): getOutput() returns output 2
W/ActivityManager(  695): Permission Denial: get/set setting for user asks to run as user -2 but is calling from user 0; this requires android.permission.INTERACT_ACROSS_USERS_FULL
V/AudioPolicyManagerBase(  177): startOutput() output 2, stream 1, session 5138
V/AudioPolicyManagerBase(  177): changeRefCount() stream 1, count 1
W/AudioPolicyManagerBase(  177): stream type [13], return media strategy
W/AudioPolicyManagerBase(  177): stream type [13], return media strategy
W/AudioPolicyManagerBase(  177): stream type [13], return media strategy
W/AudioPolicyManagerBase(  177): stream type [13], return media strategy
V/AudioPolicyManagerBase(  177): getNewDevice() selected device 2
V/AudioPolicyManagerBase(  177): setOutputDevice() output 2 device 0002 force 0 delayMs 0 
V/AudioPolicyManagerBase(  177): setOutputDevice() prevDevice 0002
V/AudioPolicyManagerBase(  177): setOutputDevice() setting same device 0002 or null device for output 2
W/AudioFlinger(  177): session id 5137 not found for pid 695
D/ALSAModule(  177): s_route: devices 0x2 in mode 0
D/ALSAModule(  177): No valid input device: 0
D/alsa_ucm(  177): snd_use_case_set(): uc_mgr 0xb74250c0 identifier _enadev value Speaker
D/ALSAModule(  177): switchDevice 1: curTxUCMDevice Samsung Dualmic RCV curRxUCMDevice Speaker
D/ALSAModule(  177): switchDevice 2: curTxUCMDevice SS Dualmic RCV curRxDevDevice Speaker
D/alsa_ucm(  177): snd_use_case_set(): uc_mgr 0xb74250c0 identifier _verb value HiFi
D/alsa_ucm(  177): Set mixer controls for Speaker enable 1
D/alsa_ucm(  177): acdb_id 15 cap 1 enable 1
D/ACDB-LOADER(  177): ACDB -> send_audio_cal, acdb_id = 15, path =  0
D/ACDB-LOADER(  177): ACDB -> send_adm_topology
D/ACDB-LOADER(  177): ACDB -> ACDB_CMD_GET_AUDPROC_COMMON_TOPOLOGY_ID
D/ACDB-LOADER(  177): ACDB -> send_audtable
D/ACDB-LOADER(  177): ACDB -> ACDB_CMD_GET_AUDPROC_COMMON_TABLE
D/ACDB-LOADER(  177): ACDB -> AUDIO_SET_AUDPROC_CAL
D/ACDB-LOADER(  177): ACDB -> send_audvoltable
D/ACDB-LOADER(  177): ACDB -> ACDB_CMD_GET_AUDPROC_GAIN_DEP_VOLTBL_STEP_COPP
D/ACDB-LOADER(  177): ACDB -> AUDIO_SET_AUDPROC_VOL_CAL
D/ACDB-LOADER(  177): ACDB -> send_afe_cal
D/ACDB-LOADER(  177): ACDB -> ACDB_CMD_GET_AFE_COMMON_TABLE
E/ACDB-LOADER(  177): Error: ACDB AFE returned = -8
D/ACDB-LOADER(  177): ACDB -> AUDIO_SET_AFE_CAL
D/alsa_ucm(  177): Setting mixer control: PRI_RX Channels, value: Two
D/alsa_ucm(  177): Setting mixer control: RX5 MIX1 INP1, value: RX1
V/AudioPolicyManagerBase(  177): releaseOutput() 2
D/alsa_ucm(  177): Setting mixer control: RX5 MIX1 INP2, value: RX2
D/alsa_ucm(  177): Setting mixer control: RX6 DSM MUX, value: DSM_INV
D/alsa_ucm(  177): Setting mixer control: LINEOUT2 Volume, value: 100
D/alsa_ucm(  177): Setting mixer control: LINEOUT4 Volume, value: 100
D/alsa_ucm(  177): Setting mixer control: RX5 Digital Volume, value: 65
D/alsa_ucm(  177): Set mixer controls for HiFi enable 1
D/alsa_ucm(  177): Setting mixer control: PRI_RX Audio Mixer MultiMedia1, value: 1
D/ALSAModule(  177): s_close: handle 0xb7457798 h 0x0
D/ALSAModule(  177): erase handle from mHandleList
D/ALSAModule(  177): s_open: handle 0xb7457798
D/ALSAModule(  177): Device value returned is hw:0,0
D/CustomFrequencyManagerService(  695): acquireDVFSLockLocked : type : DVFS_MIN_LIMIT  frequency : 1512000  uid : 10001  pid : 6817  pkgName : LAUNCHER_APP_BOOSTER_CPU@1211
D/EnterpriseDeviceManager(  695): ContainerId: 0
W/KnoxCustomManagerService(  695): getSealedState() failed - persistence problem com.android.server.enterprise.storage.SettingNotFoundException: Admin data is null
D/KnoxCustomManagerService(  695): getSealedState(false)
D/ALSAModule(  177): setHardwareParams: reqBuffSize 2048 channels 2 sampleRate 44100
D/ALSAModule(  177): setHardwareParams: buffer_size 16384, period_size 2048, period_cnt 8
D/ALSAModule(  177): start_threshold is 1024
I/SurfaceFlinger(  174): id=5353 createSurf (16x16),-1 flag=20004, EimLayer
I/SurfaceFlinger(  174): id=5354 createSurf (16x16),-1 flag=20004, EimLayer
D/CustomFrequencyManagerService(  695): acquireDVFSLockLocked : type : DVFS_MIN_LIMIT  frequency : 1242000  uid : 1000  pid : 695  pkgName : ACTIVITY_RESUME_BOOSTER@5
W/ActivityManager(  695): mDVFSHelper.acquire()
D/KeyguardUpdateMonitor(  969): sendKeyguardVisibilityChanged(true)
D/KeyguardUpdateMonitor(  969): handleKeyguardVisibilityChanged(1)
D/KeyguardUpdateMonitor(  969): sendKeyguardVisibilityChanged(true)
D/KeyguardUpdateMonitor(  969): handleKeyguardVisibilityChanged(1)
D/PointerIcon(  695): setMouseIconStyle1 pointerType: 1001iconType:101 flag:0
D/PointerIcon(  695): setMouseCustomIcon IconType is same.101
D/KeyguardUpdateMonitor(  969): sendKeyguardVisibilityChanged(true)
D/KeyguardUpdateMonitor(  969): handleKeyguardVisibilityChanged(1)
D/Launcher.HomeFragment( 6817): onPause
D/Launcher.Workspace( 6817): exitWidgetResizeMode State: NORMAL, newDragStarted: false
V/WindowManager(  695): rotationForOrientationLw(orient=-1, last=0); user=0  sensorRotation=-1 mLidState=-1 mDockMode=0 mHdmiPlugged=false mAccelerometerDefault=false gripRotationLock=false
D/KeyguardUpdateMonitor(  969): sendKeyguardVisibilityChanged(true)
D/KeyguardUpdateMonitor(  969): handleKeyguardVisibilityChanged(1)
D/KeyguardUpdateMonitor(  969): sendKeyguardVisibilityChanged(true)
D/KeyguardUpdateMonitor(  969): handleKeyguardVisibilityChanged(1)
D/PhoneStatusBar(  969): setSemiTransparentMode=false, mTransparentMode=false, mSemiTransparentMode=false, mMultiWindowMode=false
I/SurfaceFlinger(  174): id=5355 createSurf (720x1230),4 flag=404, TurfaceView
D/KeyguardUpdateMonitor(  969): sendKeyguardVisibilityChanged(true)
D/KeyguardUpdateMonitor(  969): handleKeyguardVisibilityChanged(1)
D/StatusBarManagerService(  695): semi p:29467,o:f
I/SurfaceFlinger(  174): id=5356 createSurf (720x1280),1 flag=4, Nain
I/SpenGestureManager(  695): setFocusWindow21065
D/KeyguardUpdateMonitor(  969): sendKeyguardVisibilityChanged(true)
D/EnterpriseDeviceManager(  695): ContainerId: 0
D/KeyguardUpdateMonitor(  969): handleKeyguardVisibilityChanged(1)
D/PointerIcon(  695): setMouseIconStyle1 pointerType: 1001iconType:101 flag:0
D/PointerIcon(  695): setMouseCustomIcon IconType is same.101
D/STATUSBAR-StatusBarManagerService(  695): manageDisableList what=0x0 pkg=WindowManager.LayoutParams
D/RestrictionPolicy(  695): isStatusBarExpansionAllowed : true
D/KeyguardUpdateMonitor(  969): sendKeyguardVisibilityChanged(true)
D/KeyguardUpdateMonitor(  969): handleKeygu