D/BatteryService(  695): level:96, scale:100, status:3, health:2, present:true, voltage: 4247, temperature: 222, technology: Li-ion, AC powered:false, USB powered:false, Wireless powered:false, icon:17303534, invalid charger:0, online:1, current avg:-1, charge type:0, power sharing:false
D/BatteryService(  695): Sending ACTION_BATTERY_CHANGED.
D/KeyguardUpdateMonitor(  969): received broadcast android.intent.action.BATTERY_CHANGED
D/KeyguardUpdateMonitor(  969): handleBatteryUpdate
D/STATUSBAR-PhoneStatusBar(  969):  mBrightnessEnablebySettings = true mBrightnessEnablebyBattery = true mBrightnessEnablebyDisableFlag = true mPmsBrightnessEnablebySettings = true
D/BatteryMeterView(  969): ACTION_BATTERY_CHANGED : level:96 status:3 health:2
I/DMApp   ( 2502): sendMessage : INTERRUPT_BATTERY_HIGH
I/DMApp   ( 2502): handleMessage obj.msg =INTERRUPT_BATTERY_HIGH
I/DMStateMachine( 2502): StateMachine: handleMessage() msg: INTERRUPT_BATTERY_HIGH in IDLE
D/AT_Distributor(  394): Send Msg [UART > ATD] 1 bytes <>
V/AlarmManager(  695): waitForAlarm result :4
V/AlarmManager(  695): trigger ELAPSED_REALTIME_WAKEUP or RTC_WAKEUP
W/GLSUser ( 6873): GoogleAccountDataService.getToken()
W/GLSUser ( 6873): GoogleAccountDataService.getToken()
D/dalvikvm( 6873): GC_CONCURRENT freed 1000K, 51% free 8846K/17704K, paused 4ms+4ms, total 47ms
W/GLSUser ( 6873): [avd][avd] Permission for com.google.android.apps.plus to access oauth2:https://www.googleapis.com/auth/plus.me https://www.googleapis.com/auth/plus.stream.read https://www.googleapis.com/auth/plus.stream.write https://www.googleapis.com/auth/plus.circles.write https://www.googleapis.com/auth/plus.circles.read https://www.googleapis.com/auth/plus.photos.readwrite https://www.googleapis.com/auth/plus.native will be managed locally.
W/GLSUser ( 6873): [avd][avd] Permission for com.google.android.gms to access oauth2:https://www.googleapis.com/auth/games.firstparty will be managed locally.
I/mbi     ( 8419): I/O exception (javax.net.ssl.SSLException) caught when processing request: Write error: ssl=0x6dd800e8: I/O error during system call, Broken pipe
I/mbi     ( 8419): Retrying request
D/EnterpriseDeviceManager(  695): ContainerId: 0
D/EnterpriseDeviceManager(  695): ContainerId: 0
D/EnterpriseDeviceManager(  695): ContainerId: 0
D/EnterpriseDeviceManager(  695): ContainerId: 0
D/EnterpriseDeviceManager(  695): ContainerId: 0
D/EnterpriseDeviceManager(  695): ContainerId: 0
I/PowerManagerService(  695): [PWL] Off : 1640s ago
I/PowerManagerService(  695): [PWL]   PowerManagerService.WakeLocks: ref count=1
I/PowerManagerService(  695): [PWL]     mWakeLockSummary : 0x1
I/PowerManagerService(  695): [PWL]       PARTIAL_WAKE_LOCK              '*sync*/com.google.android.gms.games.background/com.google/eM_ADDR' (uid=1000, pid=695, ws=WorkSource{10021}) (elapsedTime=3989)
D/Volley  ( 8419): [1] sv.b: 3415 ms: [ ] https://www.googleapis.com/games/v1whitelisted/revisions/check?clientRevision=android%3A9 0x30b75e1c NORMAL 113
V/AlarmManager(  695): waitForAlarm result :8
D/KeyguardClockWidgetService( 7087): onReceive action=android.intent.action.TIME_TICK
V/AlarmManager(  695): ClockReceiver onReceive() ACTION_TIME_TICK
D/KeyguardUpdateMonitor(  969): received broadcast android.intent.action.TIME_TICK
D/KeyguardUpdateMonitor(  969): handleTimeUpdate
D/STATUSBAR-IconMerger(  969): checkOverflow(336), More:false, Req:false Child:1
D/dalvikvm( 8419): GC_CONCURRENT freed 884K, 44% free 10058K/17704K, paused 23ms+21ms, total 210ms
W/GLSUser ( 6873): GoogleAccountDataService.getToken()
I/qtaguid ( 8419): Failed write_ctrl(u 171) res=-1 errno=22
I/qtaguid ( 8419): Untagging socket 171 failed errno=-22
W/NetworkManagementSocketTagger( 8419): untagSocket(171) failed with errno -22
W/GLSUser ( 6873): GoogleAccountDataService.getToken()
I/qtaguid ( 8419): Failed write_ctrl(u 171) res=-1 errno=22
I/qtaguid ( 8419): Untagging socket 171 failed errno=-22
W/NetworkManagementSocketTagger( 8419): untagSocket(171) failed with errno -22
E/GameAgent( 8419): Failed to find record for player me when storing game collection.
W/GLSUser ( 6873): GoogleAccountDataService.getToken()
I/qtaguid ( 8419): Failed write_ctrl(u 171) res=-1 errno=22
I/qtaguid ( 8419): Untagging socket 171 failed errno=-22
W/NetworkManagementSocketTagger( 8419): untagSocket(171) failed with errno -22
W/GLSUser ( 6873): GoogleAccountDataService.getToken()
I/qtaguid ( 8419): Failed write_ctrl(u 171) res=-1 errno=22
I/qtaguid ( 8419): Untagging socket 171 failed errno=-22
W/NetworkManagementSocketTagger( 8419): untagSocket(171) failed with errno -22
W/GLSUser ( 6873): GoogleAccountDataService.getToken()
I/qtaguid ( 8419): Failed write_ctrl(u 171) res=-1 errno=22
I/qtaguid ( 8419): Untagging socket 171 failed errno=-22
W/NetworkManagementSocketTagger( 8419): untagSocket(171) failed with errno -22
W/GLSUser ( 6873): GoogleAccountDataService.getToken()
I/qtaguid ( 8419): Failed write_ctrl(u 171) res=-1 errno=22
I/qtaguid ( 8419): Untagging socket 171 failed errno=-22
W/NetworkManagementSocketTagger( 8419): untagSocket(171) failed with errno -22
W/GLSUser ( 6873): GoogleAccountDataService.getToken()
D/dalvikvm( 8419): GC_CONCURRENT freed 857K, 43% free 10104K/17704K, paused 7ms+7ms, total 69ms
E/DataBuffer( 8419): Internal data leak within a DataBuffer object detected!  Be sure to explicitly call close() on all DataBuffer extending objects when you are done with them. (internal object: com.google.android.gms.common.data.DataHolder@420a5a00)
I/qtaguid ( 8419): Failed write_ctrl(u 171) res=-1 errno=22
I/qtaguid ( 8419): Untagging socket 171 failed errno=-22
W/NetworkManagementSocketTagger( 8419): untagSocket(171) failed with errno -22
W/GLSUser ( 6873): GoogleAccountDataService.getToken()
I/qtaguid ( 8419): Failed write_ctrl(u 171) res=-1 errno=22
I/qtaguid ( 8419): Untagging socket 171 failed errno=-22
W/NetworkManagementSocketTagger( 8419): untagSocket(171) failed with errno -22
D/AT_Distributor(  394): Send Msg [UART > ATD] 1 bytes <>
D/BatteryService(  695): level:96, scale:100, status:3, health:2, present:true, voltage: 4241, temperature: 228, technology: Li-ion, AC powered:false, USB powered:false, Wireless powered:false, icon:17303534, invalid charger:0, online:1, current avg:-1, charge type:0, power sharing:false
D/BatteryService(  695): Sending ACTION_BATTERY_CHANGED.
D/KeyguardUpdateMonitor(  969): received broadcast android.intent.action.BATTERY_CHANGED
D/KeyguardUpdateMonitor(  969): handleBatteryUpdate
D/STATUSBAR-PhoneStatusBar(  969):  mBrightnessEnablebySettings = true mBrightnessEnablebyBattery = true mBrightnessEnablebyDisableFlag = true mPmsBrightnessEnablebySettings = true
D/BatteryMeterView(  969): ACTION_BATTERY_CHANGED : level:96 status:3 health:2
I/DMApp   ( 2502): sendMessage : INTERRUPT_BATTERY_HIGH
I/DMApp   ( 2502): handleMessage obj.msg =INTERRUPT_BATTERY_HIGH
I/DMStateMachine( 2502): StateMachine: handleMessage() msg: INTERRUPT_BATTERY_HIGH in IDLE
D/AT_Distributor(  394): Send Msg [UART > ATD] 1 bytes <>
E/Watchdog(  695): !@Sync 8294
D/BatteryService(  695): level:96, scale:100, status:3, health:2, present:true, voltage: 4243, temperature: 227, technology: Li-ion, AC powered:false, USB powered:false, Wireless powered:false, icon:17303534, invalid charger:0, online:1, current avg:-1, charge type:0, power sharing:false
D/BatteryService(  695): Sending ACTION_BATTERY_CHANGED.
D/KeyguardUpdateMonitor(  969): received broadcast android.intent.action.BATTERY_CHANGED
D/STATUSBAR-PhoneStatusBar(  969):  mBrightnessEnablebySettings = true mBrightnessEnablebyBattery = true mBrightnessEnablebyDisableFlag = true mPmsBrightnessEnablebySettings = true
D/KeyguardUpdateMonitor(  969): handleBatteryUpdate
I/DMApp   ( 2502): sendMessage : INTERRUPT_BATTERY_HIGH
D/BatteryMeterView(  969): ACTION_BATTERY_CHANGED : level:96 status:3 health:2
I/DMApp   ( 2502): handleMessage obj.msg =INTERRUPT_BATTERY_HIGH
I/DMStateMachine( 2502): StateMachine: handleMessage() msg: INTERRUPT_BATTERY_HIGH in IDLE
D/AT_Distributor(  394): Send Msg [UART > ATD] 1 bytes <>
D/BatteryService(  695): level:96, scale:100, status:3, health:2, present:true, voltage: 4246, temperature: 225, technology: Li-ion, AC powered:false, USB powered:false, Wireless powered:false, icon:17303534, invalid charger:0, online:1, current avg:-1, charge type:0, power sharing:false
D/BatteryService(  695): Sending ACTION_BATTERY_CHANGED.
D/KeyguardUpdateMonitor(  969): received broadcast android.intent.action.BATTERY_CHANGED
D/KeyguardUpdateMonitor(  969): handleBatteryUpdate
D/STATUSBAR-PhoneStatusBar(  969):  mBrightnessEnablebySettings = true mBrightnessEnablebyBattery = true mBrightnessEnablebyDisableFlag = true mPmsBrightnessEnablebySettings = true
D/BatteryMeterView(  969): ACTION_BATTERY_CHANGED : level:96 status:3 health:2
I/DMApp   ( 2502): sendMessage : INTERRUPT_BATTERY_HIGH
I/DMApp   ( 2502): handleMessage obj.msg =INTERRUPT_BATTERY_HIGH
I/DMStateMachine( 2502): StateMachine: handleMessage() msg: INTERRUPT_BATTERY_HIGH in IDLE
D/AT_Distributor(  394): Send Msg [UART > ATD] 1 bytes <>
D/BatteryService(  695): level:96, scale:100, status:3, health:2, present:true, voltage: 4241, temperature: 223, technology: Li-ion, AC powered:false, USB powered:false, Wireless powered:false, icon:17303534, invalid charger:0, online:1, current avg:-1, charge type:0, power sharing:false
D/BatteryService(  695): Sending ACTION_BATTERY_CHANGED.
D/KeyguardUpdateMonitor(  969): received broadcast android.intent.action.BATTERY_CHANGED
D/KeyguardUpdateMonitor(  969): handleBatteryUpdate
D/STATUSBAR-PhoneStatusBar(  969):  mBrightnessEnablebySettings = true mBrightnessEnablebyBattery = true mBrightnessEnablebyDisableFlag = true mPmsBrightnessEnablebySettings = true
D/BatteryMeterView(  969): ACTION_BATTERY_CHANGED : level:96 status:3 health:2
I/DMApp   ( 2502): sendMessage : INTERRUPT_BATTERY_HIGH
I/DMApp   ( 2502): handleMessage obj.msg =INTERRUPT_BATTERY_HIGH
I/DMStateMachine( 2502): StateMachine: handleMessage() msg: INTERRUPT_BATTERY_HIGH in IDLE
D/AT_Distributor(  394): Send Msg [UART > ATD] 1 bytes <>
V/AlarmManager(  695): waitForAlarm result :4
V/AlarmManager(  695): trigger ELAPSED_REALTIME_WAKEUP or RTC_WAKEUP
D/BatteryService(  695): level:96, scale:100, status:3, health:2, present:true, voltage: 4245, temperature: 222, technology: Li-ion, AC powered:false, USB powered:false, Wireless powered:false, icon:17303534, invalid charger:0, online:1, current avg:-1, charge type:0, power sharing:false
D/BatteryService(  695): Sending ACTION_BATTERY_CHANGED.
D/KeyguardUpdateMonitor(  969): received broadcast android.intent.action.BATTERY_CHANGED
D/KeyguardUpdateMonitor(  969): handleBatteryUpdate
D/STATUSBAR-PhoneStatusBar(  969):  mBrightnessEnablebySettings = true mBrightnessEnablebyBattery = true mBrightnessEnablebyDisableFlag = true mPmsBrightnessEnablebySettings = true
D/BatteryMeterView(  969): ACTION_BATTERY_CHANGED : level:96 status:3 health:2
I/DMApp   ( 2502): sendMessage : INTERRUPT_BATTERY_HIGH
I/DMApp   ( 2502): handleMessage obj.msg =INTERRUPT_BATTERY_HIGH
I/DMStateMachine( 2502): StateMachine: handleMessage() msg: INTERRUPT_BATTERY_HIGH in IDLE
D/AT_Distributor(  394): Send Msg [UART > ATD] 1 bytes <>
D/BatteryService(  695): level:96, scale:100, status:3, health:2, present:true, voltage: 4251, temperature: 222, technology: Li-ion, AC powered:false, USB powered:false, Wireless powered:false, icon:17303534, invalid charger:0, online:1, current avg:-1, charge type:0, power sharing:false
D/BatteryService(  695): Sending ACTION_BATTERY_CHANGED.
D/KeyguardUpdateMonitor(  969): received broadcast android.intent.action.BATTERY_CHANGED
D/KeyguardUpdateMonitor(  969): handleBatteryUpdate
D/STATUSBAR-PhoneStatusBar(  969):  mBrightnessEnablebySettings = true mBrightnessEnablebyBattery = true mBrightnessEnablebyDisableFlag = true mPmsBrightnessEnablebySettings = true
D/BatteryMeterView(  969): ACTION_BATTERY_CHANGED : level:96 status:3 health:2
I/DMApp   ( 2502): sendMessage : INTERRUPT_BATTERY_HIGH
I/DMApp   ( 2502): handleMessage obj.msg =INTERRUPT_BATTERY_HIGH
I/DMStateMachine( 2502): StateMachine: handleMessage() msg: INTERRUPT_BATTERY_HIGH in IDLE
D/AT_Distributor(  394): Send Msg [UART > ATD] 1 bytes <>
V/AlarmManager(  695): waitForAlarm result :8
D/BatteryService(  695): level:96, scale:100, status:3, health:2, present:true, voltage: 4233, temperature: 222, technology: Li-ion, AC powered:false, USB powered:false, Wireless powered:false, icon:17303534, invalid charger:0, online:1, current avg:-1, charge type:0, power sharing:false
D/BatteryService(  695): Sending ACTION_BATTERY_CHANGED.
D/KeyguardUpdateMonitor(  969): received broadcast android.intent.action.BATTERY_CHANGED
D/KeyguardUpdateMonitor(  969): handleBatteryUpdate
D/STATUSBAR-PhoneStatusBar(  969):  mBrightnessEnablebySettings = true mBrightnessEnablebyBattery = true mBrightnessEnablebyDisableFlag = true mPmsBrightnessEnablebySettings = true
D/BatteryMeterView(  969): ACTION_BATTERY_CHANGED : level:96 status:3 health:2
I/DMApp   ( 2502): sendMessage : INTERRUPT_BATTERY_HIGH
I/DMApp   ( 2502): handleMessage obj.msg =INTERRUPT_BATTERY_HIGH
I/DMStateMachine( 2502): StateMachine: handleMessage() msg: INTERRUPT_BATTERY_HIGH in IDLE
D/AT_Distributor(  394): Send Msg [UART > ATD] 1 bytes <>
D/BatteryService(  695): level:96, scale:100, status:3, health:2, present:true, voltage: 4240, temperature: 221, technology: Li-ion, AC powered:false, USB powered:false, Wireless powered:false, icon:17303534, invalid charger:0, online:1, current avg:-1, charge type:0, power sharing:false
D/BatteryService(  695): Sending ACTION_BATTERY_CHANGED.
D/KeyguardUpdateMonitor(  969): received broadcast android.intent.action.BATTERY_CHANGED
D/KeyguardUpdateMonitor(  969): handleBatteryUpdate
D/STATUSBAR-PhoneStatusBar(  969):  mBrightnessEnablebySettings = true mBrightnessEnablebyBattery = true mBrightnessEnablebyDisableFlag = true mPmsBrightnessEnablebySettings = true
D/BatteryMeterView(  969): ACTION_BATTERY_CHANGED : level:96 status:3 health:2
I/DMApp   ( 2502): sendMessage : INTERRUPT_BATTERY_HIGH
I/DMApp   ( 2502): handleMessage obj.msg =INTERRUPT_BATTERY_HIGH
I/DMStateMachine( 2502): StateMachine: handleMessage() msg: INTERRUPT_BATTERY_HIGH in IDLE
D/AT_Distributor(  394): Send Msg [UART > ATD] 1 bytes <>
D/BatteryService(  695): level:96, scale:100, status:3, health:2, present:true, voltage: 4246, temperature: 221, technology: Li-ion, AC powered:false, USB powered:false, Wireless powered:false, icon:17303534, invalid charger:0, online:1, current avg:-1, charge type:0, power sharing:false
D/BatteryService(  695): Sending ACTION_BATTERY_CHANGED.
D/KeyguardUpdateMonitor(  969): received broadcast android.intent.action.BATTERY_CHANGED
D/KeyguardUpdateMonitor(  969): handleBatteryUpdate
D/STATUSBAR-PhoneStatusBar(  969):  mBrightnessEnablebySettings = true mBrightnessEnablebyBattery = true mBrightnessEnablebyDisableFlag = true mPmsBrightnessEnablebySettings = true
D/BatteryMeterView(  969): ACTION_BATTERY_CHANGED : level:96 status:3 health:2
I/DMApp   ( 2502): sendMessage : INTERRUPT_BATTERY_HIGH
I/DMApp   ( 2502): handleMessage obj.msg =INTERRUPT_BATTERY_HIGH
I/DMStateMachine( 2502): StateMachine: handleMessage() msg: INTERRUPT_BATTERY_HIGH in IDLE
D/AT_Distributor(  394): Send Msg [UART > ATD] 1 bytes <>
V/AlarmManager(  695): waitForAlarm result :8
D/KeyguardClockWidgetService( 7087): onReceive action=android.intent.action.TIME_TICK
V/AlarmManager(  695): ClockReceiver onReceive() ACTION_TIME_TICK
D/KeyguardUpdateMonitor(  969): received broadcast android.intent.action.TIME_TICK
D/KeyguardUpdateMonitor(  969): handleTimeUpdate
D/STATUSBAR-IconMerger(  969): checkOverflow(336), More:false, Req:false Child:1
D/BatteryService(  695): level:96, scale:100, status:3, health:2, present:true, voltage: 4232, temperature: 221, technology: Li-ion, AC powered:false, USB powered:false, Wireless powered:false, icon:17303534, invalid charger:0, online:1, current avg:-1, charge type:0, power sharing:false
D/BatteryService(  695): Sending ACTION_BATTERY_CHANGED.
D/KeyguardUpdateMonitor(  969): received broadcast android.intent.action.BATTERY_CHANGED
D/KeyguardUpdateMonitor(  969): handleBatteryUpdate
I/DMApp   ( 2502): sendMessage : INTERRUPT_BATTERY_HIGH
I/DMApp   ( 2502): handleMessage obj.msg =INTERRUPT_BATTERY_HIGH
I/DMStateMachine( 2502): StateMachine: handleMessage() msg: INTERRUPT_BATTERY_HIGH in IDLE
D/STATUSBAR-PhoneStatusBar(  969):  mBrightnessEnablebySettings = true mBrightnessEnablebyBattery = true mBrightnessEnablebyDisableFlag = true mPmsBrightnessEnablebySettings = true
D/BatteryMeterView(  969): ACTION_BATTERY_CHANGED : level:96 status:3 health:2
D/AT_Distributor(  394): Send Msg [UART > ATD] 1 bytes <>
D/BatteryService(  695): level:96, scale:100, status:3, health:2, present:true, voltage: 4233, temperature: 221, technology: Li-ion, AC powered:false, USB powered:false, Wireless powered:false, icon:17303534, invalid charger:0, online:1, current avg:-1, charge type:0, power sharing:false
D/BatteryService(  695): Sending ACTION_BATTERY_CHANGED.
D/KeyguardUpdateMonitor(  969): received broadcast android.intent.action.BATTERY_CHANGED
D/KeyguardUpdateMonitor(  969): handleBatteryUpdate
D/STATUSBAR-PhoneStatusBar(  969):  mBrightnessEnablebySettings = true mBrightnessEnablebyBattery = true mBrightnessEnablebyDisableFlag = true mPmsBrightnessEnablebySettings = true
D/BatteryMeterView(  969): ACTION_BATTERY_CHANGED : level:96 status:3 health:2
I/DMApp   ( 2502): sendMessage : INTERRUPT_BATTERY_HIGH
I/DMApp   ( 2502): handleMessage obj.msg =INTERRUPT_BATTERY_HIGH
I/DMStateMachine( 2502): StateMachine: handleMessage() msg: INTERRUPT_BATTERY_HIGH in IDLE
D/AT_Distributor(  394): Send Msg [UART > ATD] 1 bytes <>
D/BatteryService(  695): level:96, scale:100, status:3, health:2, present:true, voltage: 4248, temperature: 221, technology: Li-ion, AC powered:false, USB powered:false, Wireless powered:false, icon:17303534, invalid charger:0, online:1, current avg:-1, charge type:0, power sharing:false
D/BatteryService(  695): Sending ACTION_BATTERY_CHANGED.
D/KeyguardUpdateMonitor(  969): received broadcast android.intent.action.BATTERY_CHANGED
D/KeyguardUpdateMonitor(  969): handleBatteryUpdate
D/STATUSBAR-PhoneStatusBar(  969):  mBrightnessEnablebySettings = true mBrightnessEnablebyBattery = true mBrightnessEnablebyDisableFlag = true mPmsBrightnessEnablebySettings = true
D/BatteryMeterView(  969): ACTION_BATTERY_CHANGED : level:96 status:3 health:2
I/DMApp   ( 2502): sendMessage : INTERRUPT_BATTERY_HIGH
I/DMApp   ( 2502): handleMessage obj.msg =INTERRUPT_BATTERY_HIGH
I/DMStateMachine( 2502): StateMachine: handleMessage() msg: INTERRUPT_BATTERY_HIGH in IDLE
D/AT_Distributor(  394): Send Msg [UART > ATD] 1 bytes <>
D/BatteryService(  695): level:96, scale:100, status:3, health:2, present:true, voltage: 4243, temperature: 220, technology: Li-ion, AC powered:false, USB powered:false, Wireless powered:false, icon:17303534, invalid charger:0, online:1, current avg:-1, charge type:0, power sharing:false
D/BatteryService(  695): Sending ACTION_BATTERY_CHANGED.
D/KeyguardUpdateMonitor(  969): received broadcast android.intent.action.BATTERY_CHANGED
D/KeyguardUpdateMonitor(  969): handleBatteryUpdate
D/STATUSBAR-PhoneStatusBar(  969):  mBrightnessEnablebySettings = true mBrightnessEnablebyBattery = true mBrightnessEnablebyDisableFlag = true mPmsBrightnessEnablebySettings = true
D/BatteryMeterView(  969): ACTION_BATTERY_CHANGED : level:96 status:3 health:2
I/DMApp   ( 2502): sendMessage : INTERRUPT_BATTERY_HIGH
I/DMApp   ( 2502): handleMessage obj.msg =INTERRUPT_BATTERY_HIGH
I/DMStateMachine( 2502): StateMachine: handleMessage() msg: INTERRUPT_BATTERY_HIGH in IDLE
D/AT_Distributor(  394): Send Msg [UART > ATD] 1 bytes <>
D/BatteryService(  695): level:96, scale:100, status:3, health:2, present:true, voltage: 4247, temperature: 220, technology: Li-ion, AC powered:false, USB powered:false, Wireless powered:false, icon:17303534, invalid charger:0, online:1, current avg:-1, charge type:0, power sharing:false
D/BatteryService(  695): Sending ACTION_BATTERY_CHANGED.
D/KeyguardUpdateMonitor(  969): received broadcast android.intent.action.BATTERY_CHANGED
D/STATUSBAR-PhoneStatusBar(  969):  mBrightnessEnablebySettings = true mBrightnessEnablebyBattery = true mBrightnessEnablebyDisableFlag = true mPmsBrightnessEnablebySettings = true
D/KeyguardUpdateMonitor(  969): handleBatteryUpdate
D/BatteryMeterView(  969): ACTION_BATTERY_CHANGED : level:96 status:3 health:2
I/DMApp   ( 2502): sendMessage : INTERRUPT_BATTERY_HIGH
I/DMApp   ( 2502): handleMessage obj.msg =INTERRUPT_BATTERY_HIGH
I/DMStateMachine( 2502): StateMachine: handleMessage() msg: INTERRUPT_BATTERY_HIGH in IDLE
D/AT_Distributor(  394): Send Msg [UART > ATD] 1 bytes <>
D/BatteryService(  695): level:96, scale:100, status:3, health:2, present:true, voltage: 4246, temperature: 220, technology: Li-ion, AC powered:false, USB powered:false, Wireless powered:false, icon:17303534, invalid charger:0, online:1, current avg:-1, charge type:0, power sharing:false
D/BatteryService(  695): Sending ACTION_BATTERY_CHANGED.
D/KeyguardUpdateMonitor(  969): received broadcast android.intent.action.BATTERY_CHANGED
D/KeyguardUpdateMonitor(  969): handleBatteryUpdate
D/STATUSBAR-PhoneStatusBar(  969):  mBrightnessEnablebySettings = true mBrightnessEnablebyBattery = true mBrightnessEnablebyDisableFlag = true mPmsBrightnessEnablebySettings = true
D/BatteryMeterView(  969): ACTION_BATTERY_CHANGED : level:96 status:3 health:2
I/DMApp   ( 2502): sendMessage : INTERRUPT_BATTERY_HIGH
I/DMApp   ( 2502): handleMessage obj.msg =INTERRUPT_BATTERY_HIGH
I/DMStateMachine( 2502): StateMachine: handleMessage() msg: INTERRUPT_BATTERY_HIGH in IDLE
D/AT_Distributor(  394): Send Msg [UART > ATD] 1 bytes <>
D/AT_Distributor(  394): Send Msg [UART > ATD] 1 bytes <>
D/BatteryService(  695): level:96, scale:100, status:3, health:2, present:true, voltage: 4247, temperature: 220, technology: Li-ion, AC powered:false, USB powered:false, Wireless powered:false, icon:17303534, invalid charger:0, online:1, current avg:-1, charge type:0, power sharing:false
D/BatteryService(  695): Sending ACTION_BATTERY_CHANGED.
D/KeyguardUpdateMonitor(  969): received broadcast android.intent.action.BATTERY_CHANGED
D/KeyguardUpdateMonitor(  969): handleBatteryUpdate
D/STATUSBAR-PhoneStatusBar(  969):  mBrightnessEnablebySettings = true mBrightnessEnablebyBattery = true mBrightnessEnablebyDisableFlag = true mPmsBrightnessEnablebySettings = true
I/DMApp   ( 2502): sendMessage : INTERRUPT_BATTERY_HIGH
I/DMApp   ( 2502): handleMessage obj.msg =INTERRUPT_BATTERY_HIGH
D/BatteryMeterView(  969): ACTION_BATTERY_CHANGED : level:96 status:3 health:2
I/DMStateMachine( 2502): StateMachine: handleMessage() msg: INTERRUPT_BATTERY_HIGH in IDLE
D/AT_Distributor(  394): Send Msg [UART > ATD] 1 bytes <>
D/AT_Distributor(  394): Send Msg [UART > ATD] 1 bytes <>
V/AlarmManager(  695): waitForAlarm result :8
D/KeyguardClockWidgetService( 7087): onReceive action=android.intent.action.TIME_TICK
V/AlarmManager(  695): ClockReceiver onReceive() ACTION_TIME_TICK
D/KeyguardUpdateMonitor(  969): received broadcast android.intent.action.TIME_TICK
D/KeyguardUpdateMonitor(  969): handleTimeUpdate
D/STATUSBAR-IconMerger(  969): checkOverflow(336), More:false, Req:false Child:1
D/BatteryService(  695): level:96, scale:100, status:3, health:2, present:true, voltage: 4231, temperature: 220, technology: Li-ion, AC powered:false, USB powered:false, Wireless powered:false, icon:17303534, invalid charger:0, online:1, current avg:-1, charge type:0, power sharing:false
D/BatteryService(  695): Sending ACTION_BATTERY_CHANGED.
D/KeyguardUpdateMonitor(  969): received broadcast android.intent.action.BATTERY_CHANGED
D/KeyguardUpdateMonitor(  969): handleBatteryUpdate
I/DMApp   ( 2502): sendMessage : INTERRUPT_BATTERY_HIGH
I/DMApp   ( 2502): handleMessage obj.msg =INTERRUPT_BATTERY_HIGH
I/DMStateMachine( 2502): StateMachine: handleMessage() msg: INTERRUPT_BATTERY_HIGH in IDLE
D/STATUSBAR-PhoneStatusBar(  969):  mBrightnessEnablebySettings = true mBrightnessEnablebyBattery = true mBrightnessEnablebyDisableFlag = true mPmsBrightnessEnablebySettings = true
D/BatteryMeterView(  969): ACTION_BATTERY_CHANGED : level:96 status:3 health:2
D/AT_Distributor(  394): Send Msg [UART > ATD] 1 bytes <>
D/BatteryService(  695): level:96, scale:100, status:3, health:2, present:true, voltage: 4245, temperature: 220, technology: Li-ion, AC powered:false, USB powered:false, Wireless powered:false, icon:17303534, invalid charger:0, online:1, current avg:-1, charge type:0, power sharing:false
D/BatteryService(  695): Sending ACTION_BATTERY_CHANGED.
D/KeyguardUpdateMonitor(  969): received broadcast android.intent.action.BATTERY_CHANGED
D/KeyguardUpdateMonitor(  969): handleBatteryUpdate
D/STATUSBAR-PhoneStatusBar(  969):  mBrightnessEnablebySettings = true mBrightnessEnablebyBattery = true mBrightnessEnablebyDisableFlag = true mPmsBrightnessEnablebySettings = true
D/BatteryMeterView(  969): ACTION_BATTERY_CHANGED : level:96 status:3 health:2
I/DMApp   ( 2502): sendMessage : INTERRUPT_BATTERY_HIGH
I/DMApp   ( 2502): handleMessage obj.msg =INTERRUPT_BATTERY_HIGH
I/DMStateMachine( 2502): StateMachine: handleMessage() msg: INTERRUPT_BATTERY_HIGH in IDLE
D/AT_Distributor(  394): Send Msg [UART > ATD] 1 bytes <>
D/BatteryService(  695): level:96, scale:100, status:3, health:2, present:true, voltage: 4246, temperature: 220, technology: Li-ion, AC powered:false, USB powered:false, Wireless powered:false, icon:17303534, invalid charger:0, online:1, current avg:-1, charge type:0, power sharing:false
D/BatteryService(  695): Sending ACTION_BATTERY_CHANGED.
D/KeyguardUpdateMonitor(  969): received broadcast android.intent.action.BATTERY_CHANGED
D/KeyguardUpdateMonitor(  969): handleBatteryUpdate
D/STATUSBAR-PhoneStatusBar(  969):  mBrightnessEnablebySettings = true mBrightnessEnablebyBattery = true mBrightnessEnablebyDisableFlag = true mPmsBrightnessEnablebySettings = true
D/BatteryMeterView(  969): ACTION_BATTERY_CHANGED : level:96 status:3 health:2
I/DMApp   ( 2502): sendMessage : INTERRUPT_BATTERY_HIGH
I/DMApp   ( 2502): handleMessage obj.msg =INTERRUPT_BATTERY_HIGH
I/DMStateMachine( 2502): StateMachine: handleMessage() msg: INTERRUPT_BATTERY_HIGH in IDLE
D/AT_Distributor(  394): Send Msg [UART > ATD] 1 bytes <>
D/BatteryService(  695): level:96, scale:100, status:3, health:2, present:true, voltage: 4240, temperature: 220, technology: Li-ion, AC powered:false, USB powered:false, Wireless powered:false, icon:17303534, invalid charger:0, online:1, current avg:-1, charge type:0, power sharing:false
D/BatteryService(  695): Sending ACTION_BATTERY_CHANGED.
D/KeyguardUpdateMonitor(  969): received broadcast android.intent.action.BATTERY_CHANGED
D/KeyguardUpdateMonitor(  969): handleBatteryUpdate
D/STATUSBAR-PhoneStatusBar(  969):  mBrightnessEnablebySettings = true mBrightnessEnablebyBattery = true mBrightnessEnablebyDisableFlag = true mPmsBrightnessEnablebySettings = true
D/BatteryMeterView(  969): ACTION_BATTERY_CHANGED : level:96 status:3 health:2
I/DMApp   ( 2502): sendMessage : INTERRUPT_BATTERY_HIGH
I/DMApp   ( 2502): handleMessage obj.msg =INTERRUPT_BATTERY_HIGH
I/DMStateMachine( 2502): StateMachine: handleMessage() msg: INTERRUPT_BATTERY_HIGH in IDLE
D/AT_Distributor(  394): Send Msg [UART > ATD] 1 bytes <>
D/BatteryService(  695): level:96, scale:100, status:3, health:2, present:true, voltage: 4246, temperature: 219, technology: Li-ion, AC powered:false, USB powered:false, Wireless powered:false, icon:17303534, invalid charger:0, online:1, current avg:-1, charge type:0, power sharing:false
D/BatteryService(  695): Sending ACTION_BATTERY_CHANGED.
D/KeyguardUpdateMonitor(  969): received broadcast android.intent.action.BATTERY_CHANGED
D/KeyguardUpdateMonitor(  969): handleBatteryUpdate
I/DMApp   ( 2502): sendMessage : INTERRUPT_BATTERY_HIGH
I/DMApp   ( 2502): handleMessage obj.msg =INTERRUPT_BATTERY_HIGH
I/DMStateMachine( 2502): StateMachine: handleMessage() msg: INTERRUPT_BATTERY_HIGH in IDLE
D/STATUSBAR-PhoneStatusBar(  969):  mBrightnessEnablebySettings = true mBrightnessEnablebyBattery = true mBrightnessEnablebyDisableFlag = true mPmsBrightnessEnablebySettings = true
D/BatteryMeterView(  969): ACTION_BATTERY_CHANGED : level:96 status:3 health:2
V/AlarmManager(  695): waitForAlarm result :4
V/AlarmManager(  695): trigger ELAPSED_REALTIME_WAKEUP or RTC_WAKEUP
D/GCM     ( 6873): Message class mox
V/AlarmManager(  695):  next == MAX_VALUE
D/BatteryService(  695): level:96, scale:100, status:3, health:2, present:true, voltage: 4210, temperature: 219, technology: Li-ion, AC powered:false, USB powered:false, Wireless powered:false, icon:17303534, invalid charger:0, online:1, current avg:-1, charge type:0, power sharing:false
D/BatteryService(  695): Sending ACTION_BATTERY_CHANGED.
D/KeyguardUpdateMonitor(  969): received broadcast android.intent.action.BATTERY_CHANGED
D/KeyguardUpdateMonitor(  969): handleBatteryUpdate
I/DMApp   ( 2502): sendMessage : INTERRUPT_BATTERY_HIGH
I/DMApp   ( 2502): handleMessage obj.msg =INTERRUPT_BATTERY_HIGH
I/DMStateMachine( 2502): StateMachine: handleMessage() msg: INTERRUPT_BATTERY_HIGH in IDLE
D/STATUSBAR-PhoneStatusBar(  969):  mBrightnessEnablebySettings = true mBrightnessEnablebyBattery = true mBrightnessEnablebyDisableFlag = true mPmsBrightnessEnablebySettings = true
D/BatteryMeterView(  969): ACTION_BATTERY_CHANGED : level:96 status:3 health:2
D/ConnectivityService(  695): handleInetConditionHoldEnd: net=1, condition=100, published condition=100
D/STATUSBAR-NetworkController(  969): onReceive() - CONNECTIVITY_ACTION, INET_CONDITION_ACTION
D/AT_Distributor(  394): Send Msg [UART > ATD] 1 bytes <>
D/STATUSBAR-NetworkController(  969): getUpdateDataNetType() - mDataNetType:13
D/STATUSBAR-NetworkController(  969): updateDataNetType()
D/STATUSBAR-NetworkController(  969): isCdma(), !isCdmaEri(), mRoamingIconId = 0
D/StatusBar.NetworkController(  969): do not show no sim notifiation
D/BatteryService(  695): level:96, scale:100, status:3, health:2, present:true, voltage: 4245, temperature: 220, technology: Li-ion, AC powered:false, USB powered:false, Wireless powered:false, icon:17303534, invalid charger:0, online:1, current avg:-1, charge type:0, power sharing:false
D/BatteryService(  695): Sending ACTION_BATTERY_CHANGED.
D/KeyguardUpdateMonitor(  969): received broadcast android.intent.action.BATTERY_CHANGED
D/KeyguardUpdateMonitor(  969): handleBatteryUpdate
D/STATUSBAR-PhoneStatusBar(  969):  mBrightnessEnablebySettings = true mBrightnessEnablebyBattery = true mBrightnessEnablebyDisableFlag = true mPmsBrightnessEnablebySettings = true
D/BatteryMeterView(  969): ACTION_BATTERY_CHANGED : level:96 status:3 health:2
I/DMApp   ( 2502): sendMessage : INTERRUPT_BATTERY_HIGH
I/DMApp   ( 2502): handleMessage obj.msg =INTERRUPT_BATTERY_HIGH
I/DMStateMachine( 2502): StateMachine: handleMessage() msg: INTERRUPT_BATTERY_HIGH in IDLE
D/AT_Distributor(  394): Send Msg [UART > ATD] 1 bytes <>
I/SensorManagerA(  695): getReportingMode :: sensor.mType = 5
D/SensorManager(  695): registerListener :: 8, CM36651 Light Sensor, 200000, 0,  
D/BatteryService(  695): level:96, scale:100, status:2, health:2, present:true, voltage: 4255, temperature: 220, technology: Li-ion, AC powered:false, USB powered:true, Wireless powered:false, icon:17303548, invalid charger:0, online:4, current avg:-1, charge type:0, power sharing:false
D/BatteryService(  695): Sending ACTION_BATTERY_CHANGED.
D/LightsService(  695): [api] [SvcLED] setFlashing :: id = 3, color = 0, mode = 10, onMS = 0, offMS = 0,  (uid: 0 pid: 0) 
D/LightsService(  695): [SvcLED] setSvcLedStateLocked:: SvcLEDState : 0x0 -> 0x10 | SvcLED(id=3) set On
D/BatteryService(  695): turn on LED for charging
D/PowerManagerService(  695): [api] updateIsPoweredLocked : mIsPowered: true mPlugType: 2
D/KeyguardUpdateMonitor(  969): received broadcast android.intent.action.BATTERY_CHANGED
D/KeyguardUpdateMonitor(  969): handleBatteryUpdate
I/SensorManagerA(  695): getReportingMode :: sensor.mType = 5
D/SensorManager(  695): registerListener :: 8, CM36651 Light Sensor, 200000, 0,  
I/SensorManagerA(  695): getReportingMode :: sensor.mType = 1
I/MDPP    (  695): Property: None
E/        (  695): ../../accel.c|inv_get_accel_offset|211 returning 19
D/Sensors (  695): enable accel bias check
V/Sensors (  695): enable - sensor Accelerometer (handle 4) dis -> en
E/Sensors (  695): mEnabled = 10
D/CMASMessage(  969): [update] mShowingCMASText is false
D/lights  (  695): button : 1 +
D/lights  (  695): button : 1 -
I/DMApp   ( 2502): sendMessage : INTERRUPT_BATTERY_HIGH
I/DMApp   ( 2502): sendMessage : INTERRUPT_BATTERY_CHARGING_START
I/DMApp   ( 2502): handleMessage obj.msg =INTERRUPT_BATTERY_HIGH
I/DMStateMachine( 2502): StateMachine: handleMessage() msg: INTERRUPT_BATTERY_HIGH in IDLE
I/DMApp   ( 2502): handleMessage obj.msg =INTERRUPT_BATTERY_CHARGING_START
I/DMStateMachine( 2502): StateMachine: handleMessage() msg: INTERRUPT_BATTERY_CHARGING_START in IDLE
I/SensorManagerA(  695): getReportingMode :: sensor.mType = 65558
V/Sensors (  695): setDelay - sensor Accelerometer (handle 4), rate 200 ms (5.00 Hz)
D/PowerManagerService(  695): [api] acquire WakeLock flags=0x1000000a tag=charger plug uid=1000 pid=695
I/PowerManagerService(  695): !@[ps] Screen__On(wake lock) :  wl: charger plug
I/PowerManagerService(  695): Waking up from sleep...
D/PowerManagerService(  695): Screen Readiness Inspection requested: mNestCount=1
D/PowerManagerService(  695): [PWL] sb acquire: PowerManagerService.Broadcasts
D/PowerManagerService(  695): [s] WAKEFULNESS_AWAKE
D/PowerManagerService(  695): [s] getScreenOffTimeoutLocked: 600000 -> 10000
D/PowerManagerService(  695): [PWL] sb acquire: PowerManagerService.Display
D/PowerManagerService(  695): [s] UserActivityState : 0 -> 1
D/DisplayPowerController(  695): [DAB] setLightSensorEnabled : registerListener mLightSensor
D/UsbDeviceManager(  695): handleMessage -> MSG_POWER_STATE = 1
D/SensorManager(  695): registerListener :: 4, MPL accel, 200000, 0,  
D/SensorService(  695): AutoRotationSensor::changed settle time to [1]
D/SensorService(  695): AutoRotationSensor::activate (ident=0x6b71b8c0, enabled=1)
D/SensorService(  695): AutoRotationSensor::AR_init
V/Sensors (  695): setDelay - sensor Accelerometer (handle 4), rate 66 ms (15.15 Hz)
D/SensorManager(  695): registerListener :: 1600221811, Screen Orientation Sensor, 66667, 0,  
V/KeyguardServiceDelegate(  695): onScreenTurnedOn(showListener = com.android.internal.policy.impl.PhoneWindowManager$31@43504368)
I/DisplayPowerController(  695): [DAB] fileWriteInt : /sys/class/backlight/panel/auto_brightness  value : 2
D/DisplayPowerController(  695): [DAB] no lux value from sensor manager
D/DisplayPowerController(  695): animation target = 49 (PSM:false, AB limit:(-1 ~ -1) MB Limit:(-1 ~ -1) MAdj:(0, (0, 255)))
E/Sensors (  695): activatePendingSensors : mEnabled = 10
E/Sensors (  695): requested_sensors(0) from kernel
V/Sensors (  695): calling inv_set_mpu_sensors(000070)
I/MPL-fifo(  695): Actual ODR: 14285 mHz
E/Sensors (  695): set fifo rate - divider : 13, delay : 66 ms (15.15 Hz)
I/MDPP    (  695): Property: None
I/MPL-fifo(  695): Actual ODR: 14285 mHz
V/Sensors (  695): Starting DMP
W/MPL-9_sup(  695): 9 axis sensor fusion not available - No compass detected.
I/Sensors (  695): Enabled 9 axis sensor fusion
D/CMASMessage(  969): [update] mShowingCMASText is false
D/PowerManagerService(  695): Excessive delay in LCD_Task is start: 11ms
I/SELinux (12419): Function: selinux_android_load_priority [0], There is no sepolicy file.
I/SELinux (12419):  
I/SELinux (12419): Function: selinux_android_load_priority [1], There is no sepolicy version file.
I/SELinux (12419):  
I/SELinux (12419): Function: selinux_android_load_priority , priority version is VE=SEPF_SPH-L710_4.4.2_0011
I/SELinux (12419):  
I/SELinux (12419):  
I/SELinux (12419): selinux_android_seapp_context_reload: seapp_contexts file is loaded from /seapp_contexts
I/libsuspend(  695): !@[s] autosuspend_earlysuspend_disable : 282
I/MDPP    (  695): Property: None
D/KeyguardViewMediator(  969): onScreenTurnedOn, seq = 284
D/KeyguardViewMediator(  969): notifyScreenOnLocked
D/InputDispatcher(  695): setInputDispatchMode: enabled=1, frozen=0
D/UsbDeviceManager(  695): sending intent : ACTION_USB_CABLE_STATE : connected = true
D/CMASMessage(  969): [update] mShowingCMASText is false
I/MDPP    (  695): Property: None
D/CMASMessage(  969): [update] mShowingCMASText is false
I/MDPP    (  695): Property: None
D/CMASMessage(  969): [update] mShowingCMASText is false
I/MDPP    (  695): Property: None
D/CMASMessage(  969): [update] mShowingCMASText is false
I/MDPP    (  695): Property: None
D/CMASMessage(  969): [update] mShowingCMASText is false
I/MDPP    (  695): Property: None
D/CMASMessage(  969): [update] mShowingCMASText is false
I/MDPP    (  695): Property: None
D/CMASMessage(  969): [update] mShowingCMASText is false
I/MDPP    (  695): Property: None
I/MDPP    (  695): Property: None
D/CMASMessage(  969): [update] mShowingCMASText is false
I/MDPP    (  695): Property: None
D/CMASMessage(  969): [update] mShowingCMASText is false
I/MDPP    (  695): Property: None
D/CMASMessage(  969): [update] mShowingCMASText is false
I/MDPP    (  695): Property: None
D/CMASMessage(  969): [update] mShowingCMASText is false
I/MDPP    (  695): Property: None
D/CMASMessage(  969): [update] mShowingCMASText is false
I/MDPP    (  695): Property: None
D/CMASMessage(  969): [update] mShowingCMASText is false
I/MDPP    (  695): Property: None
D/CMASMessage(  969): [update] mShowingCMASText is false
I/MDPP    (  695): Property: None
D/CMASMessage(  969): [update] mShowingCMASText is false
I/MDPP    (  695): Property: None
D/CMASMessage(  969): [update] mShowingCMASText is false
I/MDPP    (  695): Property: None
I/MDPP    (  695): Property: None
D/CMASMessage(  969): [update] mShowingCMASText is false
I/MDPP    (  695): Property: None
D/CMASMessage(  969): [update] mShowingCMASText is false
I/MDPP    (  695): Property: None
D/CMASMessage(  969): [update] mShowingCMASText is false
I/MDPP    (  695): Property: None
D/CMASMessage(  969): [update] mShowingCMASText is false
I/MDPP    (  695): Property: None
D/CMASMessage(  969): [update] mShowingCMASText is false
D/PowerManagerService(  695): [api] [s] userActivity : event: 3 flags: 0 (uid: 10197 pid: 969)
I/MDPP    (  695): Property: None
D/CMASMessage(  969): [update] mShowingCMASText is false
I/MDPP    (  695): Property: None
D/CMASMessage(  969): [update] mShowingCMASText is false
I/MDPP    (  695): Property: None
D/CMASMessage(  969): [update] mShowingCMASText is false
I/MDPP    (  695): Property: None
D/CMASMessage(  969): [update] mShowingCMASText is false
I/MDPP    (  695): Property: None
D/CMASMessage(  969): [update] mShowingCMASText is false
I/MDPP    (  695): Property: None
D/CMASMessage(  969): [update] mShowingCMASText is false
I/MDPP    (  695): Property: None
D/CMASMessage(  969): [update] mShowingCMASText is false
I/MDPP    (  695): Property: None
D/CMASMessage(  969): [update] mShowingCMASText is false
I/MDPP    (  695): Property: None
D/CMASMessage(  969): [update] mShowingCMASText is false
V/UsbDeviceManager(  695): USB UEVENT: {USB_STATE=CONNECTED, SUBSYSTEM=android_usb, DEVPATH=/devices/virtual/android_usb/android0, SEQNUM=81610, ACTION=change}
V/UsbDeviceManager(  695): USB UEVENT: {USB_STATE=DISCONNECTED, SUBSYSTEM=android_usb, DEVPATH=/devices/virtual/android_usb/android0, SEQNUM=81611, ACTION=change}
D/PowerUI (  969): playSound : 1
D/KeyguardClockWidgetService( 7087): onReceive action=android.intent.action.SCREEN_ON
D/KeyguardClockWidgetProvider( 7087): refreshSingleClock :{Home} Hour = 2, Min = 35
I/EntropyMixer(  695): Writing entropy...
D/KeyguardClockWidgetProvider( 7087): desc Message = It is 2:35 PM
E/qdmemalloc(  174): heap_msk=3000000 flags=1
E/qdmemalloc(  174):  
I/MDPP    (  695): Property: None
E/qdmemalloc(  174): heap_msk=40000000 flags=1
E/qdmemalloc(  174):  
I/MPL-mldl_cfg_mpu:(  695): inv_mpu_resume(,,,,0070) -> 0070
D/SensorService(  695): AutoRotationSensor::process: Acc  eventTimestamp = 248914683368386, previousAccTimestamp = 248491700100167, difference = 422983268219 
D/SensorService(  695): AutoRotationSensor::reset oldrotation = [100], initState = [1]
D/SensorManager(  695): unregisterListener ::   
D/lights  (  695): led_pattern : 1 +
D/LightsService(  695): [SvcLED]  onSensorChanged::light value = 27
D/lights  (  695): led_pattern : 1 -
D/LightsService(  695): [SvcLED]  setSvcLedLightLocked :: priority changed! SvcLED(id=4) OUT; SvcLED(id=3) IN
D/SensorService(  695): AutoRotationSensor::process: Acc  eventTimestamp = 248914730372702, previousAccTimestamp = 248491700100167, difference = 423030272535 
D/DisplayPowerController(  695): [api] [DAB] onSensorChanged : 1st lux : 27.0
D/DisplayPowerController(  695): [DAB] updateAutoBrightnessSEC : 62(62.0)    0.0 < 27.0 < 75.0 (0.0)
D/RampAnimator(  695): Light Animator Finished currentValue=49
D/DisplayPowerController(  695): animation target = 62 (PSM:false, AB limit:(-1 ~ -1) MB Limit:(-1 ~ -1) MAdj:(0, (0, 255)))
D/KeyguardViewMediator(  969): handleNotifyScreenOn
D/KeyguardViewManager(  969): onScreenTurnedOn()
D/KeyguardHostView(  969): screen on, instance 422e5a68
D/LockPatternUtils(  969): isPcwEnable = null
I/MDPP    (  695): Property: None
V/KeyguardHostView(  969): showPrimarySecurityScreen(turningOff=false)
D/PowerUI (  969): RINGER_MODE_NORMAL
D/STATUSBAR-PhoneStatusBar(  969):  mBrightnessEnablebySettings = true mBrightnessEnablebyBattery = true mBrightnessEnablebyDisableFlag = true mPmsBrightnessEnablebySettings = true
I/MDPP    (  969): Property: None
D/KeyguardHostView(  969): showSecurityScreen(Password)
D/PowerManagerService(  695): [api] [s] userActivity : event: 3 flags: 0 (uid: 10197 pid: 969)
D/SamsungIME( 1230): onStartInputView
D/ApplicationPolicy(  695): isStatusBarNotificationAllowed: packageName = android
V/ApplicationPolicy(  695): isApplicationStateBlocked userId 0 pkgname android
D/PowerManagerService(  695): [api] [s] userActivity : event: 3 flags: 0 (uid: 10197 pid: 969)
D/PowerManagerService(  695): [api] [s] userActivity : event: 3 flags: 0 (uid: 10197 pid: 969)
V/UsbDeviceManager(  695): USB UEVENT: {USB_STATE=CONNECTED, SUBSYSTEM=android_usb, DEVPATH=/devices/virtual/android_usb/android0, SEQNUM=81613, ACTION=change}
D/UsbDeviceManager(  695): handleMessage -> MSG_UPDATE_STATE connected = 1,configured = 0
D/UsbDeviceManager(  695): updateUsbNotification : mConnected = true, mConfigured = false, mCurrentFunctions = mtp,adb
D/RestrictionPolicy(  695): isUsbMediaPlayerAvailable : true
D/EnterpriseDeviceManager(  969): ContainerId: 0
D/PasswordUnlockScreen(  969): max failed attempt for device disable :0
D/PasswordUnlockScreen(  969): isDeviceDisabledForMaxFailedAttempt return :false
D/CMASMessage(  969): [update] mShowingCMASText is false
D/CMASMessage(  969): CMASIcon was GONE : 
V/KeyguardUpdateMonitor(  969): *** register callback for com.android.keyguard.KeyguardAbsKeyInputView$6@432a54a0
D/RampAnimator(  695): Light Animator Finished currentValue=62
D/BatteryService(  695): level:96, scale:100, status:2, health:2, present:true, voltage: 4298, temperature: 220, technology: Li-ion, AC powered:false, USB powered:true, Wireless powered:false, icon:17303548, invalid charger:0, online:4, current avg:-1, charge type:0, power sharing:false
D/BatteryService(  695): stay LED for charging
D/UsbDeviceManager(  695): updateUsbNotification : notify id = 17041210, title = Connected as a media device
D/UsbDeviceManager(  695): sending intent : ACTION_USB_STATE : connected = true, configured = false, functions = mtp,adb
E/KeyguardUpdateMonitor(  969): Object tried to add another callback
E/KeyguardUpdateMonitor(  969): java.lang.Exception: Called by
E/KeyguardUpdateMonitor(  969): 	at com.android.keyguard.KeyguardUpdateMonitor.registerCallback(KeyguardUpdateMonitor.java:1100)
E/KeyguardUpdateMonitor(  969): 	at com.android.keyguard.KeyguardAbsKeyInputView.onResume(KeyguardAbsKeyInputView.java:579)
E/KeyguardUpdateMonitor(  969): 	at com.android.keyguard.KeyguardPasswordView.onResume(KeyguardPasswordView.java:80)
E/KeyguardUpdateMonitor(  969): 	at com.android.keyguard.KeyguardHostView.onScreenTurnedOn(KeyguardHostView.java:1912)
E/KeyguardU