D/BatteryService(  695): Sending ACTION_BATTERY_CHANGED.
D/KeyguardUpdateMonitor(  969): received broadcast android.intent.action.BATTERY_CHANGED
D/KeyguardUpdateMonitor(  969): handleBatteryUpdate
D/STATUSBAR-PhoneStatusBar(  969):  mBrightnessEnablebySettings = true mBrightnessEnablebyBattery = true mBrightnessEnablebyDisableFlag = true mPmsBrightnessEnablebySettings = true
D/BatteryMeterView(  969): ACTION_BATTERY_CHANGED : level:96 status:3 health:2
I/DMApp   ( 2502): sendMessage : INTERRUPT_BATTERY_HIGH
I/DMApp   ( 2502): handleMessage obj.msg =INTERRUPT_BATTERY_HIGH
I/DMStateMachine( 2502): StateMachine: handleMessage() msg: INTERRUPT_BATTERY_HIGH in IDLE
D/AT_Distributor(  394): Send Msg [UART > ATD] 1 bytes <>
E/Watchdog(  695): !@Sync 8289
D/BatteryService(  695): level:96, scale:100, status:3, health:2, present:true, voltage: 4252, temperature: 226, technology: Li-ion, AC powered:false, USB powered:false, Wireless powered:false, icon:17303534, invalid charger:0, online:1, current avg:-1, charge type:0, power sharing:false
D/BatteryService(  695): Sending ACTION_BATTERY_CHANGED.
I/DMApp   ( 2502): sendMessage : INTERRUPT_BATTERY_HIGH
D/KeyguardUpdateMonitor(  969): received broadcast android.intent.action.BATTERY_CHANGED
D/STATUSBAR-PhoneStatusBar(  969):  mBrightnessEnablebySettings = true mBrightnessEnablebyBattery = true mBrightnessEnablebyDisableFlag = true mPmsBrightnessEnablebySettings = true
D/KeyguardUpdateMonitor(  969): handleBatteryUpdate
I/DMApp   ( 2502): handleMessage obj.msg =INTERRUPT_BATTERY_HIGH
I/DMStateMachine( 2502): StateMachine: handleMessage() msg: INTERRUPT_BATTERY_HIGH in IDLE
D/BatteryMeterView(  969): ACTION_BATTERY_CHANGED : level:96 status:3 health:2
D/AT_Distributor(  394): Send Msg [UART > ATD] 1 bytes <>
D/BatteryService(  695): level:96, scale:100, status:3, health:2, present:true, voltage: 4251, temperature: 226, technology: Li-ion, AC powered:false, USB powered:false, Wireless powered:false, icon:17303534, invalid charger:0, online:1, current avg:-1, charge type:0, power sharing:false
D/BatteryService(  695): Sending ACTION_BATTERY_CHANGED.
D/KeyguardUpdateMonitor(  969): received broadcast android.intent.action.BATTERY_CHANGED
D/KeyguardUpdateMonitor(  969): handleBatteryUpdate
D/STATUSBAR-PhoneStatusBar(  969):  mBrightnessEnablebySettings = true mBrightnessEnablebyBattery = true mBrightnessEnablebyDisableFlag = true mPmsBrightnessEnablebySettings = true
D/BatteryMeterView(  969): ACTION_BATTERY_CHANGED : level:96 status:3 health:2
I/DMApp   ( 2502): sendMessage : INTERRUPT_BATTERY_HIGH
I/DMApp   ( 2502): handleMessage obj.msg =INTERRUPT_BATTERY_HIGH
I/DMStateMachine( 2502): StateMachine: handleMessage() msg: INTERRUPT_BATTERY_HIGH in IDLE
D/BatteryService(  695): level:96, scale:100, status:3, health:2, present:true, voltage: 4247, temperature: 226, technology: Li-ion, AC powered:false, USB powered:false, Wireless powered:false, icon:17303534, invalid charger:0, online:1, current avg:-1, charge type:0, power sharing:false
D/BatteryService(  695): Sending ACTION_BATTERY_CHANGED.
D/KeyguardUpdateMonitor(  969): received broadcast android.intent.action.BATTERY_CHANGED
D/KeyguardUpdateMonitor(  969): handleBatteryUpdate
D/STATUSBAR-PhoneStatusBar(  969):  mBrightnessEnablebySettings = true mBrightnessEnablebyBattery = true mBrightnessEnablebyDisableFlag = true mPmsBrightnessEnablebySettings = true
D/BatteryMeterView(  969): ACTION_BATTERY_CHANGED : level:96 status:3 health:2
I/DMApp   ( 2502): sendMessage : INTERRUPT_BATTERY_HIGH
I/DMApp   ( 2502): handleMessage obj.msg =INTERRUPT_BATTERY_HIGH
I/DMStateMachine( 2502): StateMachine: handleMessage() msg: INTERRUPT_BATTERY_HIGH in IDLE
V/AlarmManager(  695): waitForAlarm result :4
V/AlarmManager(  695): trigger ELAPSED_REALTIME_WAKEUP or RTC_WAKEUP
I/TWILIGHT( 3514): Fri Jul 18 05:39:00 CDT 2014 S/S Fri Jul 18 20:01:00 CDT 2014
I/TWILIGHT( 3514): has smart light false  false
I/TWILIGHT( 3514): Finally Update current 0 1935
D/LocationManagerService(  695): getProviders()=[]
D/LocationManagerService(  695): getProviders()=[]
D/LocationManagerService(  695): getBestProvider(Criteria[power=NO_REQ acc=LOW], true)=null
I/EventLogService( 8419): Aggregate from 1405709781451 (log), 1405709781451 (data)
E/TWILIGHT( 3514): No provider
I/TWILIGHT( 3514): Update command
I/TWILIGHT( 3514): Fri Jul 18 05:39:00 CDT 2014 S/S Fri Jul 18 20:01:00 CDT 2014
I/TWILIGHT( 3514): has smart light false  false
I/TWILIGHT( 3514): Finally Update current 0 1935
D/AT_Distributor(  394): Send Msg [UART > ATD] 1 bytes <>
D/AT_Distributor(  394): Send Msg [UART > ATD] 1 bytes <>
D/AT_Distributor(  394): Send Msg [UART > ATD] 1 bytes <>
D/BatteryService(  695): level:96, scale:100, status:3, health:2, present:true, voltage: 4250, temperature: 226, technology: Li-ion, AC powered:false, USB powered:false, Wireless powered:false, icon:17303534, invalid charger:0, online:1, current avg:-1, charge type:0, power sharing:false
D/BatteryService(  695): Sending ACTION_BATTERY_CHANGED.
D/KeyguardUpdateMonitor(  969): received broadcast android.intent.action.BATTERY_CHANGED
D/KeyguardUpdateMonitor(  969): handleBatteryUpdate
D/STATUSBAR-PhoneStatusBar(  969):  mBrightnessEnablebySettings = true mBrightnessEnablebyBattery = true mBrightnessEnablebyDisableFlag = true mPmsBrightnessEnablebySettings = true
D/BatteryMeterView(  969): ACTION_BATTERY_CHANGED : level:96 status:3 health:2
I/DMApp   ( 2502): sendMessage : INTERRUPT_BATTERY_HIGH
I/DMApp   ( 2502): handleMessage obj.msg =INTERRUPT_BATTERY_HIGH
I/DMStateMachine( 2502): StateMachine: handleMessage() msg: INTERRUPT_BATTERY_HIGH in IDLE
D/AT_Distributor(  394): Send Msg [UART > ATD] 1 bytes <>
D/dalvikvm( 2502): GC_CONCURRENT freed 896K, 56% free 7961K/17704K, paused 538ms+7ms, total 673ms
D/BatteryService(  695): level:96, scale:100, status:3, health:2, present:true, voltage: 4251, temperature: 226, technology: Li-ion, AC powered:false, USB powered:false, Wireless powered:false, icon:17303534, invalid charger:0, online:1, current avg:-1, charge type:0, power sharing:false
D/BatteryService(  695): Sending ACTION_BATTERY_CHANGED.
D/KeyguardUpdateMonitor(  969): received broadcast android.intent.action.BATTERY_CHANGED
D/KeyguardUpdateMonitor(  969): handleBatteryUpdate
D/STATUSBAR-PhoneStatusBar(  969):  mBrightnessEnablebySettings = true mBrightnessEnablebyBattery = true mBrightnessEnablebyDisableFlag = true mPmsBrightnessEnablebySettings = true
D/BatteryMeterView(  969): ACTION_BATTERY_CHANGED : level:96 status:3 health:2
I/DMApp   ( 2502): sendMessage : INTERRUPT_BATTERY_HIGH
I/DMApp   ( 2502): handleMessage obj.msg =INTERRUPT_BATTERY_HIGH
I/DMStateMachine( 2502): StateMachine: handleMessage() msg: INTERRUPT_BATTERY_HIGH in IDLE
D/AT_Distributor(  394): Send Msg [UART > ATD] 1 bytes <>
V/AlarmManager(  695): waitForAlarm result :8
D/KeyguardClockWidgetService( 7087): onReceive action=android.intent.action.TIME_TICK
D/KeyguardUpdateMonitor(  969): received broadcast android.intent.action.TIME_TICK
D/KeyguardUpdateMonitor(  969): handleTimeUpdate
V/AlarmManager(  695): ClockReceiver onReceive() ACTION_TIME_TICK
D/STATUSBAR-IconMerger(  969): checkOverflow(336), More:false, Req:false Child:1
D/BatteryService(  695): level:96, scale:100, status:3, health:2, present:true, voltage: 4245, temperature: 225, technology: Li-ion, AC powered:false, USB powered:false, Wireless powered:false, icon:17303534, invalid charger:0, online:1, current avg:-1, charge type:0, power sharing:false
D/KeyguardUpdateMonitor(  969): received broadcast android.intent.action.BATTERY_CHANGED
D/KeyguardUpdateMonitor(  969): handleBatteryUpdate
I/DMApp   ( 2502): sendMessage : INTERRUPT_BATTERY_HIGH
I/DMApp   ( 2502): handleMessage obj.msg =INTERRUPT_BATTERY_HIGH
D/BatteryService(  695): Sending ACTION_BATTERY_CHANGED.
I/DMStateMachine( 2502): StateMachine: handleMessage() msg: INTERRUPT_BATTERY_HIGH in IDLE
D/STATUSBAR-PhoneStatusBar(  969):  mBrightnessEnablebySettings = true mBrightnessEnablebyBattery = true mBrightnessEnablebyDisableFlag = true mPmsBrightnessEnablebySettings = true
D/BatteryMeterView(  969): ACTION_BATTERY_CHANGED : level:96 status:3 health:2
D/AT_Distributor(  394): Send Msg [UART > ATD] 1 bytes <>
D/BatteryService(  695): level:96, scale:100, status:3, health:2, present:true, voltage: 4242, temperature: 225, technology: Li-ion, AC powered:false, USB powered:false, Wireless powered:false, icon:17303534, invalid charger:0, online:1, current avg:-1, charge type:0, power sharing:false
D/BatteryService(  695): Sending ACTION_BATTERY_CHANGED.
D/KeyguardUpdateMonitor(  969): received broadcast android.intent.action.BATTERY_CHANGED
D/KeyguardUpdateMonitor(  969): handleBatteryUpdate
D/STATUSBAR-PhoneStatusBar(  969):  mBrightnessEnablebySettings = true mBrightnessEnablebyBattery = true mBrightnessEnablebyDisableFlag = true mPmsBrightnessEnablebySettings = true
D/BatteryMeterView(  969): ACTION_BATTERY_CHANGED : level:96 status:3 health:2
I/DMApp   ( 2502): sendMessage : INTERRUPT_BATTERY_HIGH
I/DMApp   ( 2502): handleMessage obj.msg =INTERRUPT_BATTERY_HIGH
I/DMStateMachine( 2502): StateMachine: handleMessage() msg: INTERRUPT_BATTERY_HIGH in IDLE
D/AT_Distributor(  394): Send Msg [UART > ATD] 1 bytes <>
D/BatteryService(  695): level:96, scale:100, status:3, health:2, present:true, voltage: 4251, temperature: 225, technology: Li-ion, AC powered:false, USB powered:false, Wireless powered:false, icon:17303534, invalid charger:0, online:1, current avg:-1, charge type:0, power sharing:false
D/BatteryService(  695): Sending ACTION_BATTERY_CHANGED.
D/KeyguardUpdateMonitor(  969): received broadcast android.intent.action.BATTERY_CHANGED
D/KeyguardUpdateMonitor(  969): handleBatteryUpdate
D/STATUSBAR-PhoneStatusBar(  969):  mBrightnessEnablebySettings = true mBrightnessEnablebyBattery = true mBrightnessEnablebyDisableFlag = true mPmsBrightnessEnablebySettings = true
D/BatteryMeterView(  969): ACTION_BATTERY_CHANGED : level:96 status:3 health:2
I/DMApp   ( 2502): sendMessage : INTERRUPT_BATTERY_HIGH
I/DMApp   ( 2502): handleMessage obj.msg =INTERRUPT_BATTERY_HIGH
I/DMStateMachine( 2502): StateMachine: handleMessage() msg: INTERRUPT_BATTERY_HIGH in IDLE
D/AT_Distributor(  394): Send Msg [UART > ATD] 1 bytes <>
D/BatteryService(  695): level:96, scale:100, status:3, health:2, present:true, voltage: 4250, temperature: 225, technology: Li-ion, AC powered:false, USB powered:false, Wireless powered:false, icon:17303534, invalid charger:0, online:1, current avg:-1, charge type:0, power sharing:false
D/BatteryService(  695): Sending ACTION_BATTERY_CHANGED.
D/KeyguardUpdateMonitor(  969): received broadcast android.intent.action.BATTERY_CHANGED
D/KeyguardUpdateMonitor(  969): handleBatteryUpdate
D/STATUSBAR-PhoneStatusBar(  969):  mBrightnessEnablebySettings = true mBrightnessEnablebyBattery = true mBrightnessEnablebyDisableFlag = true mPmsBrightnessEnablebySettings = true
D/BatteryMeterView(  969): ACTION_BATTERY_CHANGED : level:96 status:3 health:2
I/DMApp   ( 2502): sendMessage : INTERRUPT_BATTERY_HIGH
I/DMApp   ( 2502): handleMessage obj.msg =INTERRUPT_BATTERY_HIGH
I/DMStateMachine( 2502): StateMachine: handleMessage() msg: INTERRUPT_BATTERY_HIGH in IDLE
D/AT_Distributor(  394): Send Msg [UART > ATD] 1 bytes <>
D/AT_Distributor(  394): Send Msg [UART > ATD] 1 bytes <>
I/IcingCorporaProvider(27700): Updating corpora: APPS=NONE, CONTACTS=DELTA
I/ContactLoggerTask(27700): canRun() : Disabled
I/IcingCorporaProvider(27700): UpdateCorporaTask done [took 150 ms] updated contacts [took 150 ms]
D/AT_Distributor(  394): Send Msg [UART > ATD] 1 bytes <>
D/BatteryService(  695): level:96, scale:100, status:3, health:2, present:true, voltage: 4248, temperature: 225, technology: Li-ion, AC powered:false, USB powered:false, Wireless powered:false, icon:17303534, invalid charger:0, online:1, current avg:-1, charge type:0, power sharing:false
D/BatteryService(  695): Sending ACTION_BATTERY_CHANGED.
D/KeyguardUpdateMonitor(  969): received broadcast android.intent.action.BATTERY_CHANGED
D/KeyguardUpdateMonitor(  969): handleBatteryUpdate
D/STATUSBAR-PhoneStatusBar(  969):  mBrightnessEnablebySettings = true mBrightnessEnablebyBattery = true mBrightnessEnablebyDisableFlag = true mPmsBrightnessEnablebySettings = true
D/BatteryMeterView(  969): ACTION_BATTERY_CHANGED : level:96 status:3 health:2
I/DMApp   ( 2502): sendMessage : INTERRUPT_BATTERY_HIGH
I/DMApp   ( 2502): handleMessage obj.msg =INTERRUPT_BATTERY_HIGH
I/DMStateMachine( 2502): StateMachine: handleMessage() msg: INTERRUPT_BATTERY_HIGH in IDLE
D/KeyguardUpdateMonitor(  969): received broadcast android.intent.action.BATTERY_CHANGED
D/KeyguardUpdateMonitor(  969): handleBatteryUpdate
D/BatteryService(  695): level:96, scale:100, status:3, health:2, present:true, voltage: 4242, temperature: 225, technology: Li-ion, AC powered:false, USB powered:false, Wireless powered:false, icon:17303534, invalid charger:0, online:1, current avg:-1, charge type:0, power sharing:false
D/BatteryService(  695): Sending ACTION_BATTERY_CHANGED.
D/STATUSBAR-PhoneStatusBar(  969):  mBrightnessEnablebySettings = true mBrightnessEnablebyBattery = true mBrightnessEnablebyDisableFlag = true mPmsBrightnessEnablebySettings = true
I/DMApp   ( 2502): sendMessage : INTERRUPT_BATTERY_HIGH
I/DMApp   ( 2502): handleMessage obj.msg =INTERRUPT_BATTERY_HIGH
I/DMStateMachine( 2502): StateMachine: handleMessage() msg: INTERRUPT_BATTERY_HIGH in IDLE
D/BatteryMeterView(  969): ACTION_BATTERY_CHANGED : level:96 status:3 health:2
D/AT_Distributor(  394): Send Msg [UART > ATD] 1 bytes <>
D/BatteryService(  695): level:96, scale:100, status:3, health:2, present:true, voltage: 4250, temperature: 225, technology: Li-ion, AC powered:false, USB powered:false, Wireless powered:false, icon:17303534, invalid charger:0, online:1, current avg:-1, charge type:0, power sharing:false
D/BatteryService(  695): Sending ACTION_BATTERY_CHANGED.
D/KeyguardUpdateMonitor(  969): received broadcast android.intent.action.BATTERY_CHANGED
D/KeyguardUpdateMonitor(  969): handleBatteryUpdate
D/STATUSBAR-PhoneStatusBar(  969):  mBrightnessEnablebySettings = true mBrightnessEnablebyBattery = true mBrightnessEnablebyDisableFlag = true mPmsBrightnessEnablebySettings = true
D/BatteryMeterView(  969): ACTION_BATTERY_CHANGED : level:96 status:3 health:2
I/DMApp   ( 2502): sendMessage : INTERRUPT_BATTERY_HIGH
I/DMApp   ( 2502): handleMessage obj.msg =INTERRUPT_BATTERY_HIGH
I/DMStateMachine( 2502): StateMachine: handleMessage() msg: INTERRUPT_BATTERY_HIGH in IDLE
D/AT_Distributor(  394): Send Msg [UART > ATD] 1 bytes <>
V/AlarmManager(  695): waitForAlarm result :8
D/KeyguardClockWidgetService( 7087): onReceive action=android.intent.action.TIME_TICK
V/AlarmManager(  695): ClockReceiver onReceive() ACTION_TIME_TICK
D/KeyguardUpdateMonitor(  969): received broadcast android.intent.action.TIME_TICK
D/KeyguardUpdateMonitor(  969): handleTimeUpdate
D/STATUSBAR-IconMerger(  969): checkOverflow(336), More:false, Req:false Child:1
D/BatteryService(  695): level:96, scale:100, status:3, health:2, present:true, voltage: 4247, temperature: 225, technology: Li-ion, AC powered:false, USB powered:false, Wireless powered:false, icon:17303534, invalid charger:0, online:1, current avg:-1, charge type:0, power sharing:false
D/BatteryService(  695): Sending ACTION_BATTERY_CHANGED.
D/KeyguardUpdateMonitor(  969): received broadcast android.intent.action.BATTERY_CHANGED
D/KeyguardUpdateMonitor(  969): handleBatteryUpdate
D/STATUSBAR-PhoneStatusBar(  969):  mBrightnessEnablebySettings = true mBrightnessEnablebyBattery = true mBrightnessEnablebyDisableFlag = true mPmsBrightnessEnablebySettings = true
I/DMApp   ( 2502): sendMessage : INTERRUPT_BATTERY_HIGH
I/DMApp   ( 2502): handleMessage obj.msg =INTERRUPT_BATTERY_HIGH
I/DMStateMachine( 2502): StateMachine: handleMessage() msg: INTERRUPT_BATTERY_HIGH in IDLE
D/BatteryMeterView(  969): ACTION_BATTERY_CHANGED : level:96 status:3 health:2
D/AT_Distributor(  394): Send Msg [UART > ATD] 1 bytes <>
D/BatteryService(  695): level:96, scale:100, status:3, health:2, present:true, voltage: 4243, temperature: 225, technology: Li-ion, AC powered:false, USB powered:false, Wireless powered:false, icon:17303534, invalid charger:0, online:1, current avg:-1, charge type:0, power sharing:false
D/BatteryService(  695): Sending ACTION_BATTERY_CHANGED.
D/KeyguardUpdateMonitor(  969): received broadcast android.intent.action.BATTERY_CHANGED
D/KeyguardUpdateMonitor(  969): handleBatteryUpdate
D/STATUSBAR-PhoneStatusBar(  969):  mBrightnessEnablebySettings = true mBrightnessEnablebyBattery = true mBrightnessEnablebyDisableFlag = true mPmsBrightnessEnablebySettings = true
D/BatteryMeterView(  969): ACTION_BATTERY_CHANGED : level:96 status:3 health:2
I/DMApp   ( 2502): sendMessage : INTERRUPT_BATTERY_HIGH
I/DMApp   ( 2502): handleMessage obj.msg =INTERRUPT_BATTERY_HIGH
I/DMStateMachine( 2502): StateMachine: handleMessage() msg: INTERRUPT_BATTERY_HIGH in IDLE
D/AT_Distributor(  394): Send Msg [UART > ATD] 1 bytes <>
D/AT_Distributor(  394): Send Msg [UART > ATD] 1 bytes <>
D/BatteryService(  695): level:96, scale:100, status:3, health:2, present:true, voltage: 4247, temperature: 225, technology: Li-ion, AC powered:false, USB powered:false, Wireless powered:false, icon:17303534, invalid charger:0, online:1, current avg:-1, charge type:0, power sharing:false
D/BatteryService(  695): Sending ACTION_BATTERY_CHANGED.
D/KeyguardUpdateMonitor(  969): received broadcast android.intent.action.BATTERY_CHANGED
D/KeyguardUpdateMonitor(  969): handleBatteryUpdate
D/STATUSBAR-PhoneStatusBar(  969):  mBrightnessEnablebySettings = true mBrightnessEnablebyBattery = true mBrightnessEnablebyDisableFlag = true mPmsBrightnessEnablebySettings = true
D/BatteryMeterView(  969): ACTION_BATTERY_CHANGED : level:96 status:3 health:2
I/DMApp   ( 2502): sendMessage : INTERRUPT_BATTERY_HIGH
I/DMApp   ( 2502): handleMessage obj.msg =INTERRUPT_BATTERY_HIGH
I/DMStateMachine( 2502): StateMachine: handleMessage() msg: INTERRUPT_BATTERY_HIGH in IDLE
D/AT_Distributor(  394): Send Msg [UART > ATD] 1 bytes <>
D/BatteryService(  695): level:96, scale:100, status:3, health:2, present:true, voltage: 4246, temperature: 225, technology: Li-ion, AC powered:false, USB powered:false, Wireless powered:false, icon:17303534, invalid charger:0, online:1, current avg:-1, charge type:0, power sharing:false
D/BatteryService(  695): Sending ACTION_BATTERY_CHANGED.
D/KeyguardUpdateMonitor(  969): received broadcast android.intent.action.BATTERY_CHANGED
D/KeyguardUpdateMonitor(  969): handleBatteryUpdate
D/STATUSBAR-PhoneStatusBar(  969):  mBrightnessEnablebySettings = true mBrightnessEnablebyBattery = true mBrightnessEnablebyDisableFlag = true mPmsBrightnessEnablebySettings = true
D/BatteryMeterView(  969): ACTION_BATTERY_CHANGED : level:96 status:3 health:2
I/DMApp   ( 2502): sendMessage : INTERRUPT_BATTERY_HIGH
I/DMApp   ( 2502): handleMessage obj.msg =INTERRUPT_BATTERY_HIGH
I/DMStateMachine( 2502): StateMachine: handleMessage() msg: INTERRUPT_BATTERY_HIGH in IDLE
D/AT_Distributor(  394): Send Msg [UART > ATD] 1 bytes <>
D/BatteryService(  695): level:96, scale:100, status:3, health:2, present:true, voltage: 4248, temperature: 225, technology: Li-ion, AC powered:false, USB powered:false, Wireless powered:false, icon:17303534, invalid charger:0, online:1, current avg:-1, charge type:0, power sharing:false
D/BatteryService(  695): Sending ACTION_BATTERY_CHANGED.
D/KeyguardUpdateMonitor(  969): received broadcast android.intent.action.BATTERY_CHANGED
D/KeyguardUpdateMonitor(  969): handleBatteryUpdate
D/STATUSBAR-PhoneStatusBar(  969):  mBrightnessEnablebySettings = true mBrightnessEnablebyBattery = true mBrightnessEnablebyDisableFlag = true mPmsBrightnessEnablebySettings = true
I/DMApp   ( 2502): sendMessage : INTERRUPT_BATTERY_HIGH
I/DMApp   ( 2502): handleMessage obj.msg =INTERRUPT_BATTERY_HIGH
I/DMStateMachine( 2502): StateMachine: handleMessage() msg: INTERRUPT_BATTERY_HIGH in IDLE
D/BatteryMeterView(  969): ACTION_BATTERY_CHANGED : level:96 status:3 health:2
D/AT_Distributor(  394): Send Msg [UART > ATD] 1 bytes <>
V/AlarmManager(  695): waitForAlarm result :8
D/ConnectivityService(  695): Sampling interval elapsed, updating statistics ..
D/ConnectivityService(  695): Done.
D/ConnectivityService(  695): Setting timer for 720seconds
D/BatteryService(  695): level:96, scale:100, status:3, health:2, present:true, voltage: 4238, temperature: 225, technology: Li-ion, AC powered:false, USB powered:false, Wireless powered:false, icon:17303534, invalid charger:0, online:1, current avg:-1, charge type:0, power sharing:false
D/BatteryService(  695): Sending ACTION_BATTERY_CHANGED.
D/KeyguardUpdateMonitor(  969): received broadcast android.intent.action.BATTERY_CHANGED
D/KeyguardUpdateMonitor(  969): handleBatteryUpdate
D/STATUSBAR-PhoneStatusBar(  969):  mBrightnessEnablebySettings = true mBrightnessEnablebyBattery = true mBrightnessEnablebyDisableFlag = true mPmsBrightnessEnablebySettings = true
I/DMApp   ( 2502): sendMessage : INTERRUPT_BATTERY_HIGH
I/DMApp   ( 2502): handleMessage obj.msg =INTERRUPT_BATTERY_HIGH
I/DMStateMachine( 2502): StateMachine: handleMessage() msg: INTERRUPT_BATTERY_HIGH in IDLE
D/BatteryMeterView(  969): ACTION_BATTERY_CHANGED : level:96 status:3 health:2
D/AT_Distributor(  394): Send Msg [UART > ATD] 1 bytes <>
D/BatteryService(  695): level:96, scale:100, status:3, health:2, present:true, voltage: 4248, temperature: 224, technology: Li-ion, AC powered:false, USB powered:false, Wireless powered:false, icon:17303534, invalid charger:0, online:1, current avg:-1, charge type:0, power sharing:false
D/BatteryService(  695): Sending ACTION_BATTERY_CHANGED.
D/KeyguardUpdateMonitor(  969): received broadcast android.intent.action.BATTERY_CHANGED
D/KeyguardUpdateMonitor(  969): handleBatteryUpdate
I/DMApp   ( 2502): sendMessage : INTERRUPT_BATTERY_HIGH
I/DMApp   ( 2502): handleMessage obj.msg =INTERRUPT_BATTERY_HIGH
I/DMStateMachine( 2502): StateMachine: handleMessage() msg: INTERRUPT_BATTERY_HIGH in IDLE
D/STATUSBAR-PhoneStatusBar(  969):  mBrightnessEnablebySettings = true mBrightnessEnablebyBattery = true mBrightnessEnablebyDisableFlag = true mPmsBrightnessEnablebySettings = true
D/BatteryMeterView(  969): ACTION_BATTERY_CHANGED : level:96 status:3 health:2
D/AT_Distributor(  394): Send Msg [UART > ATD] 1 bytes <>
D/BatteryService(  695): level:96, scale:100, status:3, health:2, present:true, voltage: 4241, temperature: 224, technology: Li-ion, AC powered:false, USB powered:false, Wireless powered:false, icon:17303534, invalid charger:0, online:1, current avg:-1, charge type:0, power sharing:false
D/BatteryService(  695): Sending ACTION_BATTERY_CHANGED.
D/KeyguardUpdateMonitor(  969): received broadcast android.intent.action.BATTERY_CHANGED
D/KeyguardUpdateMonitor(  969): handleBatteryUpdate
D/STATUSBAR-PhoneStatusBar(  969):  mBrightnessEnablebySettings = true mBrightnessEnablebyBattery = true mBrightnessEnablebyDisableFlag = true mPmsBrightnessEnablebySettings = true
I/DMApp   ( 2502): sendMessage : INTERRUPT_BATTERY_HIGH
I/DMApp   ( 2502): handleMessage obj.msg =INTERRUPT_BATTERY_HIGH
I/DMStateMachine( 2502): StateMachine: handleMessage() msg: INTERRUPT_BATTERY_HIGH in IDLE
D/BatteryMeterView(  969): ACTION_BATTERY_CHANGED : level:96 status:3 health:2
D/AT_Distributor(  394): Send Msg [UART > ATD] 1 bytes <>
D/BatteryService(  695): level:96, scale:100, status:3, health:2, present:true, voltage: 4246, temperature: 224, technology: Li-ion, AC powered:false, USB powered:false, Wireless powered:false, icon:17303534, invalid charger:0, online:1, current avg:-1, charge type:0, power sharing:false
D/BatteryService(  695): Sending ACTION_BATTERY_CHANGED.
D/KeyguardUpdateMonitor(  969): received broadcast android.intent.action.BATTERY_CHANGED
D/KeyguardUpdateMonitor(  969): handleBatteryUpdate
D/STATUSBAR-PhoneStatusBar(  969):  mBrightnessEnablebySettings = true mBrightnessEnablebyBattery = true mBrightnessEnablebyDisableFlag = true mPmsBrightnessEnablebySettings = true
D/BatteryMeterView(  969): ACTION_BATTERY_CHANGED : level:96 status:3 health:2
I/DMApp   ( 2502): sendMessage : INTERRUPT_BATTERY_HIGH
I/DMApp   ( 2502): handleMessage obj.msg =INTERRUPT_BATTERY_HIGH
I/DMStateMachine( 2502): StateMachine: handleMessage() msg: INTERRUPT_BATTERY_HIGH in IDLE
D/AT_Distributor(  394): Send Msg [UART > ATD] 1 bytes <>
V/AlarmManager(  695): waitForAlarm result :8
D/KeyguardClockWidgetService( 7087): onReceive action=android.intent.action.TIME_TICK
V/AlarmManager(  695): ClockReceiver onReceive() ACTION_TIME_TICK
D/KeyguardUpdateMonitor(  969): received broadcast android.intent.action.TIME_TICK
D/KeyguardUpdateMonitor(  969): handleTimeUpdate
D/STATUSBAR-IconMerger(  969): checkOverflow(336), More:false, Req:false Child:1
D/BatteryService(  695): level:96, scale:100, status:3, health:2, present:true, voltage: 4242, temperature: 224, technology: Li-ion, AC powered:false, USB powered:false, Wireless powered:false, icon:17303534, invalid charger:0, online:1, current avg:-1, charge type:0, power sharing:false
D/BatteryService(  695): Sending ACTION_BATTERY_CHANGED.
D/KeyguardUpdateMonitor(  969): received broadcast android.intent.action.BATTERY_CHANGED
D/KeyguardUpdateMonitor(  969): handleBatteryUpdate
D/STATUSBAR-PhoneStatusBar(  969):  mBrightnessEnablebySettings = true mBrightnessEnablebyBattery = true mBrightnessEnablebyDisableFlag = true mPmsBrightnessEnablebySettings = true
I/DMApp   ( 2502): sendMessage : INTERRUPT_BATTERY_HIGH
I/DMApp   ( 2502): handleMessage obj.msg =INTERRUPT_BATTERY_HIGH
I/DMStateMachine( 2502): StateMachine: handleMessage() msg: INTERRUPT_BATTERY_HIGH in IDLE
D/BatteryMeterView(  969): ACTION_BATTERY_CHANGED : level:96 status:3 health:2
D/AT_Distributor(  394): Send Msg [UART > ATD] 1 bytes <>
D/BatteryService(  695): level:96, scale:100, status:3, health:2, present:true, voltage: 4246, temperature: 224, technology: Li-ion, AC powered:false, USB powered:false, Wireless powered:false, icon:17303534, invalid charger:0, online:1, current avg:-1, charge type:0, power sharing:false
D/BatteryService(  695): Sending ACTION_BATTERY_CHANGED.
D/KeyguardUpdateMonitor(  969): received broadcast android.intent.action.BATTERY_CHANGED
D/KeyguardUpdateMonitor(  969): handleBatteryUpdate
D/STATUSBAR-PhoneStatusBar(  969):  mBrightnessEnablebySettings = true mBrightnessEnablebyBattery = true mBrightnessEnablebyDisableFlag = true mPmsBrightnessEnablebySettings = true
I/DMApp   ( 2502): sendMessage : INTERRUPT_BATTERY_HIGH
I/DMApp   ( 2502): handleMessage obj.msg =INTERRUPT_BATTERY_HIGH
I/DMStateMachine( 2502): StateMachine: handleMessage() msg: INTERRUPT_BATTERY_HIGH in IDLE
D/BatteryMeterView(  969): ACTION_BATTERY_CHANGED : level:96 status:3 health:2
D/AT_Distributor(  394): Send Msg [UART > ATD] 1 bytes <>
D/BatteryService(  695): level:96, scale:100, status:3, health:2, present:true, voltage: 4247, temperature: 224, technology: Li-ion, AC powered:false, USB powered:false, Wireless powered:false, icon:17303534, invalid charger:0, online:1, current avg:-1, charge type:0, power sharing:false
D/BatteryService(  695): Sending ACTION_BATTERY_CHANGED.
D/KeyguardUpdateMonitor(  969): received broadcast android.intent.action.BATTERY_CHANGED
D/KeyguardUpdateMonitor(  969): handleBatteryUpdate
D/STATUSBAR-PhoneStatusBar(  969):  mBrightnessEnablebySettings = true mBrightnessEnablebyBattery = true mBrightnessEnablebyDisableFlag = true mPmsBrightnessEnablebySettings = true
I/DMApp   ( 2502): sendMessage : INTERRUPT_BATTERY_HIGH
I/DMApp   ( 2502): handleMessage obj.msg =INTERRUPT_BATTERY_HIGH
I/DMStateMachine( 2502): StateMachine: handleMessage() msg: INTERRUPT_BATTERY_HIGH in IDLE
D/BatteryMeterView(  969): ACTION_BATTERY_CHANGED : level:96 status:3 health:2
I/PowerManagerService(  695): [PWL] Off : 1420s ago
D/AT_Distributor(  394): Send Msg [UART > ATD] 1 bytes <>
E/Watchdog(  695): !@Sync 8290
D/AT_Distributor(  394): Send Msg [UART > ATD] 1 bytes <>
D/BatteryService(  695): level:96, scale:100, status:3, health:2, present:true, voltage: 4250, temperature: 224, technology: Li-ion, AC powered:false, USB powered:false, Wireless powered:false, icon:17303534, invalid charger:0, online:1, current avg:-1, charge type:0, power sharing:false
D/BatteryService(  695): Sending ACTION_BATTERY_CHANGED.
D/KeyguardUpdateMonitor(  969): received broadcast android.intent.action.BATTERY_CHANGED
D/KeyguardUpdateMonitor(  969): handleBatteryUpdate
D/STATUSBAR-PhoneStatusBar(  969):  mBrightnessEnablebySettings = true mBrightnessEnablebyBattery = true mBrightnessEnablebyDisableFlag = true mPmsBrightnessEnablebySettings = true
D/BatteryMeterView(  969): ACTION_BATTERY_CHANGED : level:96 status:3 health:2
I/DMApp   ( 2502): sendMessage : INTERRUPT_BATTERY_HIGH
I/DMApp   ( 2502): handleMessage obj.msg =INTERRUPT_BATTERY_HIGH
I/DMStateMachine( 2502): StateMachine: handleMessage() msg: INTERRUPT_BATTERY_HIGH in IDLE
D/AT_Distributor(  394): Send Msg [UART > ATD] 1 bytes <>
D/BatteryService(  695): level:96, scale:100, status:3, health:2, present:true, voltage: 4247, temperature: 224, technology: Li-ion, AC powered:false, USB powered:false, Wireless powered:false, icon:17303534, invalid charger:0, online:1, current avg:-1, charge type:0, power sharing:false
D/BatteryService(  695): Sending ACTION_BATTERY_CHANGED.
D/KeyguardUpdateMonitor(  969): received broadcast android.intent.action.BATTERY_CHANGED
D/KeyguardUpdateMonitor(  969): handleBatteryUpdate
D/STATUSBAR-PhoneStatusBar(  969):  mBrightnessEnablebySettings = true mBrightnessEnablebyBattery = true mBrightnessEnablebyDisableFlag = true mPmsBrightnessEnablebySettings = true
I/DMApp   ( 2502): sendMessage : INTERRUPT_BATTERY_HIGH
I/DMApp   ( 2502): handleMessage obj.msg =INTERRUPT_BATTERY_HIGH
I/DMStateMachine( 2502): StateMachine: handleMessage() msg: INTERRUPT_BATTERY_HIGH in IDLE
D/BatteryMeterView(  969): ACTION_BATTERY_CHANGED : level:96 status:3 health:2
D/AT_Distributor(  394): Send Msg [UART > ATD] 1 bytes <>
D/dalvikvm(  695): GC_CONCURRENT freed 4055K, 22% free 43625K/55372K, paused 71ms+45ms, total 1464ms
I/rmt_storage(  411): rmt_storage_rw_iovec_cb: /boot/modem_fs2: clnt_h=0x2: req_h=0x18b msg_id=3: R/W request received
I/rmt_storage(  411): wakelock acquired: 1, error no: 42
I/rmt_storage(  411): rmt_storage_client_thread: /boot/modem_fs2: clnt_h=0x2 Unblock worker thread (th_id: -1215016392)
D/BatteryService(  695): level:96, scale:100, status:3, health:2, present:true, voltage: 4225, temperature: 224, technology: Li-ion, AC powered:false, USB powered:false, Wireless powered:false, icon:17303534, invalid charger:0, online:1, current avg:-1, charge type:0, power sharing:false
D/BatteryService(  695): Sending ACTION_BATTERY_CHANGED.
D/KeyguardUpdateMonitor(  969): received broadcast android.intent.action.BATTERY_CHANGED
D/KeyguardUpdateMonitor(  969): handleBatteryUpdate
I/DMApp   ( 2502): sendMessage : INTERRUPT_BATTERY_HIGH
I/DMApp   ( 2502): handleMessage obj.msg =INTERRUPT_BATTERY_HIGH
I/DMStateMachine( 2502): StateMachine: handleMessage() msg: INTERRUPT_BATTERY_HIGH in IDLE
D/STATUSBAR-PhoneStatusBar(  969):  mBrightnessEnablebySettings = true mBrightnessEnablebyBattery = true mBrightnessEnablebyDisableFlag = true mPmsBrightnessEnablebySettings = true
D/BatteryMeterView(  969): ACTION_BATTERY_CHANGED : level:96 status:3 health:2
I/rmt_storage(  411): rmt_storage_client_thread: /boot/modem_fs2: clnt_h=0x2: req_h=0x18b msg_id=3: Bytes written = 3145216
I/rmt_storage(  411): rmt_storage_client_thread: /boot/modem_fs2: clnt_h=0x2: req_h=0x18b msg_id=3: Bytes written = 512
I/rmt_storage(  411): rmt_storage_client_thread: /boot/modem_fs2: clnt_h=0x2: req_h=0x18b msg_id=3: Send response: res=0 err=0
I/rmt_storage(  411): rmt_storage_client_thread: /boot/modem_fs2: clnt_h=0x2 About to block rmt_storage client thread (th_id: -1215016392) wakelock released: 1, error no: 0
I/rmt_storage(  411): 
D/AT_Distributor(  394): Send Msg [UART > ATD] 1 bytes <>
D/BatteryService(  695): level:96, scale:100, status:3, health:2, present:true, voltage: 4250, temperature: 224, technology: Li-ion, AC powered:false, USB powered:false, Wireless powered:false, icon:17303534, invalid charger:0, online:1, current avg:-1, charge type:0, power sharing:false
D/BatteryService(  695): Sending ACTION_BATTERY_CHANGED.
D/KeyguardUpdateMonitor(  969): received broadcast android.intent.action.BATTERY_CHANGED
D/KeyguardUpdateMonitor(  969): handleBatteryUpdate
I/DMApp   ( 2502): sendMessage : INTERRUPT_BATTERY_HIGH
D/STATUSBAR-PhoneStatusBar(  969):  mBrightnessEnablebySettings = true mBrightnessEnablebyBattery = true mBrightnessEnablebyDisableFlag = true mPmsBrightnessEnablebySettings = true
D/BatteryMeterView(  969): ACTION_BATTERY_CHANGED : level:96 status:3 health:2
I/DMApp   ( 2502): handleMessage obj.msg =INTERRUPT_BATTERY_HIGH
I/DMStateMachine( 2502): StateMachine: handleMessage() msg: INTERRUPT_BATTERY_HIGH in IDLE
D/AT_Distributor(  394): Send Msg [UART > ATD] 1 bytes <>
V/AlarmManager(  695): waitForAlarm result :8
D/KeyguardClockWidgetService( 7087): onReceive action=android.intent.action.TIME_TICK
V/AlarmManager(  695): ClockReceiver onReceive() ACTION_TIME_TICK
D/KeyguardUpdateMonitor(  969): received broadcast android.intent.action.TIME_TICK
D/KeyguardUpdateMonitor(  969): handleTimeUpdate
V/AlarmManager(  695): ___SyncScheduler (v3) ACTIVATED___
V/AlarmManager(  695): <AppSync3 Whitelist>
V/AlarmManager(  695): (AppSync) com.google.android.gms : 300(960)
V/AlarmManager(  695): (AppSync) com.google.android.googlequicksearchbox : 7200(25200)
V/AlarmManager(  695): (AppSync) com.google.android.gms : 900(940)
V/AlarmManager(  695): (AppSync) ### 3 added ###
D/STATUSBAR-IconMerger(  969): checkOverflow(336), More:false, Req:false Child:1
D/BatteryService(  695): level:96, scale:100, status:3, health:2, present:true, voltage: 4245, temperature: 224, technology: Li-ion, AC powered:false, USB powered:false, Wireless powered:false, icon:17303534, invalid charger:0, online:1, current avg:-1, charge type:0, power sharing:false
D/BatteryService(  695): Sending ACTION_BATTERY_CHANGED.
D/KeyguardUpdateMonitor(  969): received broadcast android.intent.action.BATTERY_CHANGED
D/KeyguardUpdateMonitor(  969): handleBatteryUpdate
D/STATUSBAR-PhoneStatusBar(  969):  mBrightnessEnablebySettings = true mBrightnessEnablebyBattery = true mBrightnessEnablebyDisableFlag = true mPmsBrightnessEnablebySettings = true
D/BatteryMeterView(  969): ACTION_BATTERY_CHANGED : level:96 status:3 health:2
I/DMApp   ( 2502): sendMessage : INTERRUPT_BATTERY_HIGH
I/DMApp   ( 2502): handleMessage obj.msg =INTERRUPT_BATTERY_HIGH
I/DMStateMachine( 2502): StateMachine: handleMessage() msg: INTERRUPT_BATTERY_HIGH in IDLE
D/AT_Distributor(  394): Send Msg [UART > ATD] 1 bytes <>
D/BatteryService(  695): level:96, scale:100, status:3, health:2, present:true, voltage: 4246, temperature: 223, technology: Li-ion, AC powered:false, USB powered:false, Wireless powered:false, icon:17303534, invalid charger:0, online:1, current avg:-1, charge type:0, power sharing:false
D/BatteryService(  695): Sending ACTION_BATTERY_CHANGED.
D/KeyguardUpdateMonitor(  969): received broadcast android.intent.action.BATTERY_CHANGED
D/KeyguardUpdateMonitor(  969): handleBatteryUpdate
D/STATUSBAR-PhoneStatusBar(  969):  mBrightnessEnablebySettings = true mBrightnessEnablebyBattery = true mBrightnessEnablebyDisableFlag = true mPmsBrightnessEnablebySettings = true
D/BatteryMeterView(  969): ACTION_BATTERY_CHANGED : level:96 status:3 health:2
I/DMApp   ( 2502): sendMessage : INTERRUPT_BATTERY_HIGH
I/DMApp   ( 2502): handleMessage obj.msg =INTERRUPT_BATTERY_HIGH
I/DMStateMachine( 2502): StateMachine: handleMessage() msg: INTERRUPT_BATTERY_HIGH in IDLE
D/AT_Distributor(  394): Send Msg [UART > ATD] 1 bytes <>
D/BatteryService(  695): level:96, scale:100, status:3, health:2, present:true, voltage: 4247, temperature: 223, technology: Li-ion, AC powered:false, USB powered:false, Wireless powered:false, icon:17303534, invalid charger:0, online:1, current avg:-1, charge type:0, power sharing:false
D/BatteryService(  695): Sending ACTION_BATTERY_CHANGED.
D/KeyguardUpdateMonitor(  969): received broadcast android.intent.action.BATTERY_CHANGED
D/KeyguardUpdateMonitor(  969): handleBatteryUpdate
D/STATUSBAR-PhoneStatusBar(  969):  mBrightnessEnablebySettings = true mBrightnessEnablebyBattery = true mBrightnessEnablebyDisableFlag = true mPmsBrightnessEnablebySettings = true
D/BatteryMeterView(  969): ACTION_BATTERY_CHANGED : level:96 status:3 health:2
I/DMApp   ( 2502): sendMessage : INTERRUPT_BATTERY_HIGH
I/DMApp   ( 2502): handleMessage obj.msg =INTERRUPT_BATTERY_HIGH
I/DMStateMachine( 2502): StateMachine: handleMessage() msg: INTERRUPT_BATTERY_HIGH in IDLE
V/AlarmManager(  695): waitForAlarm result :4
V/AlarmManager(  695): trigger ELAPSED_REALTIME_WAKEUP or RTC_WAKEUP
I/EasySmart( 7155): mWlanPowerOn starting wake lock for 90000ms
E/Watchdog(  695): !@Sync 8291
V/AlarmManager(  695): waitForAlarm result :8
D/KeyguardClockWidgetService( 7087): onReceive action=android.intent.action.TIME_TICK
V/AlarmManager(  695): ClockReceiver onReceive() ACTION_TIME_TICK
D/KeyguardUpdateMonitor(  969): received broadcast android.intent.action.TIME_TICK
D/KeyguardUpdateMonitor(  969): handleTimeUpdate
D/STATUSBAR-IconMerger(  969): checkOverflow(336), More:false, Req:false Child:1
I/PowerManagerService(  695): [PWL] Off : 1523s ago
I/PowerManagerService(  695): [PWL]   PowerManagerService.WakeLocks: ref count=1
I/PowerManagerService(  695): [PWL]     mWakeLockSummary : 0x1
I/PowerManagerService(  695): [PWL]       PARTIAL_WAKE_LOCK              'EasySmart Offload Wake Lock' (uid=10024, pid=7155, ws=null) (elapsedTime=45814)
E/Watchdog(  695): !@Sync 8292
D/BatteryService(  695): level:96, scale:100, status:3, health:2, present:true, voltage: 4245, temperature: 223, technology: Li-ion, AC powered:false, USB powered:false, Wireless powered:false, icon:17303534, invalid charger:0, online:1, current avg:-1, charge type:0, power sharing:false
D/BatteryService(  695): Sending ACTION_BATTERY_CHANGED.
D/KeyguardUpdateMonitor(  969): received broadcast android.intent.action.BATTERY_CHANGED
D/KeyguardUpdateMonitor(  969): handleBatteryUpdate
D/STATUSBAR-PhoneStatusBar(  969):  mBrightnessEnablebySettings = true mBrightnessEnablebyBattery = true mBrightnessEnablebyDisableFlag = true mPmsBrightnessEnablebySettings = true
D/BatteryMeterView(  969): ACTION_BATTERY_CHANGED : level:96 status:3 health:2
I/DMApp   ( 2502): sendMessage : INTERRUPT_BATTERY_HIGH
I/DMApp   ( 2502): handleMessage obj.msg =INTERRUPT_BATTERY_HIGH
I/DMStateMachine( 2502): StateMachine: handleMessage() msg: INTERRUPT_BATTERY_HIGH in IDLE
V/AlarmManager(  695): waitForAlarm result :4
V/AlarmManager(  695): trigger ELAPSED_REALTIME_WAKEUP or RTC_WAKEUP
I/TWILIGHT( 3514): Fri Jul 18 05:39:00 CDT 2014 S/S Fri Jul 18 20:01:00 CDT 2014
I/TWILIGHT( 3514): has smart light false  false
D/dalvikvm( 3514): GC_CONCURRENT freed 936K, 53% free 8398K/17704K, paused 20ms+22ms, total 180ms
I/TWILIGHT( 3514): Finally Update current 0 1935
D/LocationManagerService(  695): getProviders()=[]
D/LocationManagerService(  695): getProviders()=[]
D/LocationManagerService(  695): getBestProvider(Criteria[power=NO_REQ acc=LOW], true)=null
E/TWILIGHT( 3514): No provider
I/TWILIGHT( 3514): Update command
I/TWILIGHT( 3514): Fri Jul 18 05:39:00 CDT 2014 S/S Fri Jul 18 20:01:00 CDT 2014
I/TWILIGHT( 3514): has smart light false  false
I/TWILIGHT( 3514): Finally Update current 0 1935
E/Watchdog(  695): !@Sync 8293
D/AT_Distributor(  394): Send Msg [UART > ATD] 1 bytes <>
D/BatteryService(  695): level:96, scale:100, status:3, health:2, present:true, voltage: 4227, temperature: 223, technology: Li-ion, AC powered:false, USB powered:false, Wireless powered:false, icon:17303534, invalid charger:0, online:1, current avg:-1, charge type:0, power sharing:false
D/BatteryService(  695): Sending ACTION_BATTERY_CHANGED.
D/KeyguardUpdateMonitor(  969): received broadcast android.intent.action.BATTERY_CHANGED
D/KeyguardUpdateMonitor(  969): handleBatteryUpdate
D/STATUSBAR-PhoneStatusBar(  969):  mBrightnessEnablebySettings = true mBrightnessEnablebyBattery = true mBrightnessEnablebyDisableFlag = true mPmsBrightnessEnablebySettings = true
D/BatteryMeterView(  969): ACTION_BATTERY_CHANGED : level:96 status:3 health:2
I/DMApp   ( 2502): sendMessage : INTERRUPT_BATTERY_HIGH
I/DMApp   ( 2502): handleMessage obj.msg =INTERRUPT_BATTERY_HIGH
I/DMStateMachine( 2502): StateMachine: handleMessage() msg: INTERRUPT_BATTERY_HIGH in IDLE
D/AT_Distributor(  394): Send Msg [UART > ATD] 1 bytes <>
D/BatteryService(  695): level:96, scale:100, status:3, health:2, present:true, voltage: 4246, temperature: 223, technology: Li-ion, AC powered:false, USB powered:false, Wireless powered:false, icon:17303534, invalid charger:0, online:1, current avg:-1, charge type:0, power sharing:false
D/BatteryService(  695): Sending ACTION_BATTERY_CHANGED.
D/KeyguardUpdateMonitor(  969): received broadcast android.intent.action.BATTERY_CHANGED
D/KeyguardUpdateMonitor(  969): handleBatteryUpdate
D/STATUSBAR-PhoneStatusBar(  969):  mBrightnessEnablebySettings = true mBrightnessEnablebyBattery = true mBrightnessEnablebyDisableFlag = true mPmsBrightnessEnablebySettings = true
D/BatteryMeterView(  969): ACTION_BATTERY_CHANGED : level:96 status:3 health:2
I/DMApp   ( 2502): sendMessage : INTERRUPT_BATTERY_HIGH
I/DMApp   ( 2502): handleMessage obj.msg =INTERRUPT_BATTERY_HIGH
I/DMStateMachine( 2502): StateMachine: handleMessage() msg: INTERRUPT_BATTERY_HIGH in IDLE
D/AT_Distributor(  394): Send Msg [UART > ATD] 1 bytes <>
V/AlarmManager(  695): waitForAlarm result :8
D/KeyguardClockWidgetService( 7087): onReceive action=android.intent.action.TIME_TICK
D/KeyguardUpdateMonitor(  969): received broadcast android.intent.action.TIME_TICK
D/KeyguardUpdateMonitor(  969): handleTimeUpdate
V/AlarmManager(  695): ClockReceiver onReceive() ACTION_TIME_TICK
D/STATUSBAR-IconMerger(  969): checkOverflow(336), More:false, Req:false Child:1
D/BatteryService(  695): level:96, scale:100, status:3, health:2, present:true, voltage: 4242, temperature: 222, technology: Li-ion, AC powered:false, USB powered:false, Wireless powered:false, icon:17303534, invalid charger:0, online:1, current avg:-1, charge type:0, power sharing:false
D/BatteryService(  695): Sending ACTION_BATTERY_CHANGED.
D/KeyguardUpdateMonitor(  969): received broadcast android.intent.action.BATTERY_CHANGED
D/KeyguardUpdateMonitor(  969): handleBatteryUpdate
D/STATUSBAR-PhoneStatusBar(  969):  mBrightnessEnablebySettings = true mBrightnessEnablebyBattery = true mBrightnessEnablebyDisableFlag = true mPmsBrightnessEnablebySettings = true
I/DMApp   ( 2502): sendMessage : INTERRUPT_BATTERY_HIGH
I/DMApp   ( 2502): handleMessage obj.msg =INTERRUPT_BATTERY_HIGH
I/DMStateMachine( 2502): StateMachine: handleMessage() msg: INTERRUPT_BATTERY_HIGH in IDLE
D/BatteryMeterView(  969): ACTION_BATTERY_CHANGED : level:96 status:3 health:2
D/AT_Distributor(  394): Send Msg [UART > ATD] 1 bytes <>
D/BatteryService(  695): level:96, scale:100, status:3, health:2, present:true, voltage: 4243, temperature: 222, technology: Li-ion, AC powered:false, USB powered:false, Wireless powered:false, icon:17303534, invalid charger:0, online:1, current avg:-1, charge type:0, power sharing:false
D/BatteryService(  695): Sending ACTION_BATTERY_CHANGED.
D/KeyguardUpdateMonitor(  969): received broadcast android.intent.action.BATTERY_CHANGED
D/KeyguardUpdateMonitor(  969): handleBatteryUpdate
D/STATUSBAR-PhoneStatusBar(  969):  mBrightnessEnablebySettings = true mBrightnessEnablebyBattery = true mBrightnessEnablebyDisableFlag = true mPmsBrightnessEnablebySettings = true
D/BatteryMeterView(  969): ACTION_BATTERY_CHANGED : level:96 status:3 health:2
I/DMApp   ( 2502): sendMessage : INTERRUPT_BATTERY_HIGH
I/DMApp   ( 2502): handleMessage obj.msg =INTERRUPT_BATTERY_HIGH
I/DMStateMachine( 2502): StateMachine: handleMessage() msg: INTERRUPT_BATTERY_HIGH in IDLE
D/AT_Distributor(  394): Send Msg [UART > ATD] 1 bytes <>
D/BatteryService(  695): level:96, scale:100, status:3, health:2, present:true, voltage: 4248, temperature: 222, technology: Li-ion, AC powered:false, USB powered:false, Wireless powered:false, icon:17303534, invalid charger:0, online:1, current avg:-1, charge type:0, power sharing:false
D/BatteryService(  695): Sending ACTION_BATTERY_CHANGED.
D/KeyguardUpdateMonitor(  969): received broadcast android.intent.action.BATTERY_CHANGED
D/KeyguardUpdateMonitor(  969): handleBatteryUpdate
D/STATUSBAR-PhoneStatusBar(  969):  mBrightnessEnablebySettings = true mBrightnessEnablebyBattery = true mBrightnessEnablebyDisableFlag = true mPmsBrightnessEnablebySettings = true
D/BatteryMeterView(  969): ACTION_BATTERY_CHANGED : level:96 status:3 health:2
I/DMApp   ( 2502): sendMessage : INTERRUPT_BATTERY_HIGH
I/DMApp   ( 2502): handleMessage obj.msg =INTERRUPT_BATTERY_HIGH
I/DMStateMachine( 2502): StateMachine: handleMessage() msg: INTERRUPT_BATTERY_HIGH in IDLE
D/AT_Distributor(  394): Send Msg [UART > ATD] 1 bytes <>
D/BatteryService(  695): level:96, scale:100, status:3, health:2, present:true, voltage: 4233, temperature: 222, technology: Li-ion, AC powered:false, USB powered:false, Wireless powered:false, icon:17303534, invalid charger:0, online:1, current avg:-1, charge type:0, power sharing:false
D/BatteryService(  695): Sending ACTION_BATTERY_CHANGED.
D/KeyguardUpdateMonitor(  969): received broadcast android.intent.action.BATTERY_CHANGED
D/STATUSBAR-PhoneStatusBar(  969):  mBrightnessEnablebySettings = true mBrightnessEnablebyBattery = true mBrightnessEnablebyDisableFlag = true mPmsBrightnessEnablebySettings = true
D/KeyguardUpdateMonitor(  969): handleBatteryUpdate
D/BatteryMeterView(  969): ACTION_BATTERY_CHANGED : level:96 status:3 health:2
I/DMApp   ( 2502): sendMessage : INTERRUPT_BATTERY_HIGH
I/DMApp   ( 2502): handleMessage obj.msg =INTERRUPT_BATTERY_HIGH
I/DMStateMachine( 2502): StateMachine: handleMessage() msg: INTERRUPT_BATTERY_HIGH in IDLE
D/AT_Distributor(  394): Send Msg [UART > ATD] 1 bytes <>
D/BatteryService(  695): level:96, scale:100, status:3, health:2, present:true, voltage: 4245, temperature: 222, technology: Li-ion, AC powered:false, USB powered:false, Wireless powered:false, icon:17303534, invalid charger:0, online:1, current avg:-1, charge type:0, power sharing:false
D/BatteryService(  695): Sending ACTION_BATTERY_CHANGED.
D/KeyguardUpdateMonitor(  969): received broadcast android.intent.action.BATTERY_CHANGED
D/KeyguardUpdateMonitor(  969): handleBatteryUpdate
D/STATUSBAR-PhoneStatusBar(  969):  mBrightnessEnablebySettings = true mBrightnessEnablebyBattery = true mBrightnessEnablebyDisableFlag = true mPmsBrightnessEnablebySettings = true
D/BatteryMeterView(  969): ACTION_BATTERY_CHANGED : level:96 status:3 health:2
I/DMApp   ( 2502): sendMessage : INTERRUPT_BATTERY_HIGH
I/DMApp   ( 2502): handleMessage obj.msg =INTERRUPT_BATTERY_HIGH
I/DMStateMachine( 2502): StateMachine: handleMessage() msg: INTERRUPT_BATTERY_HIGH in IDLE
D/AT_Distributor(  394): Send Msg [UART > ATD] 1 bytes <>
D/BatteryService(  695): level:96, scale:100, status:3, health:2, present:true, voltage: 4248, temperature: 222, technology: Li-ion, AC powered:false, USB powered:false, Wireless powered:false, icon:17303534, invalid charger:0, online:1, current avg:-1, charge type:0, power sharing:false
D/BatteryService(  695): Sending ACTION_BATTERY_CHANGED.
D/KeyguardUpdateMonitor(  969): received broadcast android.intent.action.BATTERY_CHANGED
D/KeyguardUpdateMonitor(  969): handleBatteryUpdate
D/STATUSBAR-PhoneStatusBar(  969):  mBrightnessEnablebySettings = true mBrightnessEnablebyBattery = true mBrightnessEnablebyDisableFlag = true mPmsBrightnessEnablebySettings = true
D/BatteryMeterView(  969): ACTION_BATTERY_CHANGED : level:96 status:3 health:2
I/DMApp   ( 2502): sendMessage : INTERRUPT_BATTERY_HIGH
I/DMApp   ( 2502): handleMessage obj.msg =INTERRUPT_BATTERY_HIGH
I/DMStateMachine( 2502): StateMachine: handleMessage() msg: INTERRUPT_BATTERY_HIGH in IDLE
D/AT_Distributor(  394): Send Msg [UART > ATD] 1 bytes <>
D/BatteryService(  695): level:96, scale:100, status:3, health:2, present:true, voltage: 4246, temperature: 222, technology: Li-ion, AC powered:false, USB powered:false, Wireless powered:false, icon:17303534, invalid charger:0, online:1, current avg:-1, charge type:0, power sharing:false
D/BatteryService(  695): Sending ACTION_BATTERY_CHANGED.
D/KeyguardUpdateMonitor(  969): received broadcast android.intent.action.BATTERY_CHANGED
D/KeyguardUpdateMonitor(  969): handleBatteryUpdate
D/STATUSBAR-PhoneStatusBar(  969):  mBrightnessEnablebySettings = true mBrightnessEnablebyBattery = true mBrightnessEnablebyDisableFlag = true mPmsBrightnessEnablebySettings = true
D/BatteryMeterView(  969): ACTION_BATTERY_CHANGED : level:96 status:3 health:2
I/DMApp   ( 2502): sendMessage : INTERRUPT_BATTERY_HIGH
I/DMApp   ( 2502): handleMessage obj.msg =INTERRUPT_BATTERY_HIGH
I/DMStateMachine( 2502): StateMachine: handleMessage() msg: INTERRUPT_BATTERY_HIGH in IDLE
D/AT_Distributor(  394): Send Msg [UART > ATD] 1 bytes <>
