W/ContextImpl(  695): Calling a method in the system process without a qualified user: android.app.ContextImpl.sendBroadcast:1509 com.android.server.InputMethodManagerService$4.run:2683 java.lang.Thread.run:841 <bottom of call stack> <bottom of call stack> 
D/CustomFrequencyManagerService(  695): releaseDVFSLockLocked : Getting Lock type frm List : DVFS_MIN_LIMIT  frequency : 1242000  uid : 1000  pid : 695  tag : ACTIVITY_RESUME_BOOSTER@5
W/ActivityManager(  695): mDVFSHelper.release()
D/CustomFrequencyManagerService(  695): acquireDVFSLockLocked : type : DVFS_MIN_LIMIT  frequency : 1242000  uid : 1000  pid : 695  pkgName : ACTIVITY_RESUME_BOOSTER@9
D/CustomFrequencyManagerService(  695): releaseDVFSLockLocked : Getting Lock type frm List : DVFS_MIN_LIMIT  frequency : 1242000  uid : 1000  pid : 695  tag : ACTIVITY_RESUME_BOOSTER@9
W/Vold    (  149): Returning OperationFailed - no handler for errno 30
D/CustomFrequencyManagerService(  695): acquireDVFSLockLocked : type : DVFS_MIN_LIMIT  frequency : 810000  uid : 10186  pid : 25729  pkgName : LIST_SCROLL_BOOSTER@119
D/CustomFrequencyManagerService(  695): releaseDVFSLockLocked : Getting Lock type frm List : DVFS_MIN_LIMIT  frequency : 810000  uid : 10186  pid : 25729  tag : LIST_SCROLL_BOOSTER@119
W/Vold    (  149): Returning OperationFailed - no handler for errno 30
D/CustomFrequencyManagerService(  695): acquireDVFSLockLocked : type : DVFS_MIN_LIMIT  frequency : 810000  uid : 10186  pid : 25729  pkgName : LIST_SCROLL_BOOSTER@119
W/Vold    (  149): Returning OperationFailed - no handler for errno 30
D/CustomFrequencyManagerService(  695): releaseDVFSLockLocked : Getting Lock type frm List : DVFS_MIN_LIMIT  frequency : 810000  uid : 10186  pid : 25729  tag : LIST_SCROLL_BOOSTER@119
D/CustomFrequencyManagerService(  695): acquireDVFSLockLocked : type : DVFS_MIN_LIMIT  frequency : 810000  uid : 10186  pid : 25729  pkgName : LIST_SCROLL_BOOSTER@119
D/CustomFrequencyManagerService(  695): releaseDVFSLockLocked : Getting Lock type frm List : DVFS_MIN_LIMIT  frequency : 810000  uid : 10186  pid : 25729  tag : LIST_SCROLL_BOOSTER@119
D/STATUSBAR-NetworkController(  969): onSignalStrengthsChanged signalStrength=SignalStrength: 99 99 -80 -25 -120 -1 -1 14 -106 -7 164 -1 2147483647 gsm|lte 0x3050 level=3
D/PowerManagerService(  695): [api] userActivityFromNative : 40 (event: 2 flags: 0)
D/CustomFrequencyManagerService(  695): acquireDVFSLockLocked : type : DVFS_MIN_LIMIT  frequency : 1242000  uid : 1000  pid : 695  pkgName : ACTIVITY_RESUME_BOOSTER@5
W/ActivityManager(  695): mDVFSHelper.acquire()
D/MultiPhoneWindow(25729): generateLayout : sMinimumStackBoundForPortraitOrientRect(0, 0 - 0, 0), sMinimumStackBoundForLandscapeOrient=Rect(0, 0 - 0, 0)
D/StatusBarManagerService(  695): tr p:25729,o:f
D/MotionRecognitionService(  695):  ssp status : false
D/StatusBarManagerService(  695): semi p:25729,o:f
D/STATUSBAR-StatusBarManagerService(  695): manageDisableList what=0x0 pkg=WindowManager.LayoutParams
D/RestrictionPolicy(  695): isStatusBarExpansionAllowed : true
D/RestrictionPolicy(  695): isUseSecureKeypadEnabled : false
W/ContextImpl(  695): Calling a method in the system process without a qualified user: android.app.ContextImpl.sendBroadcast:1509 com.android.server.InputMethodManagerService$4.run:2683 java.lang.Thread.run:841 <bottom of call stack> <bottom of call stack> 
D/CustomFrequencyManagerService(  695): releaseDVFSLockLocked : Getting Lock type frm List : DVFS_MIN_LIMIT  frequency : 1242000  uid : 1000  pid : 695  tag : ACTIVITY_RESUME_BOOSTER@5
W/ActivityManager(  695): mDVFSHelper.release()
D/CustomFrequencyManagerService(  695): acquireDVFSLockLocked : type : DVFS_MIN_LIMIT  frequency : 1242000  uid : 1000  pid : 695  pkgName : ACTIVITY_RESUME_BOOSTER@9
E/Watchdog(  695): !@Sync 7725
D/CustomFrequencyManagerService(  695): releaseDVFSLockLocked : Getting Lock type frm List : DVFS_MIN_LIMIT  frequency : 1242000  uid : 1000  pid : 695  tag : ACTIVITY_RESUME_BOOSTER@9
V/VibratorService(  695): hasVibrator - useVibetonz: true
V/VibratorService(  695): vibrateImmVibeMagnitudeType - magnitudeType: TouchMagnitude
D/VibratorService(  695): ImmVibe vibratorOff()
V/VibratorService(  695): vibrateImmVibe - package: android, type: 14, magnitude: 6000
D/CustomFrequencyManagerService(  695): acquireDVFSLockLocked : type : DVFS_MIN_LIMIT  frequency : 1242000  uid : 1000  pid : 695  pkgName : ACTIVITY_RESUME_BOOSTER@5
W/ActivityManager(  695): mDVFSHelper.acquire()
D/StatusBarManagerService(  695): semi p:25729,o:f
D/STATUSBAR-StatusBarManagerService(  695): manageDisableList what=0x0 pkg=WindowManager.LayoutParams
D/RestrictionPolicy(  695): isStatusBarExpansionAllowed : true
D/RestrictionPolicy(  695): isUseSecureKeypadEnabled : false
W/ContextImpl(  695): Calling a method in the system process without a qualified user: android.app.ContextImpl.sendBroadcast:1509 com.android.server.InputMethodManagerService$4.run:2683 java.lang.Thread.run:841 <bottom of call stack> <bottom of call stack> 
D/CustomFrequencyManagerService(  695): releaseDVFSLockLocked : Getting Lock type frm List : DVFS_MIN_LIMIT  frequency : 1242000  uid : 1000  pid : 695  tag : ACTIVITY_RESUME_BOOSTER@5
W/ActivityManager(  695): mDVFSHelper.release()
D/CustomFrequencyManagerService(  695): acquireDVFSLockLocked : type : DVFS_MIN_LIMIT  frequency : 1242000  uid : 1000  pid : 695  pkgName : ACTIVITY_RESUME_BOOSTER@9
D/CustomFrequencyManagerService(  695): releaseDVFSLockLocked : Getting Lock type frm List : DVFS_MIN_LIMIT  frequency : 1242000  uid : 1000  pid : 695  tag : ACTIVITY_RESUME_BOOSTER@9
D/CustomFrequencyManagerService(  695): acquireDVFSLockLocked : type : DVFS_MIN_LIMIT  frequency : 1242000  uid : 1000  pid : 695  pkgName : ACTIVITY_RESUME_BOOSTER@5
W/ActivityManager(  695): mDVFSHelper.acquire()
D/MultiPhoneWindow(25729): generateLayout : sMinimumStackBoundForPortraitOrientRect(0, 0 - 0, 0), sMinimumStackBoundForLandscapeOrient=Rect(0, 0 - 0, 0)
D/StatusBarManagerService(  695): tr p:25729,o:f
D/MotionRecognitionService(  695):  ssp status : false
D/StatusBarManagerService(  695): semi p:25729,o:f
D/STATUSBAR-StatusBarManagerService(  695): manageDisableList what=0x0 pkg=WindowManager.LayoutParams
D/RestrictionPolicy(  695): isStatusBarExpansionAllowed : true
D/RestrictionPolicy(  695): isUseSecureKeypadEnabled : false
W/ContextImpl(  695): Calling a method in the system process without a qualified user: android.app.ContextImpl.sendBroadcast:1509 com.android.server.InputMethodManagerService$4.run:2683 java.lang.Thread.run:841 <bottom of call stack> <bottom of call stack> 
D/CustomFrequencyManagerService(  695): releaseDVFSLockLocked : Getting Lock type frm List : DVFS_MIN_LIMIT  frequency : 1242000  uid : 1000  pid : 695  tag : ACTIVITY_RESUME_BOOSTER@5
W/ActivityManager(  695): mDVFSHelper.release()
D/CustomFrequencyManagerService(  695): acquireDVFSLockLocked : type : DVFS_MIN_LIMIT  frequency : 1242000  uid : 1000  pid : 695  pkgName : ACTIVITY_RESUME_BOOSTER@9
D/CustomFrequencyManagerService(  695): releaseDVFSLockLocked : Getting Lock type frm List : DVFS_MIN_LIMIT  frequency : 1242000  uid : 1000  pid : 695  tag : ACTIVITY_RESUME_BOOSTER@9
V/VibratorService(  695): hasVibrator - useVibetonz: true
V/VibratorService(  695): vibrateImmVibeMagnitudeType - magnitudeType: TouchMagnitude
D/VibratorService(  695): ImmVibe vibratorOff()
V/VibratorService(  695): vibrateImmVibe - package: android, type: 14, magnitude: 6000
D/CustomFrequencyManagerService(  695): acquireDVFSLockLocked : type : DVFS_MIN_LIMIT  frequency : 1242000  uid : 1000  pid : 695  pkgName : ACTIVITY_RESUME_BOOSTER@5
W/ActivityManager(  695): mDVFSHelper.acquire()
D/StatusBarManagerService(  695): semi p:25729,o:f
D/STATUSBAR-StatusBarManagerService(  695): manageDisableList what=0x0 pkg=WindowManager.LayoutParams
D/RestrictionPolicy(  695): isStatusBarExpansionAllowed : true
D/RestrictionPolicy(  695): isUseSecureKeypadEnabled : false
W/ContextImpl(  695): Calling a method in the system process without a qualified user: android.app.ContextImpl.sendBroadcast:1509 com.android.server.InputMethodManagerService$4.run:2683 java.lang.Thread.run:841 <bottom of call stack> <bottom of call stack> 
D/CustomFrequencyManagerService(  695): releaseDVFSLockLocked : Getting Lock type frm List : DVFS_MIN_LIMIT  frequency : 1242000  uid : 1000  pid : 695  tag : ACTIVITY_RESUME_BOOSTER@5
W/ActivityManager(  695): mDVFSHelper.release()
D/CustomFrequencyManagerService(  695): acquireDVFSLockLocked : type : DVFS_MIN_LIMIT  frequency : 1242000  uid : 1000  pid : 695  pkgName : ACTIVITY_RESUME_BOOSTER@9
D/CustomFrequencyManagerService(  695): releaseDVFSLockLocked : Getting Lock type frm List : DVFS_MIN_LIMIT  frequency : 1242000  uid : 1000  pid : 695  tag : ACTIVITY_RESUME_BOOSTER@9
D/CustomFrequencyManagerService(  695): acquireDVFSLockLocked : type : DVFS_MIN_LIMIT  frequency : 810000  uid : 10186  pid : 25729  pkgName : LIST_SCROLL_BOOSTER@119
W/Vold    (  149): Returning OperationFailed - no handler for errno 30
D/CustomFrequencyManagerService(  695): releaseDVFSLockLocked : Getting Lock type frm List : DVFS_MIN_LIMIT  frequency : 810000  uid : 10186  pid : 25729  tag : LIST_SCROLL_BOOSTER@119
D/CustomFrequencyManagerService(  695): acquireDVFSLockLocked : type : DVFS_MIN_LIMIT  frequency : 1242000  uid : 1000  pid : 695  pkgName : ACTIVITY_RESUME_BOOSTER@5
W/ActivityManager(  695): mDVFSHelper.acquire()
D/CustomFrequencyManagerService(  695): releaseDVFSLockLocked : Getting Lock type frm List : DVFS_MIN_LIMIT  frequency : 1242000  uid : 1000  pid : 695  tag : ACTIVITY_RESUME_BOOSTER@5
W/ActivityManager(  695): mDVFSHelper.release()
D/CustomFrequencyManagerService(  695): acquireDVFSLockLocked : type : DVFS_MIN_LIMIT  frequency : 1242000  uid : 1000  pid : 695  pkgName : ACTIVITY_RESUME_BOOSTER@9
D/CustomFrequencyManagerService(  695): acquireDVFSLockLocked : type : DVFS_MIN_LIMIT  frequency : 1242000  uid : 1000  pid : 695  pkgName : ACTIVITY_RESUME_BOOSTER@5
W/ActivityManager(  695): mDVFSHelper.acquire()
D/MultiPhoneWindow(25729): generateLayout : sMinimumStackBoundForPortraitOrientRect(0, 0 - 0, 0), sMinimumStackBoundForLandscapeOrient=Rect(0, 0 - 0, 0)
D/StatusBarManagerService(  695): tr p:25729,o:f
D/MotionRecognitionService(  695):  ssp status : false
D/StatusBarManagerService(  695): semi p:25729,o:f
D/STATUSBAR-StatusBarManagerService(  695): manageDisableList what=0x0 pkg=WindowManager.LayoutParams
D/RestrictionPolicy(  695): isStatusBarExpansionAllowed : true
D/RestrictionPolicy(  695): isUseSecureKeypadEnabled : false
W/ContextImpl(  695): Calling a method in the system process without a qualified user: android.app.ContextImpl.sendBroadcast:1509 com.android.server.InputMethodManagerService$4.run:2683 java.lang.Thread.run:841 <bottom of call stack> <bottom of call stack> 
D/CustomFrequencyManagerService(  695): releaseDVFSLockLocked : Getting Lock type frm List : DVFS_MIN_LIMIT  frequency : 1242000  uid : 1000  pid : 695  tag : ACTIVITY_RESUME_BOOSTER@9
D/CustomFrequencyManagerService(  695): FrequencyrequestList.getNextMaxCPUCoreRequest, index: 0
D/CustomFrequencyManagerService(  695): releaseDVFSLockLocked : Getting Lock type frm List : DVFS_MIN_LIMIT  frequency : 1242000  uid : 1000  pid : 695  tag : ACTIVITY_RESUME_BOOSTER@5
W/ActivityManager(  695): mDVFSHelper.release()
D/CustomFrequencyManagerService(  695): acquireDVFSLockLocked : type : DVFS_MIN_LIMIT  frequency : 1242000  uid : 1000  pid : 695  pkgName : ACTIVITY_RESUME_BOOSTER@9
D/CustomFrequencyManagerService(  695): releaseDVFSLockLocked : Getting Lock type frm List : DVFS_MIN_LIMIT  frequency : 1242000  uid : 1000  pid : 695  tag : ACTIVITY_RESUME_BOOSTER@9
D/STATUSBAR-NetworkController(  969): onSignalStrengthsChanged signalStrength=SignalStrength: 99 99 -80 -25 -120 -1 -1 13 -105 -7 162 -1 2147483647 gsm|lte 0x3050 level=3
V/AlarmManager(  695): waitForAlarm result :4
V/AlarmManager(  695): trigger ELAPSED_REALTIME_WAKEUP or RTC_WAKEUP
D/BatteryService(  695): level:93, scale:100, status:3, health:2, present:true, voltage: 4186, temperature: 273, technology: Li-ion, AC powered:false, USB powered:false, Wireless powered:false, icon:17303534, invalid charger:0, online:1, current avg:-1, charge type:0, power sharing:false
D/BatteryService(  695): Sending ACTION_BATTERY_CHANGED.
D/STATUSBAR-PhoneStatusBar(  969):  mBrightnessEnablebySettings = true mBrightnessEnablebyBattery = true mBrightnessEnablebyDisableFlag = true mPmsBrightnessEnablebySettings = true
D/BatteryMeterView(  969): ACTION_BATTERY_CHANGED : level:93 status:3 health:2
E/Watchdog(  695): !@Sync 7726
V/AlarmManager(  695): waitForAlarm result :8
D/KeyguardClockWidgetService( 7087): onReceive action=android.intent.action.TIME_TICK
V/AlarmManager(  695): ClockReceiver onReceive() ACTION_TIME_TICK
D/STATUSBAR-IconMerger(  969): checkOverflow(336), More:false, Req:false Child:1
V/VibratorService(  695): hasVibrator - useVibetonz: true
V/VibratorService(  695): vibrateImmVibeMagnitudeType - magnitudeType: TouchMagnitude
D/VibratorService(  695): ImmVibe vibratorOff()
V/VibratorService(  695): vibrateImmVibe - package: android, type: 14, magnitude: 6000
D/CustomFrequencyManagerService(  695): acquireDVFSLockLocked : type : DVFS_MIN_LIMIT  frequency : 1242000  uid : 1000  pid : 695  pkgName : ACTIVITY_RESUME_BOOSTER@5
W/ActivityManager(  695): mDVFSHelper.acquire()
D/StatusBarManagerService(  695): semi p:25729,o:f
D/STATUSBAR-StatusBarManagerService(  695): manageDisableList what=0x0 pkg=WindowManager.LayoutParams
D/RestrictionPolicy(  695): isStatusBarExpansionAllowed : true
D/RestrictionPolicy(  695): isUseSecureKeypadEnabled : false
W/ContextImpl(  695): Calling a method in the system process without a qualified user: android.app.ContextImpl.sendBroadcast:1509 com.android.server.InputMethodManagerService$4.run:2683 java.lang.Thread.run:841 <bottom of call stack> <bottom of call stack> 
D/CustomFrequencyManagerService(  695): releaseDVFSLockLocked : Getting Lock type frm List : DVFS_MIN_LIMIT  frequency : 1242000  uid : 1000  pid : 695  tag : ACTIVITY_RESUME_BOOSTER@5
W/ActivityManager(  695): mDVFSHelper.release()
D/CustomFrequencyManagerService(  695): acquireDVFSLockLocked : type : DVFS_MIN_LIMIT  frequency : 1242000  uid : 1000  pid : 695  pkgName : ACTIVITY_RESUME_BOOSTER@9
D/CustomFrequencyManagerService(  695): releaseDVFSLockLocked : Getting Lock type frm List : DVFS_MIN_LIMIT  frequency : 1242000  uid : 1000  pid : 695  tag : ACTIVITY_RESUME_BOOSTER@9
W/ProcessCpuTracker(  695): Skipping unknown process pid 13866
W/ProcessCpuTracker(  695): Skipping unknown process pid 13869
W/ProcessCpuTracker(  695): Skipping unknown process pid 13872
W/ProcessCpuTracker(  695): Skipping unknown process pid 13875
D/CustomFrequencyManagerService(  695): acquireDVFSLockLocked : type : DVFS_MIN_LIMIT  frequency : 810000  uid : 10186  pid : 25729  pkgName : LIST_SCROLL_BOOSTER@119
W/Vold    (  149): Returning OperationFailed - no handler for errno 30
D/PowerManagerService(  695): [api] userActivityFromNative : 50 (event: 2 flags: 0)
D/CustomFrequencyManagerService(  695): releaseDVFSLockLocked : Getting Lock type frm List : DVFS_MIN_LIMIT  frequency : 810000  uid : 10186  pid : 25729  tag : LIST_SCROLL_BOOSTER@119
D/CustomFrequencyManagerService(  695): acquireDVFSLockLocked : type : DVFS_MIN_LIMIT  frequency : 810000  uid : 10186  pid : 25729  pkgName : LIST_SCROLL_BOOSTER@119
D/CustomFrequencyManagerService(  695): releaseDVFSLockLocked : Getting Lock type frm List : DVFS_MIN_LIMIT  frequency : 810000  uid : 10186  pid : 25729  tag : LIST_SCROLL_BOOSTER@119
D/CustomFrequencyManagerService(  695): acquireDVFSLockLocked : type : DVFS_MIN_LIMIT  frequency : 810000  uid : 10186  pid : 25729  pkgName : LIST_SCROLL_BOOSTER@119
D/BatteryService(  695): level:93, scale:100, status:3, health:2, present:true, voltage: 4163, temperature: 272, technology: Li-ion, AC powered:false, USB powered:false, Wireless powered:false, icon:17303534, invalid charger:0, online:1, current avg:-1, charge type:0, power sharing:false
D/BatteryService(  695): Sending ACTION_BATTERY_CHANGED.
D/STATUSBAR-PhoneStatusBar(  969):  mBrightnessEnablebySettings = true mBrightnessEnablebyBattery = true mBrightnessEnablebyDisableFlag = true mPmsBrightnessEnablebySettings = true
D/BatteryMeterView(  969): ACTION_BATTERY_CHANGED : level:93 status:3 health:2
D/CustomFrequencyManagerService(  695): releaseDVFSLockLocked : Getting Lock type frm List : DVFS_MIN_LIMIT  frequency : 810000  uid : 10186  pid : 25729  tag : LIST_SCROLL_BOOSTER@119
D/CustomFrequencyManagerService(  695): acquireDVFSLockLocked : type : DVFS_MIN_LIMIT  frequency : 1242000  uid : 1000  pid : 695  pkgName : ACTIVITY_RESUME_BOOSTER@5
W/ActivityManager(  695): mDVFSHelper.acquire()
D/StatusBarManagerService(  695): semi p:29467,o:f
D/STATUSBAR-StatusBarManagerService(  695): manageDisableList what=0x0 pkg=WindowManager.LayoutParams
D/RestrictionPolicy(  695): isStatusBarExpansionAllowed : true
W/FileUtils(13935): Failed to chmod(/data/data/com.android.chrome/app_lib): libcore.io.ErrnoException: chmod failed: ENOENT (No such file or directory)
D/RestrictionPolicy(  695): isUseSecureKeypadEnabled : false
W/ContextImpl(  695): Calling a method in the system process without a qualified user: android.app.ContextImpl.sendBroadcast:1509 com.android.server.InputMethodManagerService$4.run:2683 java.lang.Thread.run:841 <bottom of call stack> <bottom of call stack> 
V/AlarmManager(  695): waitForAlarm result :8
D/CustomFrequencyManagerService(  695): releaseDVFSLockLocked : Getting Lock type frm List : DVFS_MIN_LIMIT  frequency : 1242000  uid : 1000  pid : 695  tag : ACTIVITY_RESUME_BOOSTER@5
W/ActivityManager(  695): mDVFSHelper.release()
D/CustomFrequencyManagerService(  695): acquireDVFSLockLocked : type : DVFS_MIN_LIMIT  frequency : 1242000  uid : 1000  pid : 695  pkgName : ACTIVITY_RESUME_BOOSTER@9
I/WindowState(  695): WIN DEATH: Window{42e444d0 u0 com.google.android.gm/com.google.android.gm.ConversationListActivityGmail}
D/CustomFrequencyManagerService(  695): releaseDVFSLockLocked : Getting Lock type frm List : DVFS_MIN_LIMIT  frequency : 1242000  uid : 1000  pid : 695  tag : ACTIVITY_RESUME_BOOSTER@9
V/AlarmManager(  695): waitForAlarm result :8
V/AlarmManager(  695): waitForAlarm result :8
D/MobileDataStateTracker(  695): default: setPolicyDataEnable(enabled=true)
W/NetworkStats(  695): getDevSummary: NetworkStats: elapsedRealtime=0
W/NetworkStats(  695): getXtSummary: NetworkStats: elapsedRealtime=721951931
W/NetworkStats(  695):   [0] iface=null uid=-1 set=ALL tag=0x0 rxBytes=65108248 rxPackets=68663 txBytes=22697606 txPackets=61645 operations=0
V/AlarmManager(  695): waitForAlarm result :8
E/Watchdog(  695): !@Sync 7727
D/STATUSBAR-NetworkController(  969): onSignalStrengthsChanged signalStrength=SignalStrength: 99 99 -81 -35 -120 -1 -1 13 -107 -7 146 -1 2147483647 gsm|lte 0x3050 level=3
D/PowerManagerService(  695): [api] userActivityFromNative : 60 (event: 2 flags: 0)
D/STATUSBAR-NetworkController(  969): onSignalStrengthsChanged signalStrength=SignalStrength: 99 99 -81 -40 -120 -1 -1 13 -107 -7 164 -1 2147483647 gsm|lte 0x3050 level=3
V/AlarmManager(  695): waitForAlarm result :8
D/STATUSBAR-NetworkController(  969): onSignalStrengthsChanged signalStrength=SignalStrength: 99 99 -82 -45 -120 -1 -1 13 -107 -7 144 -1 2147483647 gsm|lte 0x3050 level=3
V/AlarmManager(  695): waitForAlarm result :8
D/TimaService(  695): TIMA: TimaService scheduler is intialized. 
D/TimaService(  695): TIMA: checkEvent, operation: 50000 subject: 10000
D/TimaService(  695): TimaServiceHandler.handleMessage what =1
D/STATUSBAR-NetworkController(  969): onSignalStrengthsChanged signalStrength=SignalStrength: 99 99 -82 -40 -120 -1 -1 13 -106 -7 144 -1 2147483647 gsm|lte 0x3050 level=3
V/AlarmManager(  695): waitForAlarm result :8
V/AlarmManager(  695): waitForAlarm result :8
D/TimaService(  695): TIMA MEASUREMENT Result: TIMA_STATUS=0;MSG=Kernel Verification Success;
D/TimaService(  695): TIMA MEASUREMENT success status: TIMA_STATUS=0;MSG=Kernel Verification Success;
V/AlarmManager(  695): waitForAlarm result :8
D/STATUSBAR-NetworkController(  969): onSignalStrengthsChanged signalStrength=SignalStrength: 99 99 -82 -35 -120 -1 -1 13 -106 -7 168 -1 2147483647 gsm|lte 0x3050 level=3
V/AlarmManager(  695): waitForAlarm result :8
V/AlarmManager(  695): waitForAlarm result :4
V/AlarmManager(  695): trigger ELAPSED_REALTIME_WAKEUP or RTC_WAKEUP
D/BatteryService(  695): level:93, scale:100, status:3, health:2, present:true, voltage: 4152, temperature: 282, technology: Li-ion, AC powered:false, USB powered:false, Wireless powered:false, icon:17303534, invalid charger:0, online:1, current avg:-1, charge type:0, power sharing:false
D/BatteryService(  695): Sending ACTION_BATTERY_CHANGED.
D/STATUSBAR-PhoneStatusBar(  969):  mBrightnessEnablebySettings = true mBrightnessEnablebyBattery = true mBrightnessEnablebyDisableFlag = true mPmsBrightnessEnablebySettings = true
D/BatteryMeterView(  969): ACTION_BATTERY_CHANGED : level:93 status:3 health:2
E/Watchdog(  695): !@Sync 7728
V/AlarmManager(  695): waitForAlarm result :8
D/KeyguardClockWidgetService( 7087): onReceive action=android.intent.action.TIME_TICK
V/AlarmManager(  695): ClockReceiver onReceive() ACTION_TIME_TICK
D/STATUSBAR-IconMerger(  969): checkOverflow(336), More:false, Req:false Child:1
V/AlarmManager(  695): waitForAlarm result :8
V/AlarmManager(  695): waitForAlarm result :8
D/PowerManagerService(  695): [api] userActivityFromNative : 70 (event: 2 flags: 0)
V/AlarmManager(  695): waitForAlarm result :8
V/AlarmManager(  695): waitForAlarm result :8
V/AlarmManager(  695): waitForAlarm result :4
V/AlarmManager(  695): trigger ELAPSED_REALTIME_WAKEUP or RTC_WAKEUP
V/AlarmManager(  695):  next == MAX_VALUE
V/AlarmManager(  695):  next == MAX_VALUE
D/ConnectivityService(  695): handleInetConditionHoldEnd: net=1, condition=100, published condition=0
D/STATUSBAR-NetworkController(  969): onReceive() - CONNECTIVITY_ACTION, INET_CONDITION_ACTION
D/STATUSBAR-NetworkController(  969): getUpdateDataNetType() - mDataNetType:13
D/STATUSBAR-NetworkController(  969): updateDataNetType()
D/STATUSBAR-NetworkController(  969): isCdma(), !isCdmaEri(), mRoamingIconId = 0
D/StatusBar.NetworkController(  969): do not show no sim notifiation
D/PowerManagerService(  695): [api] userActivityFromNative : 80 (event: 2 flags: 0)
V/AlarmManager(  695): waitForAlarm result :8
D/PowerManagerService(  695): [api] userActivityFromNative : 90 (event: 2 flags: 0)
D/STATUSBAR-NetworkController(  969): onSignalStrengthsChanged signalStrength=SignalStrength: 99 99 -83 -35 -120 -1 -1 15 -107 -11 136 -1 2147483647 gsm|lte 0x3050 level=3
D/STATUSBAR-NetworkController(  969): onSignalStrengthsChanged signalStrength=SignalStrength: 99 99 -83 -35 -120 -1 -1 13 -107 -7 140 -1 2147483647 gsm|lte 0x3050 level=3
D/BatteryService(  695): level:92, scale:100, status:3, health:2, present:true, voltage: 4177, temperature: 282, technology: Li-ion, AC powered:false, USB powered:false, Wireless powered:false, icon:17303534, invalid charger:0, online:1, current avg:-1, charge type:0, power sharing:false
D/BatteryService(  695): Sending ACTION_BATTERY_CHANGED.
D/STATUSBAR-PhoneStatusBar(  969):  mBrightnessEnablebySettings = true mBrightnessEnablebyBattery = true mBrightnessEnablebyDisableFlag = true mPmsBrightnessEnablebySettings = true
D/BatteryMeterView(  969): ACTION_BATTERY_CHANGED : level:92 status:3 health:2
D/BatteryMeterView(  969): onDraw batteryColor : -1
E/Watchdog(  695): !@Sync 7729
V/AlarmManager(  695): waitForAlarm result :8
V/AlarmManager(  695): waitForAlarm result :8
V/AlarmManager(  695):  next == MAX_VALUE
D/ConnectivityService(  695): handleInetConditionHoldEnd: net=1, condition=100, published condition=100
D/STATUSBAR-NetworkController(  969): onReceive() - CONNECTIVITY_ACTION, INET_CONDITION_ACTION
D/STATUSBAR-NetworkController(  969): getUpdateDataNetType() - mDataNetType:13
D/STATUSBAR-NetworkController(  969): updateDataNetType()
D/STATUSBAR-NetworkController(  969): isCdma(), !isCdmaEri(), mRoamingIconId = 0
D/StatusBar.NetworkController(  969): do not show no sim notifiation
D/STATUSBAR-NetworkController(  969): onSignalStrengthsChanged signalStrength=SignalStrength: 99 99 -83 -35 -120 -1 -1 14 -107 -6 184 -1 2147483647 gsm|lte 0x3050 level=3
D/STATUSBAR-NetworkController(  969): onSignalStrengthsChanged signalStrength=SignalStrength: 99 99 -83 -35 -120 -1 -1 13 -106 -7 142 -1 2147483647 gsm|lte 0x3050 level=3
D/BatteryService(  695): level:92, scale:100, status:3, health:2, present:true, voltage: 4176, temperature: 281, technology: Li-ion, AC powered:false, USB powered:false, Wireless powered:false, icon:17303534, invalid charger:0, online:1, current avg:-1, charge type:0, power sharing:false
D/BatteryService(  695): Sending ACTION_BATTERY_CHANGED.
D/STATUSBAR-PhoneStatusBar(  969):  mBrightnessEnablebySettings = true mBrightnessEnablebyBattery = true mBrightnessEnablebyDisableFlag = true mPmsBrightnessEnablebySettings = true
D/BatteryMeterView(  969): ACTION_BATTERY_CHANGED : level:92 status:3 health:2
E/Watchdog(  695): !@Sync 7730
V/AlarmManager(  695): waitForAlarm result :8
D/KeyguardClockWidgetService( 7087): onReceive action=android.intent.action.TIME_TICK
V/AlarmManager(  695): ClockReceiver onReceive() ACTION_TIME_TICK
D/STATUSBAR-IconMerger(  969): checkOverflow(336), More:false, Req:false Child:1
D/PowerManagerService(  695): [api] userActivityFromNative : 100 (event: 2 flags: 0)
D/BatteryService(  695): level:92, scale:100, status:3, health:2, present:true, voltage: 4173, temperature: 283, technology: Li-ion, AC powered:false, USB powered:false, Wireless powered:false, icon:17303534, invalid charger:0, online:1, current avg:-1, charge type:0, power sharing:false
D/BatteryService(  695): Sending ACTION_BATTERY_CHANGED.
E/Watchdog(  695): !@Sync 7731
D/STATUSBAR-PhoneStatusBar(  969):  mBrightnessEnablebySettings = true mBrightnessEnablebyBattery = true mBrightnessEnablebyDisableFlag = true mPmsBrightnessEnablebySettings = true
D/BatteryMeterView(  969): ACTION_BATTERY_CHANGED : level:92 status:3 health:2
V/AlarmManager(  695): waitForAlarm result :8
W/WifiP2pStateTracker(  695): WifiP2pStateReceiver : android.net.wifi.LINK_CONFIGURATION_CHANGED
W/WifiP2pStateTracker(  695): WifiP2pStateReceiver : android.net.wifi.LINK_CONFIGURATION_CHANGED
W/WifiP2pStateTracker(  695): WifiP2pStateReceiver : android.net.wifi.LINK_CONFIGURATION_CHANGED
W/WifiP2pStateTracker(  695): WifiP2pStateReceiver : android.net.wifi.LINK_CONFIGURATION_CHANGED
D/ConnectivityService(  695): handleConnectivityChange: address are the same reset per doReset linkProperty[1]: resetMask=0
D/ConnectivityService(  695): handleConnectivityChange: setting default proxy info 
D/ConnectivityService(  695): handleConnectivityChange: address are the same reset per doReset linkProperty[1]: resetMask=0
D/ConnectivityService(  695): handleConnectivityChange: setting default proxy info 
D/ConnectivityService(  695): handleConnectivityChange: address are the same reset per doReset linkProperty[1]: resetMask=0
D/ConnectivityService(  695): handleConnectivityChange: setting default proxy info 
D/ConnectivityService(  695): handleConnectivityChange: address are the same reset per doReset linkProperty[1]: resetMask=0
D/ConnectivityService(  695): handleConnectivityChange: setting default proxy info 
D/PowerManagerService(  695): [api] userActivityFromNative : 110 (event: 2 flags: 0)
D/PowerManagerService(  695): [api] userActivityFromNative : 120 (event: 2 flags: 0)
E/Watchdog(  695): !@Sync 7732
D/BatteryService(  695): level:92, scale:100, status:3, health:2, present:true, voltage: 4173, temperature: 285, technology: Li-ion, AC powered:false, USB powered:false, Wireless powered:false, icon:17303534, invalid charger:0, online:1, current avg:-1, charge type:0, power sharing:false
D/BatteryService(  695): Sending ACTION_BATTERY_CHANGED.
D/STATUSBAR-PhoneStatusBar(  969):  mBrightnessEnablebySettings = true mBrightnessEnablebyBattery = true mBrightnessEnablebyDisableFlag = true mPmsBrightnessEnablebySettings = true
D/BatteryMeterView(  969): ACTION_BATTERY_CHANGED : level:92 status:3 health:2
V/AlarmManager(  695): waitForAlarm result :8
D/KeyguardClockWidgetService( 7087): onReceive action=android.intent.action.TIME_TICK
V/AlarmManager(  695): ClockReceiver onReceive() ACTION_TIME_TICK
V/AlarmManager(  695): ___SyncScheduler (v3) ACTIVATED___
V/AlarmManager(  695): <AppSync3 Whitelist>
V/AlarmManager(  695): (AppSync) com.google.android.gms : 300(280)
V/AlarmManager(  695): (AppSync) com.google.android.googlequicksearchbox : 7200(10800)
V/AlarmManager(  695): (AppSync) com.google.android.gms : 900(960)
V/AlarmManager(  695): (AppSync) com.google.android.apps.maps : 3600(3600)
V/AlarmManager(  695): (AppSync) ### 4 added ###
D/STATUSBAR-IconMerger(  969): checkOverflow(336), More:false, Req:false Child:1
V/AlarmManager(  695):  next == MAX_VALUE
D/ConnectivityService(  695): handleInetConditionHoldEnd: net=1, condition=100, published condition=100
D/STATUSBAR-NetworkController(  969): onReceive() - CONNECTIVITY_ACTION, INET_CONDITION_ACTION
D/STATUSBAR-NetworkController(  969): getUpdateDataNetType() - mDataNetType:13
D/STATUSBAR-NetworkController(  969): updateDataNetType()
D/STATUSBAR-NetworkController(  969): isCdma(), !isCdmaEri(), mRoamingIconId = 0
D/StatusBar.NetworkController(  969): do not show no sim notifiation
W/ContextImpl(  695): Calling a method in the system process without a qualified user: android.app.ContextImpl.sendBroadcast:1523 com.android.server.StatusBarManagerService.sendNotification:981 com.android.server.StatusBarManagerService.addNotification:670 com.android.server.NotificationManagerService$7.run:2142 android.os.Handler.handleCallback:733 
D/STATUSBAR-StatusBarManagerService(  695): sendNotification(1) - -249679590
D/LightsService(  695): [api] [SvcLED] turnOff:: id = 4 (uid: 1000 pid: 695) 
D/LightsService(  695): [SvcLED] setSvcLedStateLocked:: SvcLEDState : 0x0 -> 0x0 | SvcLED(id=4) set Off
D/LightsService(  695): [SvcLED] Lux failed to be updated in 700ms. -> handleForcedSvcLEDTasK
D/LightsService(  695): [SvcLED]  setSvcLedLightLocked :: Current SvcLED(id=4) maintains its priority right
D/PhoneStatusBar(  969): tick(): knoxCustomManager = android.app.enterprise.knoxcustom.KnoxCustomManager@424b0240
W/ProcessCpuTracker(  695): Skipping unknown process pid 14441
W/ProcessCpuTracker(  695): Skipping unknown process pid 14444
W/ProcessCpuTracker(  695): Skipping unknown process pid 14445
W/ProcessCpuTracker(  695): Skipping unknown process pid 14453
W/ProcessCpuTracker(  695): Skipping unknown process pid 14454
V/VibratorService(  695): hasVibrator - useVibetonz: true
V/VibratorService(  695): vibrateImmVibeMagnitudeType - magnitudeType: TouchMagnitude
D/VibratorService(  695): ImmVibe vibratorOff()
V/VibratorService(  695): vibrateImmVibe - package: android, type: 14, magnitude: 6000
I/ActivityManager(  695): moveTaskToBack: 485
D/STATUSBAR-StatusBarManagerService(  695): manageDisableList what=0x0 pkg=WindowManager.LayoutParams
D/RestrictionPolicy(  695): isStatusBarExpansionAllowed : true
D/CustomFrequencyManagerService(  695): acquireDVFSLockLocked : type : DVFS_MIN_LIMIT  frequency : 1242000  uid : 1000  pid : 695  pkgName : ACTIVITY_RESUME_BOOSTER@5
W/ActivityManager(  695): mDVFSHelper.acquire()
D/RestrictionPolicy(  695): isUseSecureKeypadEnabled : false
W/ContextImpl(  695): Calling a method in the system process without a qualified user: android.app.ContextImpl.sendBroadcast:1509 com.android.server.InputMethodManagerService$4.run:2683 java.lang.Thread.run:841 <bottom of call stack> <bottom of call stack> 
D/StatusBarManagerService(  695): semi p:25729,o:f
D/CustomFrequencyManagerService(  695): releaseDVFSLockLocked : Getting Lock type frm List : DVFS_MIN_LIMIT  frequency : 1242000  uid : 1000  pid : 695  tag : ACTIVITY_RESUME_BOOSTER@5
W/ActivityManager(  695): mDVFSHelper.release()
D/CustomFrequencyManagerService(  695): acquireDVFSLockLocked : type : DVFS_MIN_LIMIT  frequency : 1242000  uid : 1000  pid : 695  pkgName : ACTIVITY_RESUME_BOOSTER@9
E/Watchdog(  695): !@Sync 7733
W/ActivityManager(  695): Exception when unbinding service com.android.chrome/org.chromium.content.app.SandboxedProcessService6
W/ActivityManager(  695): android.os.TransactionTooLargeException
W/ActivityManager(  695): 	at android.os.BinderProxy.transact(Native Method)
W/ActivityManager(  695): 	at android.app.ApplicationThreadProxy.scheduleUnbindService(ApplicationThreadNative.java:906)
W/ActivityManager(  695): 	at com.android.server.am.ActiveServices.removeConnectionLocked(ActiveServices.java:1775)
W/ActivityManager(  695): 	at com.android.server.am.ActiveServices.unbindServiceLocked(ActiveServices.java:883)
W/ActivityManager(  695): 	at com.android.server.am.ActivityManagerService.unbindService(ActivityManagerService.java:15097)
W/ActivityManager(  695): 	at android.app.ActivityManagerNative.onTransact(ActivityManagerNative.java:922)
W/ActivityManager(  695): 	at com.android.server.am.ActivityManagerService.onTransact(ActivityManagerService.java:2638)
W/ActivityManager(  695): 	at android.os.Binder.execTransact(Binder.java:404)
W/ActivityManager(  695): 	at dalvik.system.NativeStart.run(Native Method)
I/ActivityManager(  695): Process com.android.chrome:sandboxed_process6 (pid 13935) (adj 9) has died.
D/CustomFrequencyManagerService(  695): releaseDVFSLockLocked : Getting Lock type frm List : DVFS_MIN_LIMIT  frequency : 1242000  uid : 1000  pid : 695  tag : ACTIVITY_RESUME_BOOSTER@9
D/STATUSBAR-IconMerger(  969): checkOverflow(336), More:false, Req:false Child:2
W/Vold    (  149): Returning OperationFailed - no handler for errno 30
V/AlarmManager(  695): waitForAlarm result :8
D/RestrictionPolicy(  695): updateHomeKeyPolicySet(): mHomekeyPolicySet:0 userId=0 callingUid=1000
D/RestrictionPolicy(  695): isHomeKeyEnabled :true
D/RecentTasksLoader(  969): preloadRecentTasksList
D/STATUSBAR-RecentTasksLoader(  969): loadTasksInBackground() mstate:CANCELLED
D/STATUSBAR-RecentTasksLoader(  969): loadThumbnailsAndIconsInBackground()
D/STATUSBAR-RecentTasksLoader(  969): loadThumbnailsAndIconsInBackground-doInBackground()
D/STATUSBAR-RecentTasksLoader(  969): loadTasksInBackground -doInBackground()
D/STATUSBAR-RecentTasksLoader(  969):     recentTasks.size():12
V/AlarmManager(  695): waitForAlarm result :8
D/BatteryService(  695): level:92, scale:100, status:3, health:2, present:true, voltage: 4123, temperature: 289, technology: Li-ion, AC powered:false, USB powered:false, Wireless powered:false, icon:17303534, invalid charger:0, online:1, current avg:-1, charge type:0, power sharing:false
D/BatteryService(  695): Sending ACTION_BATTERY_CHANGED.
D/RestrictionPolicy(  695): updateHomeKeyPolicySet(): mHomekeyPolicySet:0 userId=0 callingUid=1000
D/RestrictionPolicy(  695): isHomeKeyEnabled :true
V/AlarmManager(  695): waitForAlarm result :8
D/STATUSBAR-PhoneStatusBar(  969):  mBrightnessEnablebySettings = true mBrightnessEnablebyBattery = true mBrightnessEnablebyDisableFlag = true mPmsBrightnessEnablebySettings = true
D/BatteryMeterView(  969): ACTION_BATTERY_CHANGED : level:92 status:3 health:2
D/VoIPInterfaceManager(  695): isVoIPRinging()...
D/VoIPInterfaceManager(  695): isVoIPRunningAndDeregi()...
D/VoIPInterfaceManager(  695): Not exist call session
D/RecentTasksLoader(  969): cancelPreloadingRecentTasksList
D/STATUSBAR-RecentTasksLoader(  969): cancelLoadingThumbnailsAndIcons()
D/STATUSBAR-RecentTasksLoader(  969): mTaskLoader.cancel()
D/STATUSBAR-RecentTasksLoader(  969): mThumbnailLoader.cancel()
D/STATUSBAR-RecentTasksLoader(  969):     isCancelled - break
I/WindowManager(  695): startDockOrHome
D/PowerManagerService(  695): [api] [s] userActivity : event: 0 flags: 0 (uid: 1000 pid: 695)
D/STATUSBAR-AirplaneModeQuickSettingButton(  969): onReceive : android.intent.action.CLOSE_SYSTEM_DIALOGS
D/CustomFrequencyManagerService(  695): acquireDVFSLockLocked : type : DVFS_MIN_LIMIT  frequency : 1242000  uid : 1000  pid : 695  pkgName : ACTIVITY_RESUME_BOOSTER@5
W/ActivityManager(  695): mDVFSHelper.acquire()
V/WindowManager(  695): rotationForOrientationLw(orient=5, last=0); user=0  sensorRotation=0 mLidState=-1 mDockMode=0 mHdmiPlugged=false mAccelerometerDefault=false gripRotationLock=false
D/StatusBarManagerService(  695): semi p:6817,o:f
D/STATUSBAR-StatusBarManagerService(  695): manageDisableList what=0x0 pkg=WindowManager.LayoutParams
D/RestrictionPolicy(  695): isStatusBarExpansionAllowed : true
D/RestrictionPolicy(  695): isUseSecureKeypadEnabled : false
D/STATUSBAR-StatusBarManagerService(  695): manageDisableList what=0x0 pkg=WindowManager.LayoutParams
D/RestrictionPolicy(  695): isStatusBarExpansionAllowed : true
W/ContextImpl(  695): Calling a method in the system process without a qualified user: android.app.ContextImpl.sendBroadcast:1509 com.android.server.InputMethodManagerService$4.run:2683 java.lang.Thread.run:841 <bottom of call stack> <bottom of call stack> 
V/AlarmManager(  695):  next == MAX_VALUE
D/CustomFrequencyManagerService(  695): releaseDVFSLockLocked : Getting Lock type frm List : DVFS_MIN_LIMIT  frequency : 1242000  uid : 1000  pid : 695  tag : ACTIVITY_RESUME_BOOSTER@5
W/ActivityManager(  695): mDVFSHelper.release()
D/CustomFrequencyManagerService(  695): acquireDVFSLockLocked : type : DVFS_MIN_LIMIT  frequency : 1242000  uid : 1000  pid : 695  pkgName : ACTIVITY_RESUME_BOOSTER@9
D/CustomFrequencyManagerService(  695): acquireDVFSLockLocked : type : DVFS_MIN_LIMIT  frequency : 1512000  uid : 10001  pid : 6817  pkgName : com.sec.android.app.launcher@1192
D/ConnectivityService(  695): handleInetConditionHoldEnd: net=1, condition=100, published condition=100
D/STATUSBAR-NetworkController(  969): onReceive() - CONNECTIVITY_ACTION, INET_CONDITION_ACTION
D/STATUSBAR-NetworkController(  969): getUpdateDataNetType() - mDataNetType:13
D/STATUSBAR-NetworkController(  969): updateDataNetType()
D/STATUSBAR-NetworkController(  969): isCdma(), !isCdmaEri(), mRoamingIconId = 0
D/StatusBar.NetworkController(  969): do not show no sim notifiation
W/ActivityManager(  695): Permission Denial: get/set setting for user asks to run as user -2 but is calling from user 0; this requires android.permission.INTERACT_ACROSS_USERS_FULL
D/CustomFrequencyManagerService(  695): acquireDVFSLockLocked : type : DVFS_MIN_LIMIT  frequency : 1512000  uid : 10001  pid : 6817  pkgName : LAUNCHER_APP_BOOSTER_CPU@1196
D/CustomFrequencyManagerService(  695): releaseDVFSLockLocked : Getting Lock type frm List : DVFS_MIN_LIMIT  frequency : 1242000  uid : 1000  pid : 695  tag : ACTIVITY_RESUME_BOOSTER@9
D/CustomFrequencyManagerService(  695): acquireDVFSLockLocked : type : DVFS_MIN_LIMIT  frequency : 1242000  uid : 1000  pid : 695  pkgName : ACTIVITY_RESUME_BOOSTER@5
W/ActivityManager(  695): mDVFSHelper.acquire()
V/WindowManager(  695): rotationForOrientationLw(orient=-1, last=0); user=0  sensorRotation=0 mLidState=-1 mDockMode=0 mHdmiPlugged=false mAccelerometerDefault=false gripRotationLock=false
D/StatusBarManagerService(  695): tr p:695,o:f
D/StatusBarManagerService(  695): semi p:695,o:f
D/StatusBarManagerService(  695): semi p:695,o:f
D/MultiPhoneWindow(14404): generateLayout : sMinimumStackBoundForPortraitOrientRect(0, 0 - 0, 0), sMinimumStackBoundForLandscapeOrient=Rect(0, 0 - 0, 0)
D/StatusBarManagerService(  695): tr p:14404,o:f
D/STATUSBAR-StatusBarManagerService(  695): manageDisableList what=0x0 pkg=WindowManager.LayoutParams
D/RestrictionPolicy(  695): isStatusBarExpansionAllowed : true
D/MotionRecognitionService(  695):  ssp status : false
D/RestrictionPolicy(  695): isAndroidBeamAllowed : false
D/StatusBarManagerService(  695): semi p:14404,o:f
D/StatusBarManagerService(  695): semi p:14404,o:f
V/AlarmManager(  695): waitForAlarm result :8
D/CustomFrequencyManagerService(  695): releaseDVFSLockLocked : Getting Lock type frm List : DVFS_MIN_LIMIT  frequency : 1512000  uid : 10001  pid : 6817  tag : com.sec.android.app.launcher@1192
D/CustomFrequencyManagerService(  695): releaseDVFSLockLocked : Getting Lock type frm List : DVFS_MIN_LIMIT  frequency : 1242000  uid : 1000  pid : 695  tag : ACTIVITY_RESUME_BOOSTER@5
W/ActivityManager(  695): mDVFSHelper.release()
D/CustomFrequencyManagerService(  695): acquireDVFSLockLocked : type : DVFS_MIN_LIMIT  frequency : 1242000  uid : 1000  pid : 695  pkgName : ACTIVITY_RESUME_BOOSTER@9
D/RestrictionPolicy(  695): isUseSecureKeypadEnabled : false
W/ContextImpl(  695): Calling a method in the system process without a qualified user: android.app.ContextImpl.sendBroadcast:1509 com.android.server.InputMethodManagerService$4.run:2683 java.lang.Thread.run:841 <bottom of call stack> <bottom of call stack> 
D/CustomFrequencyManagerService(  695): releaseDVFSLockLocked : Getting Lock type frm List : DVFS_MIN_LIMIT  frequency : 1242000  uid : 1000  pid : 695  tag : ACTIVITY_RESUME_BOOSTER@9
D/CustomFrequencyManagerService(  695): releaseDVFSLockLocked : Getting Lock type frm List : DVFS_MIN_LIMIT  frequency : 1512000  uid : 10001  pid : 6817  tag : LAUNCHER_APP_BOOSTER_CPU@1196
V/VibratorService(  695): hasVibrator - useVibetonz: true
V/VibratorService(  695): vibrateImmVibeMagnitudeType - magnitudeType: TouchMagnitude
D/VibratorService(  695): ImmVibe vibratorOff()
V/VibratorService(  695): vibrateImmVibe - package: android, type: 14, magnitude: 6000
W/ContextImpl(  695): Calling a method in the system process without a qualified user: android.app.ContextImpl.sendBroadcast:1523 com.android.server.StatusBarManagerService.sendNotification:981 com.android.server.StatusBarManagerService.removeNotification:706 com.android.server.NotificationManagerService.cancelNotificationLocked:2455 com.android.server.NotificationManagerService.access$5100:160 
D/STATUSBAR-StatusBarManagerService(  695): sendNotification(3) - -249679590
D/STATUSBAR-NotificationService(  695): cancelN stopAsync
D/LightsService(  695): [api] [SvcLED] turnOff:: id = 4 (uid: 1000 pid: 695) 
D/LightsService(  695): [SvcLED] setSvcLedStateLocked:: SvcLEDState : 0x0 -> 0x0 | SvcLED(id=4) set Off
D/LightsService(  695): [SvcLED] Lux failed to be updated in 700ms. -> handleForcedSvcLEDTasK
D/LightsService(  695): [SvcLED]  setSvcLedLightLocked :: Current SvcLED(id=4) maintains its priority right
D/STATUSBAR-IconMerger(  969): checkOverflow(336), More:false, Req:false Child:1
W/ActivityManager(  695): Permission Denial: get/set setting for user asks to run as user -2 but is calling from user 0; this requires android.permission.INTERACT_ACROSS_USERS_FULL
V/AlarmManager(  695): waitForAlarm result :8
V/AlarmManager(  695): waitForAlarm result :8
V/AlarmManager(  695): waitForAlarm result :8
V/AlarmManager(  695): waitForAlarm result :8
V/AlarmManager(  695): waitForAlarm result :4
V/AlarmManager(  695): trigger ELAPSED_REALTIME_WAKEUP or RTC_WAKEUP
V/VibratorService(  695): hasVibrator - useVibetonz: true
V/VibratorService(  695): vibrateImmVibeMagnitudeType - magnitudeType: TouchMagnitude
D/VibratorService(  695): ImmVibe vibratorOff()
V/VibratorService(  695): vibrateImmVibe - package: android, type: 14, magnitude: 6000
D/PowerManagerService(  695): [api] userActivityFromNative : 130 (event: 3 flags: 0)
D/RestrictionPolicy(  695): updateHomeKeyPolicySet(): mHomekeyPolicySet:0 userId=0 callingUid=1000
D/RestrictionPolicy(  695): isHomeKeyEnabled :true
D/RecentTasksLoader(  969): preloadRecentTasksList
D/STATUSBAR-RecentTasksLoader(  969): loadTasksInBackground() mstate:CANCELLED
D/STATUSBAR-RecentTasksLoader(  969): loadThumbnailsAndIconsInBackground()
D/STATUSBAR-RecentTasksLoader(  969): loadTasksInBackground -doInBackground()
D/STATUSBAR-RecentTasksLoader(  969): loadThumbnailsAndIconsInBackground-doInBackground()
D/STATUSBAR-RecentTasksLoader(  969):     recentTasks.size():12
D/RestrictionPolicy(  695): updateHomeKeyPolicySet(): mHomekeyPolicySet:0 userId=0 callingUid=1000
D/RestrictionPolicy(  695): isHomeKeyEnabled :true
D/RecentTasksLoader(  969): cancelPreloadingRecentTasksList
D/STATUSBAR-RecentTasksLoader(  969): cancelLoadingThumbnailsAndIcons()
D/STATUSBAR-RecentTasksLoader(  969): mTaskLoader.cancel()
D/STATUSBAR-RecentTasksLoader(  969): mThumbnailLoader.cancel()
D/VoIPInterfaceManager(  695): isVoIPRinging()...
D/VoIPInterfaceManager(  695): isVoIPRunningAndDeregi()...
D/VoIPInterfaceManager(  695): Not exist call session
E/STATUSBAR-RecentTasksLoader(  969): InterruptedException
D/STATUSBAR-RecentTasksLoader(  969):     isCancelled - break
I/WindowManager(  695): startDockOrHome
D/PowerManagerService(  695): [api] [s] userActivity : event: 0 flags: 0 (uid: 1000 pid: 695)
D/STATUSBAR-AirplaneModeQuickSettingButton(  969): onReceive : android.intent.action.CLOSE_SYSTEM_DIALOGS
D/CustomFrequencyManagerService(  695): acquireDVFSLockLocked : type : DVFS_MIN_LIMIT  frequency : 1242000  uid : 1000  pid : 695  pkgName : ACTIVITY_RESUME_BOOSTER@5
W/ActivityManager(  695): mDVFSHelper.acquire()
V/WindowManager(  695): rotationForOrientationLw(orient=5, last=0); user=0  sensorRotation=0 mLidState=-1 mDockMode=0 mHdmiPlugged=false mAccelerometerDefault=false gripRotationLock=false
D/StatusBarManagerService(  695): semi p:6817,o:f
D/STATUSBAR-StatusBarManagerService(  695): manageDisableList what=0x0 pkg=WindowManager.LayoutParams
D/RestrictionPolicy(  695): isStatusBarExpansionAllowed : true
D/RestrictionPolicy(  695): isUseSecureKeypadEnabled : false
D/STATUSBAR-StatusBarManagerService(  695): manageDisableList what=0x0 pkg=WindowManager.LayoutParams
D/RestrictionPolicy(  695): isStatusBarExpansionAllowed : true
W/ContextImpl(  695): Calling a method in the system process without a qualified user: android.app.ContextImpl.sendBroadcast:1509 com.android.server.InputMethodManagerService$4.run:2683 java.lang.Thread.run:841 <bottom of call stack> <bottom of call stack> 
D/CustomFrequencyManagerService(  695): releaseDVFSLockLocked : Getting Lock type frm List : DVFS_MIN_LIMIT  frequency : 1242000  uid : 1000  pid : 695  tag : ACTIVITY_RESUME_BOOSTER@5
W/ActivityManager(  695): mDVFSHelper.release()
D/CustomFrequencyManagerService(  695): acquireDVFSLockLocked : type : DVFS_MIN_LIMIT  frequency : 1242000  uid : 1000  pid : 695  pkgName : ACTIVITY_RESUME_BOOSTER@9
D/CustomFrequencyManagerService(  695): releaseDVFSLockLocked : Getting Lock type frm List : DVFS_MIN_LIMIT  frequency : 1242000  uid : 1000  pid : 695  tag : ACTIVITY_RESUME_BOOSTER@9
D/CustomFrequencyManagerService(  695): acquireDVFSLockLocked : type : DVFS_MIN_LIMIT  frequency : 1512000  uid : 10001  pid : 6817  pkgName : com.sec.android.app.launcher@1200
W/ActivityManager(  695): Permission Denial: get/set setting for user asks to run as user -2 but is calling from user 0; this requires android.permission.INTERACT_ACROSS_USERS_FULL
D/CustomFrequencyManagerService(  695): acquireDVFSLockLocked : type : DVFS_MIN_LIMIT  frequency : 1512000  uid : 10001  pid : 6817  pkgName : LAUNCHER_APP_BOOSTER_CPU@1204
D/CustomFrequencyManagerService(  695): acquireDVFSLockLocked : type : DVFS_MIN_LIMIT  frequency : 1242000  uid : 1000  pid : 695  pkgName : ACTIVITY_RESUME_BOOSTER@5
W/ActivityManager(  695): mDVFSHelper.acquire()
V/WindowManager(  695): rotationForOrientationLw(orient=-1, last=0); user=0  sensorRotation=0 mLidState=-1 mDockMode=0 mHdmiPlugged=false mAccelerometerDefault=false gripRotationLock=false
D/StatusBarManagerService(  695): semi p:25729,o:f
D/STATUSBAR-StatusBarManagerService(  695): manageDisableList what=0x0 pkg=WindowManager.LayoutParams
D/RestrictionPolicy(  695): isStatusBarExpansionAllowed : true
D/RestrictionPolicy(  695): isUseSecureKeypadEnabled : false
D/STATUSBAR-StatusBarManagerService(  695): manageDisableList what=0x0 pkg=WindowManager.LayoutParams
D/RestrictionPolicy(  695): isStatusBarExpansionAllowed : true
W/ContextImpl(  695): Calling a method in the system process without a qualified user: android.app.ContextImpl.sendBroadcast:1509 com.android.server.InputMethodManagerService$4.run:2683 java.lang.Thread.run:841 <bottom of call stack> <bottom of call stack> 
D/CustomFrequencyManagerService(  695): releaseDVFSLockLocked : Getting Lock type frm List : DVFS_MIN_LIMIT  frequency : 1242000  uid : 1000  pid : 695  tag : ACTIVITY_RESUME_BOOSTER@5
W/ActivityManager(  695): mDVFSHelper.release()
D/CustomFrequencyManagerService(  695): acquireDVFSLockLocked : type : DVFS_MIN_LIMIT  frequency : 1242000  uid : 1000  pid : 695  pkgName : ACTIVITY_RESUME_BOOSTER@9
D/CustomFrequencyManagerService(  695): releaseDVFSLockLocked : Getting Lock type frm List : DVFS_MIN_LIMIT  frequency : 1242000  uid : 1000  pid : 695  tag : ACTIVITY_RESUME_BOOSTER@9
D/CustomFrequencyManagerService(  695): releaseDVFSLockLocked : Getting Lock type frm List : DVFS_MIN_LIMIT  frequency : 1512000  uid : 10001  pid : 6817  tag : com.sec.android.app.launcher@1200
D/CustomFrequencyManagerService(  695): acquireDVFSLockLocked : type : DVFS_MIN_LIMIT  frequency : 810000  uid : 10186  pid : 25729  pkgName : LIST_SCROLL_BOOSTER@119
W/Vold    (  149): Returning OperationFailed - no handler for errno 30
D/CustomFrequencyManagerService(  695): releaseDVFSLockLocked : Getting Lock type frm List : DVFS_MIN_LIMIT  frequency : 810000  uid : 10186  pid : 25729  tag : LIST_SCROLL_BOOSTER@119
E/Watchdog(  695): !@Sync 7734
