W/KnoxCustomManagerService(  695): getSealedState() failed - persistence problem com.android.server.enterprise.storage.SettingNotFoundException: Admin data is null
D/KnoxCustomManagerService(  695): getSealedState(false)
I/GCoreUlr( 5778): Starting service, intent=Intent { act=com.google.android.location.reporting.ACTION_UPDATE_ACTIVE_STATE cmp=com.google.android.gms/com.google.android.location.reporting.service.DispatchingService }, extras=null
I/AdsMeasurementBroadcastReceiver( 8419): Reporting settings might have changed, alerting AdsMeasurementService
D/AdsMeasurementBroadcastReceiver( 8419): Unauthorized to start the main service
W/KnoxCustomManagerService(  695): getSealedState() failed - persistence problem com.android.server.enterprise.storage.SettingNotFoundException: Admin data is null
D/KnoxCustomManagerService(  695): getSealedState(false)
W/KnoxCustomManagerService(  695): getSealedState() failed - persistence problem com.android.server.enterprise.storage.SettingNotFoundException: Admin data is null
D/KnoxCustomManagerService(  695): getSealedState(false)
W/MusicApiClient( 7627): No content in 'data' field in GET sync response for Track
W/KnoxCustomManagerService(  695): getSealedState() failed - persistence problem com.android.server.enterprise.storage.SettingNotFoundException: Admin data is null
D/KnoxCustomManagerService(  695): getSealedState(false)
W/GLSUser ( 6873): GoogleAccountDataService.getToken()
W/KnoxCustomManagerService(  695): getSealedState() failed - persistence problem com.android.server.enterprise.storage.SettingNotFoundException: Admin data is null
D/KnoxCustomManagerService(  695): getSealedState(false)
W/KnoxCustomManagerService(  695): getSealedState() failed - persistence problem com.android.server.enterprise.storage.SettingNotFoundException: Admin data is null
D/KnoxCustomManagerService(  695): getSealedState(false)
D/dalvikvm( 5778): GC_CONCURRENT freed 922K, 51% free 8749K/17704K, paused 4ms+5ms, total 46ms
W/MusicApiClient( 7627): No content in 'data' field in GET sync response for SyncablePlaylist
W/KnoxCustomManagerService(  695): getSealedState() failed - persistence problem com.android.server.enterprise.storage.SettingNotFoundException: Admin data is null
D/KnoxCustomManagerService(  695): getSealedState(false)
I/GCoreUlr( 5778): Starting service, intent=Intent { act=com.google.android.location.reporting.ACTION_UPDATE_ACTIVE_STATE cmp=com.google.android.gms/com.google.android.location.reporting.service.DispatchingService }, extras=null
I/AdsMeasurementBroadcastReceiver( 8419): Reporting settings might have changed, alerting AdsMeasurementService
D/AdsMeasurementBroadcastReceiver( 8419): Unauthorized to start the main service
W/GLSUser ( 6873): GoogleAccountDataService.getToken()
W/KnoxCustomManagerService(  695): getSealedState() failed - persistence problem com.android.server.enterprise.storage.SettingNotFoundException: Admin data is null
D/KnoxCustomManagerService(  695): getSealedState(false)
W/KnoxCustomManagerService(  695): getSealedState() failed - persistence problem com.android.server.enterprise.storage.SettingNotFoundException: Admin data is null
D/KnoxCustomManagerService(  695): getSealedState(false)
W/KnoxCustomManagerService(  695): getSealedState() failed - persistence problem com.android.server.enterprise.storage.SettingNotFoundException: Admin data is null
D/KnoxCustomManagerService(  695): getSealedState(false)
W/MusicApiClient( 7627): No content in 'data' field in GET sync response for SyncablePlaylistEntry
I/SELinux (11935): Function: selinux_android_load_priority [0], There is no sepolicy file.
I/SELinux (11935):  
I/SELinux (11935): Function: selinux_android_load_priority [1], There is no sepolicy version file.
I/SELinux (11935):  
I/SELinux (11935): Function: selinux_android_load_priority , priority version is VE=SEPF_SPH-L710_4.4.2_0011
I/SELinux (11935):  
I/SELinux (11935):  
I/SELinux (11935): selinux_android_seapp_context_reload: seapp_contexts file is loaded from /seapp_contexts
W/GLSUser ( 6873): GoogleAccountDataService.getToken()
D/dalvikvm(  175): GC_EXPLICIT freed 43K, 57% free 7693K/17704K, paused 3ms+5ms, total 63ms
D/dalvikvm(  175): GC_EXPLICIT freed <1K, 57% free 7693K/17704K, paused 3ms+4ms, total 49ms
D/dalvikvm(  175): GC_EXPLICIT freed <1K, 57% free 7693K/17704K, paused 2ms+3ms, total 29ms
W/KnoxCustomManagerService(  695): getSealedState() failed - persistence problem com.android.server.enterprise.storage.SettingNotFoundException: Admin data is null
D/KnoxCustomManagerService(  695): getSealedState(false)
W/KnoxCustomManagerService(  695): getSealedState() failed - persistence problem com.android.server.enterprise.storage.SettingNotFoundException: Admin data is null
D/KnoxCustomManagerService(  695): getSealedState(false)
W/KnoxCustomManagerService(  695): getSealedState() failed - persistence problem com.android.server.enterprise.storage.SettingNotFoundException: Admin data is null
D/KnoxCustomManagerService(  695): getSealedState(false)
W/MusicApiClient( 7627): No content in 'data' field in GET sync response for SyncableRadioStation
I/GCoreUlr( 5778): Ensuring that reporting is stopped because of reasons: {account#-8#=[InactiveReason{mVersionCode=0, mIdentifier=12, mName='LocationDisabled'}]}
W/GLSUser ( 6873): GoogleAccountDataService.getToken()
D/GCoreFlp( 5778): Unknown pending intent to remove.
I/GCoreUlr( 5778): Unbound from all location providers
D/dalvikvm(  695): GC_EXPLICIT freed 1493K, 22% free 43702K/55372K, paused 11ms+33ms, total 389ms
W/KnoxCustomManagerService(  695): getSealedState() failed - persistence problem com.android.server.enterprise.storage.SettingNotFoundException: Admin data is null
D/KnoxCustomManagerService(  695): getSealedState(false)
D/BlacklistItem( 7627): 0 blacklist items deleted.
W/KnoxCustomManagerService(  695): getSealedState() failed - persistence problem com.android.server.enterprise.storage.SettingNotFoundException: Admin data is null
D/KnoxCustomManagerService(  695): getSealedState(false)
W/KnoxCustomManagerService(  695): getSealedState() failed - persistence problem com.android.server.enterprise.storage.SettingNotFoundException: Admin data is null
D/KnoxCustomManagerService(  695): getSealedState(false)
I/MusicSyncAdapter( 7627): Will attempt periodic sync for account: Account {name=stevenpatrickrichey@gmail.com, type=com.google}
I/MusicSyncAdapter( 7627): Periodic update
I/GCoreUlr( 5778): Ensuring that reporting is stopped because of reasons: {account#-8#=[InactiveReason{mVersionCode=0, mIdentifier=12, mName='LocationDisabled'}]}
D/GCoreFlp( 5778): Unknown pending intent to remove.
I/GCoreUlr( 5778): Unbound from all location providers
I/SELinux (11947): Function: selinux_android_load_priority [0], There is no sepolicy file.
I/SELinux (11947):  
I/SELinux (11947): Function: selinux_android_load_priority [1], There is no sepolicy version file.
I/SELinux (11947):  
I/SELinux (11947): Function: selinux_android_load_priority , priority version is VE=SEPF_SPH-L710_4.4.2_0011
I/SELinux (11947):  
I/SELinux (11947):  
I/SELinux (11947): selinux_android_seapp_context_reload: seapp_contexts file is loaded from /seapp_contexts
W/GAV2    (11935): Thread[main,5,main]: Need to call initialize() and be in fallback mode to start dispatch.
D/EnterpriseDeviceManager(  695): ContainerId: 0
D/Finsky  (11947): [1] FinskyApp.onCreate: Initializing network with DFE https://android.clients.google.com/fdfe/
W/GCoreFlp( 5778): No location to return for getLastLocation()
D/dalvikvm( 8220): GC_CONCURRENT freed 1146K, 35% free 11526K/17704K, paused 3ms+4ms, total 73ms
D/Finsky  (11947): [1] DailyHygiene.goMakeHygieneIfDirty: No need to run daily hygiene.
W/Settings(11947): Setting download_manager_max_bytes_over_mobile has moved from android.provider.Settings.Secure to android.provider.Settings.Global.
W/Settings(11947): Setting download_manager_recommended_max_bytes_over_mobile has moved from android.provider.Settings.Secure to android.provider.Settings.Global.
D/EnterpriseDeviceManager(  695): ContainerId: 0
E/cutils  (  149): Failed to mkdirat(/storage/extSdCard/Android): Read-only file system
W/ContextImpl( 7627): Failed to ensure directory: /storage/extSdCard/Android/data/com.google.android.music/files
W/Vold    (  149): Returning OperationFailed - no handler for errno 30
W/ContextImpl( 7627): Implicit intents with startService are not safe: Intent { act=com.google.android.music.NETWORK_MONITOR_SERVICE } android.content.ContextWrapper.bindService:529 com.google.android.music.utils.SafeServiceConnection$ServiceConnectionImp.bindService:98 com.google.android.music.utils.SafeServiceConnection.bindService:259 
E/cutils  (  149): Failed to mkdirat(/storage/extSdCard/Android): Read-only file system
W/Vold    (  149): Returning OperationFailed - no handler for errno 30
W/ContextImpl( 7627): Implicit intents with startService are not safe: Intent { act=com.google.android.music.NETWORK_MONITOR_SERVICE } android.content.ContextWrapper.bindService:529 com.google.android.music.utils.SafeServiceConnection$ServiceConnectionImp.bindService:98 com.google.android.music.utils.SafeServiceConnection.bindService:259 
W/ContextImpl( 7627): Failed to ensure directory: /storage/extSdCard/Android/data/com.google.android.music/files
D/CacheService( 7627): onCreate
D/CacheService( 7627): onBind
W/ContextImpl( 7627): Implicit intents with startService are not safe: Intent { act=com.google.android.music.NETWORK_MONITOR_SERVICE } android.content.ContextWrapper.bindService:529 com.google.android.music.utils.SafeServiceConnection$ServiceConnectionImp.bindService:98 com.google.android.music.utils.SafeServiceConnection.bindService:259 
D/Finsky  (11947): [1] 2.run: Loaded library for account: [onRKvpT260CMEHZNmGn7JFH9KUY]
D/Finsky  (11947): [1] 2.run: Finished loading 1 libraries.
E/cutils  (  149): Failed to mkdirat(/storage/extSdCard/Android): Read-only file system
W/ContextImpl( 7627): Failed to ensure directory: /storage/extSdCard/Android/data/com.google.android.music/files
W/Vold    (  149): Returning OperationFailed - no handler for errno 30
E/cutils  (  149): Failed to mkdirat(/storage/extSdCard/Android): Read-only file system
W/ContextImpl( 7627): Failed to ensure directory: /storage/extSdCard/Android/data/com.google.android.music/files
W/Vold    (  149): Returning OperationFailed - no handler for errno 30
D/EnterpriseDeviceManager(  695): ContainerId: 0
I/MusicLeanback( 7627): Conditions not met for autocaching.
I/MusicLeanback( 7627): Stop autocaching.
D/Finsky  (11947): [1] GmsCoreHelper.cleanupNlp: result=false type=4
W/ArtDownloadService( 7627): Setting cache size 0
E/cutils  (  149): Failed to mkdirat(/storage/extSdCard/Android): Read-only file system
D/Finsky  (11947): [1] RestoreTracker.stopServiceIfDone: Restore complete with 0 success and 0 failed.
W/ContextImpl( 7627): Failed to ensure directory: /storage/extSdCard/Android/data/com.google.android.music/cache
W/Vold    (  149): Returning OperationFailed - no handler for errno 30
E/cutils  (  149): Failed to mkdirat(/storage/extSdCard/Android): Read-only file system
W/ContextImpl( 7627): Failed to ensure directory: /storage/extSdCard/Android/data/com.google.android.music/cache
W/Vold    (  149): Returning OperationFailed - no handler for errno 30
D/CacheService( 7627): onDestroy
D/DelayedSyncController(29660): Delaying sync.
I/SELinux (12010): Function: selinux_android_load_priority [0], There is no sepolicy file.
I/SELinux (12010):  
I/SELinux (12010): Function: selinux_android_load_priority [1], There is no sepolicy version file.
I/SELinux (12010):  
I/SELinux (12010): Function: selinux_android_load_priority , priority version is VE=SEPF_SPH-L710_4.4.2_0011
I/SELinux (12010):  
I/SELinux (12010):  
I/SELinux (12010): selinux_android_seapp_context_reload: seapp_contexts file is loaded from /seapp_contexts
E/Watchdog(  695): !@Sync 8286
D/perfTimingLib(12010): logTimeStamp for linkedin_android_app_oncreate_time
I/DefaultLiHttpClient(12010): Current retry config is:UseLiExceptionRetry
I/PersistentCookieStore(12010): Get Persistent Cookie Store
I/PersistentCookieStore(12010): mInstance == null. init mInstance
I/PersistentCookieStore(12010): no migration
I/PersistentCookieStore(12010): Trying to add cookie: sl
I/PersistentCookieStore(12010): Trying to add cookie: bcookie
I/PersistentCookieStore(12010): Trying to add cookie: JSESSIONID
I/PersistentCookieStore(12010): Trying to add cookie: bscookie
I/PersistentCookieStore(12010): Trying to add cookie: lim_abi_splash
I/PersistentCookieStore(12010): Trying to add cookie: lim_sr
I/PersistentCookieStore(12010): Trying to add cookie: li_at
I/PersistentCookieStore(12010): Trying to add cookie: lim_ut
I/PersistentCookieStore(12010): Trying to add cookie: visit
I/PersistentCookieStore(12010): Trying to add cookie: lang
I/PersistentCookieStore(12010): Trying to add cookie: lim_abi
I/PersistentCookieStore(12010): Trying to add cookie: lidc
I/MobileClient(12010): Mobile server: https://touch.www.linkedin.com
V/WebViewChromium(12010): Binding Chromium to the main looper Looper (main, tid 1) {4209b1a0}
I/chromium(12010): [INFO:library_loader_hooks.cc(112)] Chromium logging enabled: level = 0, default verbosity = 0
I/BrowserProcessMain(12010): Initializing chromium process, renderers=0
W/chromium(12010): [WARNING:proxy_service.cc(888)] PAC support disabled because there is no system implementation
W/Adreno-GSL(12010): <get_panel_settings:3802>: Android framework reported version 2. So, don't force ES30
I/Adreno-EGL(12010): <qeglDrvAPI_eglInitialize:381>: EGL 1.4 QUALCOMM build: AU_LINUX_ANDROID_KK_2.7_RB1.04.04.00.007.018_msm8960_KK_2.7_RB1_CL3869936_release_AU (CL3869936)
I/Adreno-EGL(12010): OpenGL ES Shader Compiler Version: 17.01.10.SPL
I/Adreno-EGL(12010): Build Date: 12/09/13 Mon
I/Adreno-EGL(12010): Local Branch: mybranch2092625
I/Adreno-EGL(12010): Remote Branch: quic/kk_2.7_rb1.15
I/Adreno-EGL(12010): Local Patches: NONE
I/Adreno-EGL(12010): Reconstruct Branch: AU_LINUX_ANDROID_KK_2.7_RB1.04.04.00.007.018 +  NOTHING
I/PersistentCookieStore(12010): Get Persistent Cookie Store
D/Utils   (12010): disable hardware acceleration on Android 19
D/LiWebView(12010): UPDATE SERVICE URL: https://touch.www.linkedin.com
D/SyncService(12010): Initializing sync client from SyncService
D/ACRA    (12010): ACRA is enabled for com.linkedin.android, intializing...
D/SessionUtils(12010): reset session counter
D/ACRA    (12010): Looking for error files in /data/data/com.linkedin.android/files
D/LiCrashReporter(12010): EKG crash reporting is enabled
D/LiApplication(12010): Build config debug: false. Crittercism enabled.
I/LiApplication(12010): Locale found in prefs: 
I/LiApplication(12010): Updated language/locale to: en_US
I/DefaultLiHttpClient(12010): Use LiExceptionRetryHandler
I/PersistentCookieStore(12010): Trying to add cookie: li_at
I/PersistentCookieStore(12010): Trying to add cookie: sl
I/PersistentCookieStore(12010): Trying to add cookie: JSESSIONID
I/PersistentCookieStore(12010): Trying to add cookie: lidc
V/SyncService(12010): Calling sync Bundle[{}]
W/GLSUser ( 6873): GoogleAccountDataService.getToken()
I/GAV2    (11935): Thread[GAThread,5,main]: No campaign data found.
V/AlarmManager(  695): waitForAlarm result :4
V/AlarmManager(  695): trigger ELAPSED_REALTIME_WAKEUP or RTC_WAKEUP
D/BatteryService(  695): level:96, scale:100, status:3, health:2, present:true, voltage: 4227, temperature: 236, technology: Li-ion, AC powered:false, USB powered:false, Wireless powered:false, icon:17303534, invalid charger:0, online:1, current avg:-1, charge type:0, power sharing:false
D/BatteryService(  695): Sending ACTION_BATTERY_CHANGED.
D/KeyguardUpdateMonitor(  969): received broadcast android.intent.action.BATTERY_CHANGED
D/KeyguardUpdateMonitor(  969): handleBatteryUpdate
D/STATUSBAR-PhoneStatusBar(  969):  mBrightnessEnablebySettings = true mBrightnessEnablebyBattery = true mBrightnessEnablebyDisableFlag = true mPmsBrightnessEnablebySettings = true
D/BatteryMeterView(  969): ACTION_BATTERY_CHANGED : level:96 status:3 health:2
I/DMApp   ( 2502): sendMessage : INTERRUPT_BATTERY_HIGH
I/DMApp   ( 2502): handleMessage obj.msg =INTERRUPT_BATTERY_HIGH
I/DMStateMachine( 2502): StateMachine: handleMessage() msg: INTERRUPT_BATTERY_HIGH in IDLE
W/GAV2    (11935): SyncManager-stevenpatrickrichey@gmail.com: dispatch call queued.  Need to call GAServiceManager.getInstance().initialize().
D/AT_Distributor(  394): Send Msg [UART > ATD] 1 bytes <>
D/BatteryService(  695): level:96, scale:100, status:3, health:2, present:true, voltage: 4242, temperature: 235, technology: Li-ion, AC powered:false, USB powered:false, Wireless powered:false, icon:17303534, invalid charger:0, online:1, current avg:-1, charge type:0, power sharing:false
D/BatteryService(  695): Sending ACTION_BATTERY_CHANGED.
D/KeyguardUpdateMonitor(  969): received broadcast android.intent.action.BATTERY_CHANGED
D/KeyguardUpdateMonitor(  969): handleBatteryUpdate
D/STATUSBAR-PhoneStatusBar(  969):  mBrightnessEnablebySettings = true mBrightnessEnablebyBattery = true mBrightnessEnablebyDisableFlag = true mPmsBrightnessEnablebySettings = true
D/BatteryMeterView(  969): ACTION_BATTERY_CHANGED : level:96 status:3 health:2
I/DMApp   ( 2502): sendMessage : INTERRUPT_BATTERY_HIGH
I/DMApp   ( 2502): handleMessage obj.msg =INTERRUPT_BATTERY_HIGH
I/DMStateMachine( 2502): StateMachine: handleMessage() msg: INTERRUPT_BATTERY_HIGH in IDLE
V/AlarmManager(  695): waitForAlarm result :4
V/AlarmManager(  695): trigger ELAPSED_REALTIME_WAKEUP or RTC_WAKEUP
D/dalvikvm( 6873): GC_EXPLICIT freed 800K, 50% free 8865K/17704K, paused 30ms+16ms, total 134ms
D/GCM     ( 6873): Message class mox
V/AlarmManager(  695):  next == MAX_VALUE
D/AT_Distributor(  394): Send Msg [UART > ATD] 1 bytes <>
D/ConnectivityService(  695): handleInetConditionHoldEnd: net=1, condition=100, published condition=100
D/STATUSBAR-NetworkController(  969): onReceive() - CONNECTIVITY_ACTION, INET_CONDITION_ACTION
D/STATUSBAR-NetworkController(  969): getUpdateDataNetType() - mDataNetType:13
D/STATUSBAR-NetworkController(  969): updateDataNetType()
D/STATUSBAR-NetworkController(  969): isCdma(), !isCdmaEri(), mRoamingIconId = 0
D/StatusBar.NetworkController(  969): do not show no sim notifiation
D/BatteryService(  695): level:96, scale:100, status:3, health:2, present:true, voltage: 4247, temperature: 234, technology: Li-ion, AC powered:false, USB powered:false, Wireless powered:false, icon:17303534, invalid charger:0, online:1, current avg:-1, charge type:0, power sharing:false
D/BatteryService(  695): Sending ACTION_BATTERY_CHANGED.
D/KeyguardUpdateMonitor(  969): received broadcast android.intent.action.BATTERY_CHANGED
D/KeyguardUpdateMonitor(  969): handleBatteryUpdate
D/STATUSBAR-PhoneStatusBar(  969):  mBrightnessEnablebySettings = true mBrightnessEnablebyBattery = true mBrightnessEnablebyDisableFlag = true mPmsBrightnessEnablebySettings = true
D/BatteryMeterView(  969): ACTION_BATTERY_CHANGED : level:96 status:3 health:2
I/DMApp   ( 2502): sendMessage : INTERRUPT_BATTERY_HIGH
I/DMApp   ( 2502): handleMessage obj.msg =INTERRUPT_BATTERY_HIGH
I/DMStateMachine( 2502): StateMachine: handleMessage() msg: INTERRUPT_BATTERY_HIGH in IDLE
D/AT_Distributor(  394): Send Msg [UART > ATD] 1 bytes <>
D/BatteryService(  695): level:96, scale:100, status:3, health:2, present:true, voltage: 4245, temperature: 233, technology: Li-ion, AC powered:false, USB powered:false, Wireless powered:false, icon:17303534, invalid charger:0, online:1, current avg:-1, charge type:0, power sharing:false
D/BatteryService(  695): Sending ACTION_BATTERY_CHANGED.
D/KeyguardUpdateMonitor(  969): received broadcast android.intent.action.BATTERY_CHANGED
D/KeyguardUpdateMonitor(  969): handleBatteryUpdate
D/STATUSBAR-PhoneStatusBar(  969):  mBrightnessEnablebySettings = true mBrightnessEnablebyBattery = true mBrightnessEnablebyDisableFlag = true mPmsBrightnessEnablebySettings = true
D/BatteryMeterView(  969): ACTION_BATTERY_CHANGED : level:96 status:3 health:2
I/DMApp   ( 2502): sendMessage : INTERRUPT_BATTERY_HIGH
I/DMApp   ( 2502): handleMessage obj.msg =INTERRUPT_BATTERY_HIGH
I/DMStateMachine( 2502): StateMachine: handleMessage() msg: INTERRUPT_BATTERY_HIGH in IDLE
D/AT_Distributor(  394): Send Msg [UART > ATD] 1 bytes <>
D/BatteryService(  695): level:96, scale:100, status:3, health:2, present:true, voltage: 4248, temperature: 233, technology: Li-ion, AC powered:false, USB powered:false, Wireless powered:false, icon:17303534, invalid charger:0, online:1, current avg:-1, charge type:0, power sharing:false
D/BatteryService(  695): Sending ACTION_BATTERY_CHANGED.
D/KeyguardUpdateMonitor(  969): received broadcast android.intent.action.BATTERY_CHANGED
D/KeyguardUpdateMonitor(  969): handleBatteryUpdate
D/STATUSBAR-PhoneStatusBar(  969):  mBrightnessEnablebySettings = true mBrightnessEnablebyBattery = true mBrightnessEnablebyDisableFlag = true mPmsBrightnessEnablebySettings = true
D/BatteryMeterView(  969): ACTION_BATTERY_CHANGED : level:96 status:3 health:2
I/DMApp   ( 2502): sendMessage : INTERRUPT_BATTERY_HIGH
I/DMApp   ( 2502): handleMessage obj.msg =INTERRUPT_BATTERY_HIGH
I/DMStateMachine( 2502): StateMachine: handleMessage() msg: INTERRUPT_BATTERY_HIGH in IDLE
D/AT_Distributor(  394): Send Msg [UART > ATD] 1 bytes <>
D/BatteryService(  695): level:96, scale:100, status:3, health:2, present:true, voltage: 4247, temperature: 232, technology: Li-ion, AC powered:false, USB powered:false, Wireless powered:false, icon:17303534, invalid charger:0, online:1, current avg:-1, charge type:0, power sharing:false
D/BatteryService(  695): Sending ACTION_BATTERY_CHANGED.
D/KeyguardUpdateMonitor(  969): received broadcast android.intent.action.BATTERY_CHANGED
D/KeyguardUpdateMonitor(  969): handleBatteryUpdate
D/STATUSBAR-PhoneStatusBar(  969):  mBrightnessEnablebySettings = true mBrightnessEnablebyBattery = true mBrightnessEnablebyDisableFlag = true mPmsBrightnessEnablebySettings = true
D/BatteryMeterView(  969): ACTION_BATTERY_CHANGED : level:96 status:3 health:2
I/DMApp   ( 2502): sendMessage : INTERRUPT_BATTERY_HIGH
I/DMApp   ( 2502): handleMessage obj.msg =INTERRUPT_BATTERY_HIGH
I/DMStateMachine( 2502): StateMachine: handleMessage() msg: INTERRUPT_BATTERY_HIGH in IDLE
D/AT_Distributor(  394): Send Msg [UART > ATD] 1 bytes <>
D/BatteryService(  695): level:96, scale:100, status:3, health:2, present:true, voltage: 4243, temperature: 232, technology: Li-ion, AC powered:false, USB powered:false, Wireless powered:false, icon:17303534, invalid charger:0, online:1, current avg:-1, charge type:0, power sharing:false
D/BatteryService(  695): Sending ACTION_BATTERY_CHANGED.
D/KeyguardUpdateMonitor(  969): received broadcast android.intent.action.BATTERY_CHANGED
D/KeyguardUpdateMonitor(  969): handleBatteryUpdate
D/STATUSBAR-PhoneStatusBar(  969):  mBrightnessEnablebySettings = true mBrightnessEnablebyBattery = true mBrightnessEnablebyDisableFlag = true mPmsBrightnessEnablebySettings = true
D/BatteryMeterView(  969): ACTION_BATTERY_CHANGED : level:96 status:3 health:2
I/DMApp   ( 2502): sendMessage : INTERRUPT_BATTERY_HIGH
I/DMApp   ( 2502): handleMessage obj.msg =INTERRUPT_BATTERY_HIGH
I/DMStateMachine( 2502): StateMachine: handleMessage() msg: INTERRUPT_BATTERY_HIGH in IDLE
D/AT_Distributor(  394): Send Msg [UART > ATD] 1 bytes <>
D/BatteryService(  695): level:96, scale:100, status:3, health:2, present:true, voltage: 4247, temperature: 231, technology: Li-ion, AC powered:false, USB powered:false, Wireless powered:false, icon:17303534, invalid charger:0, online:1, current avg:-1, charge type:0, power sharing:false
D/BatteryService(  695): Sending ACTION_BATTERY_CHANGED.
D/KeyguardUpdateMonitor(  969): received broadcast android.intent.action.BATTERY_CHANGED
D/KeyguardUpdateMonitor(  969): handleBatteryUpdate
D/STATUSBAR-PhoneStatusBar(  969):  mBrightnessEnablebySettings = true mBrightnessEnablebyBattery = true mBrightnessEnablebyDisableFlag = true mPmsBrightnessEnablebySettings = true
D/BatteryMeterView(  969): ACTION_BATTERY_CHANGED : level:96 status:3 health:2
I/DMApp   ( 2502): sendMessage : INTERRUPT_BATTERY_HIGH
I/DMApp   ( 2502): handleMessage obj.msg =INTERRUPT_BATTERY_HIGH
I/DMStateMachine( 2502): StateMachine: handleMessage() msg: INTERRUPT_BATTERY_HIGH in IDLE
D/AT_Distributor(  394): Send Msg [UART > ATD] 1 bytes <>
D/BatteryService(  695): level:96, scale:100, status:3, health:2, present:true, voltage: 4245, temperature: 231, technology: Li-ion, AC powered:false, USB powered:false, Wireless powered:false, icon:17303534, invalid charger:0, online:1, current avg:-1, charge type:0, power sharing:false
D/BatteryService(  695): Sending ACTION_BATTERY_CHANGED.
D/KeyguardUpdateMonitor(  969): received broadcast android.intent.action.BATTERY_CHANGED
D/KeyguardUpdateMonitor(  969): handleBatteryUpdate
D/STATUSBAR-PhoneStatusBar(  969):  mBrightnessEnablebySettings = true mBrightnessEnablebyBattery = true mBrightnessEnablebyDisableFlag = true mPmsBrightnessEnablebySettings = true
D/BatteryMeterView(  969): ACTION_BATTERY_CHANGED : level:96 status:3 health:2
I/DMApp   ( 2502): sendMessage : INTERRUPT_BATTERY_HIGH
I/DMApp   ( 2502): handleMessage obj.msg =INTERRUPT_BATTERY_HIGH
I/DMStateMachine( 2502): StateMachine: handleMessage() msg: INTERRUPT_BATTERY_HIGH in IDLE
D/AT_Distributor(  394): Send Msg [UART > ATD] 1 bytes <>
D/BatteryService(  695): level:96, scale:100, status:3, health:2, present:true, voltage: 4250, temperature: 230, technology: Li-ion, AC powered:false, USB powered:false, Wireless powered:false, icon:17303534, invalid charger:0, online:1, current avg:-1, charge type:0, power sharing:false
D/BatteryService(  695): Sending ACTION_BATTERY_CHANGED.
D/KeyguardUpdateMonitor(  969): received broadcast android.intent.action.BATTERY_CHANGED
D/KeyguardUpdateMonitor(  969): handleBatteryUpdate
D/STATUSBAR-PhoneStatusBar(  969):  mBrightnessEnablebySettings = true mBrightnessEnablebyBattery = true mBrightnessEnablebyDisableFlag = true mPmsBrightnessEnablebySettings = true
D/BatteryMeterView(  969): ACTION_BATTERY_CHANGED : level:96 status:3 health:2
I/DMApp   ( 2502): sendMessage : INTERRUPT_BATTERY_HIGH
I/DMApp   ( 2502): handleMessage obj.msg =INTERRUPT_BATTERY_HIGH
I/DMStateMachine( 2502): StateMachine: handleMessage() msg: INTERRUPT_BATTERY_HIGH in IDLE
D/AT_Distributor(  394): Send Msg [UART > ATD] 1 bytes <>
V/AlarmManager(  695): waitForAlarm result :8
D/KeyguardClockWidgetService( 7087): onReceive action=android.intent.action.TIME_TICK
V/AlarmManager(  695): ClockReceiver onReceive() ACTION_TIME_TICK
D/KeyguardUpdateMonitor(  969): received broadcast android.intent.action.TIME_TICK
D/KeyguardUpdateMonitor(  969): handleTimeUpdate
D/STATUSBAR-IconMerger(  969): checkOverflow(336), More:false, Req:false Child:1
D/BatteryService(  695): level:96, scale:100, status:3, health:2, present:true, voltage: 4231, temperature: 230, technology: Li-ion, AC powered:false, USB powered:false, Wireless powered:false, icon:17303534, invalid charger:0, online:1, current avg:-1, charge type:0, power sharing:false
D/KeyguardUpdateMonitor(  969): received broadcast android.intent.action.BATTERY_CHANGED
D/KeyguardUpdateMonitor(  969): handleBatteryUpdate
I/DMApp   ( 2502): sendMessage : INTERRUPT_BATTERY_HIGH
I/DMApp   ( 2502): handleMessage obj.msg =INTERRUPT_BATTERY_HIGH
I/DMStateMachine( 2502): StateMachine: handleMessage() msg: INTERRUPT_BATTERY_HIGH in IDLE
D/BatteryService(  695): Sending ACTION_BATTERY_CHANGED.
D/STATUSBAR-PhoneStatusBar(  969):  mBrightnessEnablebySettings = true mBrightnessEnablebyBattery = true mBrightnessEnablebyDisableFlag = true mPmsBrightnessEnablebySettings = true
D/BatteryMeterView(  969): ACTION_BATTERY_CHANGED : level:96 status:3 health:2
D/AT_Distributor(  394): Send Msg [UART > ATD] 1 bytes <>
V/AlarmManager(  695): waitForAlarm result :4
V/AlarmManager(  695): trigger ELAPSED_REALTIME_WAKEUP or RTC_WAKEUP
D/BatteryService(  695): level:96, scale:100, status:3, health:2, present:true, voltage: 4225, temperature: 230, technology: Li-ion, AC powered:false, USB powered:false, Wireless powered:false, icon:17303534, invalid charger:0, online:1, current avg:-1, charge type:0, power sharing:false
D/BatteryService(  695): Sending ACTION_BATTERY_CHANGED.
D/KeyguardUpdateMonitor(  969): received broadcast android.intent.action.BATTERY_CHANGED
D/KeyguardUpdateMonitor(  969): handleBatteryUpdate
D/STATUSBAR-PhoneStatusBar(  969):  mBrightnessEnablebySettings = true mBrightnessEnablebyBattery = true mBrightnessEnablebyDisableFlag = true mPmsBrightnessEnablebySettings = true
I/DMApp   ( 2502): sendMessage : INTERRUPT_BATTERY_HIGH
I/DMApp   ( 2502): handleMessage obj.msg =INTERRUPT_BATTERY_HIGH
I/DMStateMachine( 2502): StateMachine: handleMessage() msg: INTERRUPT_BATTERY_HIGH in IDLE
D/BatteryMeterView(  969): ACTION_BATTERY_CHANGED : level:96 status:3 health:2
I/PowerManagerService(  695): [PWL] Off : 931s ago
D/AT_Distributor(  394): Send Msg [UART > ATD] 1 bytes <>
D/BatteryService(  695): level:96, scale:100, status:3, health:2, present:true, voltage: 4251, temperature: 230, technology: Li-ion, AC powered:false, USB powered:false, Wireless powered:false, icon:17303534, invalid charger:0, online:1, current avg:-1, charge type:0, power sharing:false
D/BatteryService(  695): Sending ACTION_BATTERY_CHANGED.
D/KeyguardUpdateMonitor(  969): received broadcast android.intent.action.BATTERY_CHANGED
D/KeyguardUpdateMonitor(  969): handleBatteryUpdate
D/STATUSBAR-PhoneStatusBar(  969):  mBrightnessEnablebySettings = true mBrightnessEnablebyBattery = true mBrightnessEnablebyDisableFlag = true mPmsBrightnessEnablebySettings = true
I/DMApp   ( 2502): sendMessage : INTERRUPT_BATTERY_HIGH
I/DMApp   ( 2502): handleMessage obj.msg =INTERRUPT_BATTERY_HIGH
I/DMStateMachine( 2502): StateMachine: handleMessage() msg: INTERRUPT_BATTERY_HIGH in IDLE
D/BatteryMeterView(  969): ACTION_BATTERY_CHANGED : level:96 status:3 health:2
D/AT_Distributor(  394): Send Msg [UART > ATD] 1 bytes <>
D/BatteryService(  695): level:96, scale:100, status:3, health:2, present:true, voltage: 4242, temperature: 229, technology: Li-ion, AC powered:false, USB powered:false, Wireless powered:false, icon:17303534, invalid charger:0, online:1, current avg:-1, charge type:0, power sharing:false
D/BatteryService(  695): Sending ACTION_BATTERY_CHANGED.
D/KeyguardUpdateMonitor(  969): received broadcast android.intent.action.BATTERY_CHANGED
D/KeyguardUpdateMonitor(  969): handleBatteryUpdate
D/STATUSBAR-PhoneStatusBar(  969):  mBrightnessEnablebySettings = true mBrightnessEnablebyBattery = true mBrightnessEnablebyDisableFlag = true mPmsBrightnessEnablebySettings = true
D/BatteryMeterView(  969): ACTION_BATTERY_CHANGED : level:96 status:3 health:2
I/DMApp   ( 2502): sendMessage : INTERRUPT_BATTERY_HIGH
I/DMApp   ( 2502): handleMessage obj.msg =INTERRUPT_BATTERY_HIGH
I/DMStateMachine( 2502): StateMachine: handleMessage() msg: INTERRUPT_BATTERY_HIGH in IDLE
D/AT_Distributor(  394): Send Msg [UART > ATD] 1 bytes <>
D/BatteryService(  695): level:96, scale:100, status:3, health:2, present:true, voltage: 4217, temperature: 229, technology: Li-ion, AC powered:false, USB powered:false, Wireless powered:false, icon:17303534, invalid charger:0, online:1, current avg:-1, charge type:0, power sharing:false
D/BatteryService(  695): Sending ACTION_BATTERY_CHANGED.
D/KeyguardUpdateMonitor(  969): received broadcast android.intent.action.BATTERY_CHANGED
D/KeyguardUpdateMonitor(  969): handleBatteryUpdate
D/STATUSBAR-PhoneStatusBar(  969):  mBrightnessEnablebySettings = true mBrightnessEnablebyBattery = true mBrightnessEnablebyDisableFlag = true mPmsBrightnessEnablebySettings = true
D/BatteryMeterView(  969): ACTION_BATTERY_CHANGED : level:96 status:3 health:2
I/DMApp   ( 2502): sendMessage : INTERRUPT_BATTERY_HIGH
I/DMApp   ( 2502): handleMessage obj.msg =INTERRUPT_BATTERY_HIGH
I/DMStateMachine( 2502): StateMachine: handleMessage() msg: INTERRUPT_BATTERY_HIGH in IDLE
D/AT_Distributor(  394): Send Msg [UART > ATD] 1 bytes <>
V/AlarmManager(  695): waitForAlarm result :8
I/TWILIGHT( 3514): Fri Jul 18 05:39:00 CDT 2014 S/S Fri Jul 18 20:01:00 CDT 2014
I/TWILIGHT( 3514): has smart light false  false
I/TWILIGHT( 3514): Finally Update current 0 1935
D/LocationManagerService(  695): getProviders()=[]
D/LocationManagerService(  695): getProviders()=[]
D/LocationManagerService(  695): getBestProvider(Criteria[power=NO_REQ acc=LOW], true)=null
E/TWILIGHT( 3514): No provider
I/TWILIGHT( 3514): Update command
I/TWILIGHT( 3514): Fri Jul 18 05:39:00 CDT 2014 S/S Fri Jul 18 20:01:00 CDT 2014
I/TWILIGHT( 3514): has smart light false  false
I/TWILIGHT( 3514): Finally Update current 0 1935
D/BatteryService(  695): level:96, scale:100, status:3, health:2, present:true, voltage: 4248, temperature: 229, technology: Li-ion, AC powered:false, USB powered:false, Wireless powered:false, icon:17303534, invalid charger:0, online:1, current avg:-1, charge type:0, power sharing:false
D/BatteryService(  695): Sending ACTION_BATTERY_CHANGED.
D/KeyguardUpdateMonitor(  969): received broadcast android.intent.action.BATTERY_CHANGED
D/STATUSBAR-PhoneStatusBar(  969):  mBrightnessEnablebySettings = true mBrightnessEnablebyBattery = true mBrightnessEnablebyDisableFlag = true mPmsBrightnessEnablebySettings = true
D/BatteryMeterView(  969): ACTION_BATTERY_CHANGED : level:96 status:3 health:2
D/KeyguardUpdateMonitor(  969): handleBatteryUpdate
I/DMApp   ( 2502): sendMessage : INTERRUPT_BATTERY_HIGH
I/DMApp   ( 2502): handleMessage obj.msg =INTERRUPT_BATTERY_HIGH
I/DMStateMachine( 2502): StateMachine: handleMessage() msg: INTERRUPT_BATTERY_HIGH in IDLE
D/BatteryService(  695): level:96, scale:100, status:3, health:2, present:true, voltage: 4251, temperature: 229, technology: Li-ion, AC powered:false, USB powered:false, Wireless powered:false, icon:17303534, invalid charger:0, online:1, current avg:-1, charge type:0, power sharing:false
D/BatteryService(  695): Sending ACTION_BATTERY_CHANGED.
D/KeyguardUpdateMonitor(  969): received broadcast android.intent.action.BATTERY_CHANGED
D/KeyguardUpdateMonitor(  969): handleBatteryUpdate
D/STATUSBAR-PhoneStatusBar(  969):  mBrightnessEnablebySettings = true mBrightnessEnablebyBattery = true mBrightnessEnablebyDisableFlag = true mPmsBrightnessEnablebySettings = true
D/BatteryMeterView(  969): ACTION_BATTERY_CHANGED : level:96 status:3 health:2
I/DMApp   ( 2502): sendMessage : INTERRUPT_BATTERY_HIGH
I/DMApp   ( 2502): handleMessage obj.msg =INTERRUPT_BATTERY_HIGH
I/DMStateMachine( 2502): StateMachine: handleMessage() msg: INTERRUPT_BATTERY_HIGH in IDLE
V/ApplicationPolicy(  695): isApplicationStateBlocked userId 0 pkgname com.google.android.gms
V/ApplicationPolicy(  695): isApplicationStateBlocked userId 0 pkgname com.google.android.gms
V/ApplicationPolicy(  695): isApplicationStateBlocked userId 0 pkgname com.google.android.gms
V/ApplicationPolicy(  695): isApplicationStateBlocked userId 0 pkgname com.google.android.gms
V/AlarmManager(  695): waitForAlarm result :4
V/AlarmManager(  695): trigger ELAPSED_REALTIME_WAKEUP or RTC_WAKEUP
D/AT_Distributor(  394): Send Msg [UART > ATD] 1 bytes <>
E/Watchdog(  695): !@Sync 8287
D/BatteryService(  695): level:96, scale:100, status:3, health:2, present:true, voltage: 4246, temperature: 229, technology: Li-ion, AC powered:false, USB powered:false, Wireless powered:false, icon:17303534, invalid charger:0, online:1, current avg:-1, charge type:0, power sharing:false
D/BatteryService(  695): Sending ACTION_BATTERY_CHANGED.
D/KeyguardUpdateMonitor(  969): received broadcast android.intent.action.BATTERY_CHANGED
D/KeyguardUpdateMonitor(  969): handleBatteryUpdate
D/STATUSBAR-PhoneStatusBar(  969):  mBrightnessEnablebySettings = true mBrightnessEnablebyBattery = true mBrightnessEnablebyDisableFlag = true mPmsBrightnessEnablebySettings = true
D/BatteryMeterView(  969): ACTION_BATTERY_CHANGED : level:96 status:3 health:2
I/DMApp   ( 2502): sendMessage : INTERRUPT_BATTERY_HIGH
I/DMApp   ( 2502): handleMessage obj.msg =INTERRUPT_BATTERY_HIGH
I/DMStateMachine( 2502): StateMachine: handleMessage() msg: INTERRUPT_BATTERY_HIGH in IDLE
D/AT_Distributor(  394): Send Msg [UART > ATD] 1 bytes <>
D/BatteryService(  695): level:96, scale:100, status:3, health:2, present:true, voltage: 4251, temperature: 229, technology: Li-ion, AC powered:false, USB powered:false, Wireless powered:false, icon:17303534, invalid charger:0, online:1, current avg:-1, charge type:0, power sharing:false
D/BatteryService(  695): Sending ACTION_BATTERY_CHANGED.
D/KeyguardUpdateMonitor(  969): received broadcast android.intent.action.BATTERY_CHANGED
D/KeyguardUpdateMonitor(  969): handleBatteryUpdate
D/STATUSBAR-PhoneStatusBar(  969):  mBrightnessEnablebySettings = true mBrightnessEnablebyBattery = true mBrightnessEnablebyDisableFlag = true mPmsBrightnessEnablebySettings = true
D/BatteryMeterView(  969): ACTION_BATTERY_CHANGED : level:96 status:3 health:2
I/DMApp   ( 2502): sendMessage : INTERRUPT_BATTERY_HIGH
I/DMApp   ( 2502): handleMessage obj.msg =INTERRUPT_BATTERY_HIGH
I/DMStateMachine( 2502): StateMachine: handleMessage() msg: INTERRUPT_BATTERY_HIGH in IDLE
D/AT_Distributor(  394): Send Msg [UART > ATD] 1 bytes <>
D/dalvikvm( 7155): GC_CONCURRENT freed 953K, 52% free 8516K/17704K, paused 539ms+7ms, total 605ms
D/BatteryService(  695): level:96, scale:100, status:3, health:2, present:true, voltage: 4247, temperature: 229, technology: Li-ion, AC powered:false, USB powered:false, Wireless powered:false, icon:17303534, invalid charger:0, online:1, current avg:-1, charge type:0, power sharing:false
D/BatteryService(  695): Sending ACTION_BATTERY_CHANGED.
D/KeyguardUpdateMonitor(  969): received broadcast android.intent.action.BATTERY_CHANGED
D/KeyguardUpdateMonitor(  969): handleBatteryUpdate
D/STATUSBAR-PhoneStatusBar(  969):  mBrightnessEnablebySettings = true mBrightnessEnablebyBattery = true mBrightnessEnablebyDisableFlag = true mPmsBrightnessEnablebySettings = true
D/BatteryMeterView(  969): ACTION_BATTERY_CHANGED : level:96 status:3 health:2
I/DMApp   ( 2502): sendMessage : INTERRUPT_BATTERY_HIGH
I/DMApp   ( 2502): handleMessage obj.msg =INTERRUPT_BATTERY_HIGH
I/DMStateMachine( 2502): StateMachine: handleMessage() msg: INTERRUPT_BATTERY_HIGH in IDLE
D/AT_Distributor(  394): Send Msg [UART > ATD] 1 bytes <>
V/AlarmManager(  695): waitForAlarm result :8
D/KeyguardClockWidgetService( 7087): onReceive action=android.intent.action.TIME_TICK
V/AlarmManager(  695): ClockReceiver onReceive() ACTION_TIME_TICK
D/KeyguardUpdateMonitor(  969): received broadcast android.intent.action.TIME_TICK
D/KeyguardUpdateMonitor(  969): handleTimeUpdate
D/STATUSBAR-IconMerger(  969): checkOverflow(336), More:false, Req:false Child:1
D/KeyguardUpdateMonitor(  969): received broadcast android.intent.action.BATTERY_CHANGED
D/KeyguardUpdateMonitor(  969): handleBatteryUpdate
D/BatteryService(  695): level:96, scale:100, status:3, health:2, present:true, voltage: 4233, temperature: 229, technology: Li-ion, AC powered:false, USB powered:false, Wireless powered:false, icon:17303534, invalid charger:0, online:1, current avg:-1, charge type:0, power sharing:false
D/BatteryService(  695): Sending ACTION_BATTERY_CHANGED.
I/DMApp   ( 2502): sendMessage : INTERRUPT_BATTERY_HIGH
I/DMApp   ( 2502): handleMessage obj.msg =INTERRUPT_BATTERY_HIGH
I/DMStateMachine( 2502): StateMachine: handleMessage() msg: INTERRUPT_BATTERY_HIGH in IDLE
D/STATUSBAR-PhoneStatusBar(  969):  mBrightnessEnablebySettings = true mBrightnessEnablebyBattery = true mBrightnessEnablebyDisableFlag = true mPmsBrightnessEnablebySettings = true
D/BatteryMeterView(  969): ACTION_BATTERY_CHANGED : level:96 status:3 health:2
D/AT_Distributor(  394): Send Msg [UART > ATD] 1 bytes <>
D/BatteryService(  695): level:96, scale:100, status:3, health:2, present:true, voltage: 4248, temperature: 229, technology: Li-ion, AC powered:false, USB powered:false, Wireless powered:false, icon:17303534, invalid charger:0, online:1, current avg:-1, charge type:0, power sharing:false
D/BatteryService(  695): Sending ACTION_BATTERY_CHANGED.
D/KeyguardUpdateMonitor(  969): received broadcast android.intent.action.BATTERY_CHANGED
D/KeyguardUpdateMonitor(  969): handleBatteryUpdate
D/STATUSBAR-PhoneStatusBar(  969):  mBrightnessEnablebySettings = true mBrightnessEnablebyBattery = true mBrightnessEnablebyDisableFlag = true mPmsBrightnessEnablebySettings = true
D/BatteryMeterView(  969): ACTION_BATTERY_CHANGED : level:96 status:3 health:2
I/DMApp   ( 2502): sendMessage : INTERRUPT_BATTERY_HIGH
I/DMApp   ( 2502): handleMessage obj.msg =INTERRUPT_BATTERY_HIGH
I/DMStateMachine( 2502): StateMachine: handleMessage() msg: INTERRUPT_BATTERY_HIGH in IDLE
D/AT_Distributor(  394): Send Msg [UART > ATD] 1 bytes <>
D/        (  695): TIMA: tima-pkm-check event req_len=7352,resp_len=4104!
D/        (  695): TIMA: tima-pkm-check event call to open backend shared_mem_len=7352!
D/        (  695): TAL: TIMA_backend_open--int8_t TIMA_backend_open(void**, appID, uint32_t, uint32_t)
D/        (  695): TIMA: QCOM_backend_open--int8_t QCOM_backend_open(void**, appID, uint32_t, uint32_t)
D/QSEECOMAPI: (  695): App is already loaded QSEE and app id = 3
D/        (  695): TIMA: tima-pkm--TZAPPS is already loaded!
D/        (  695): TAL: TIMA_PKM_measure_kernel--int8_t TIMA_PKM_measure_kernel(TIMA_handle_t, void*, uint32_t, void*, uint32_t, uint32_t)
D/        (  695): TIMA: QCOM_send_command--int8_t QCOM_send_command(TIMA_handle_t, void*, uint32_t, void*, uint32_t, uint32_t)
D/        (  695): rsp_len = 1008 rcvd_data_len = 1040, self_calculate_len=1040
D/TimaService(  695): TIMA: TimaService scheduler is intialized. 
D/TimaService(  695): TIMA: checkEvent, operation: 50000 subject: 10000
D/TimaService(  695): TimaServiceHandler.handleMessage what =1
D/        (  695): TIMA: QCOM_send_command result--0
D/        (  695): TIMA_PKM_measure_kernel returns with resp..ret=512!
D/        (  695): TAL: TIMA_PKM_measure_kernel--int8_t TIMA_PKM_measure_kernel(TIMA_handle_t, void*, uint32_t, void*, uint32_t, uint32_t)
D/        (  695): TIMA: QCOM_send_command--int8_t QCOM_send_command(TIMA_handle_t, void*, uint32_t, void*, uint32_t, uint32_t)
D/        (  695): rsp_len = 1008 rcvd_data_len = 1040, self_calculate_len=1040
D/BatteryService(  695): level:96, scale:100, status:3, health:2, present:true, voltage: 4246, temperature: 228, technology: Li-ion, AC powered:false, USB powered:false, Wireless powered:false, icon:17303534, invalid charger:0, online:1, current avg:-1, charge type:0, power sharing:false
D/BatteryService(  695): Sending ACTION_BATTERY_CHANGED.
D/KeyguardUpdateMonitor(  969): received broadcast android.intent.action.BATTERY_CHANGED
D/KeyguardUpdateMonitor(  969): handleBatteryUpdate
D/STATUSBAR-PhoneStatusBar(  969):  mBrightnessEnablebySettings = true mBrightnessEnablebyBattery = true mBrightnessEnablebyDisableFlag = true mPmsBrightnessEnablebySettings = true
D/BatteryMeterView(  969): ACTION_BATTERY_CHANGED : level:96 status:3 health:2
I/DMApp   ( 2502): sendMessage : INTERRUPT_BATTERY_HIGH
I/DMApp   ( 2502): handleMessage obj.msg =INTERRUPT_BATTERY_HIGH
I/DMStateMachine( 2502): StateMachine: handleMessage() msg: INTERRUPT_BATTERY_HIGH in IDLE
D/        (  695): TIMA: QCOM_send_command result--0
D/        (  695): TIMA_PKM_measure_kernel returns with resp..ret=512!
D/        (  695): TAL: TIMA_PKM_measure_kernel--int8_t TIMA_PKM_measure_kernel(TIMA_handle_t, void*, uint32_t, void*, uint32_t, uint32_t)
D/        (  695): TIMA: QCOM_send_command--int8_t QCOM_send_command(TIMA_handle_t, void*, uint32_t, void*, uint32_t, uint32_t)
D/        (  695): rsp_len = 1008 rcvd_data_len = 1040, self_calculate_len=1040
D/        (  695): TIMA: QCOM_send_command result--0
D/        (  695): TIMA_PKM_measure_kernel returns with resp..ret=512!
D/        (  695): TAL: TIMA_PKM_measure_kernel--int8_t TIMA_PKM_measure_kernel(TIMA_handle_t, void*, uint32_t, void*, uint32_t, uint32_t)
D/        (  695): TIMA: QCOM_send_command--int8_t QCOM_send_command(TIMA_handle_t, void*, uint32_t, void*, uint32_t, uint32_t)
D/        (  695): rsp_len = 1008 rcvd_data_len = 1040, self_calculate_len=1040
D/        (  695): TIMA: QCOM_send_command result--0
D/        (  695): TIMA_PKM_measure_kernel returns with resp..ret=512!
D/        (  695): TAL: TIMA_PKM_measure_kernel--int8_t TIMA_PKM_measure_kernel(TIMA_handle_t, void*, uint32_t, void*, uint32_t, uint32_t)
D/        (  695): TIMA: QCOM_send_command--int8_t QCOM_send_command(TIMA_handle_t, void*, uint32_t, void*, uint32_t, uint32_t)
D/        (  695): rsp_len = 1008 rcvd_data_len = 1040, self_calculate_len=1040
D/        (  695): TIMA: QCOM_send_command result--0
D/        (  695): TIMA_PKM_measure_kernel returns with resp..ret=512!
D/        (  695): TAL: TIMA_PKM_measure_kernel--int8_t TIMA_PKM_measure_kernel(TIMA_handle_t, void*, uint32_t, void*, uint32_t, uint32_t)
D/        (  695): TIMA: QCOM_send_command--int8_t QCOM_send_command(TIMA_handle_t, void*, uint32_t, void*, uint32_t, uint32_t)
D/        (  695): rsp_len = 1008 rcvd_data_len = 1040, self_calculate_len=1040
D/        (  695): TIMA: QCOM_send_command result--0
D/        (  695): TIMA_PKM_measure_kernel returns with resp..ret=512!
D/        (  695): TAL: TIMA_PKM_measure_kernel--int8_t TIMA_PKM_measure_kernel(TIMA_handle_t, void*, uint32_t, void*, uint32_t, uint32_t)
D/        (  695): TIMA: QCOM_send_command--int8_t QCOM_send_command(TIMA_handle_t, void*, uint32_t, void*, uint32_t, uint32_t)
D/        (  695): rsp_len = 1008 rcvd_data_len = 1040, self_calculate_len=1040
D/        (  695): TIMA: QCOM_send_command result--0
D/        (  695): TIMA_PKM_measure_kernel returns with resp..ret=512!
D/        (  695): TAL: TIMA_PKM_measure_kernel--int8_t TIMA_PKM_measure_kernel(TIMA_handle_t, void*, uint32_t, void*, uint32_t, uint32_t)
D/        (  695): TIMA: QCOM_send_command--int8_t QCOM_send_command(TIMA_handle_t, void*, uint32_t, void*, uint32_t, uint32_t)
D/        (  695): rsp_len = 1008 rcvd_data_len = 1040, self_calculate_len=1040
D/        (  695): TIMA: QCOM_send_command result--0
D/        (  695): TIMA_PKM_measure_kernel returns with resp..ret=512!
D/        (  695): TAL: TIMA_PKM_measure_kernel--int8_t TIMA_PKM_measure_kernel(TIMA_handle_t, void*, uint32_t, void*, uint32_t, uint32_t)
D/        (  695): TIMA: QCOM_send_command--int8_t QCOM_send_command(TIMA_handle_t, void*, uint32_t, void*, uint32_t, uint32_t)
D/        (  695): rsp_len = 1008 rcvd_data_len = 1040, self_calculate_len=1040
D/        (  695): TIMA: QCOM_send_command result--0
D/        (  695): TIMA_PKM_measure_kernel returns with resp..ret=512!
D/        (  695): TAL: TIMA_PKM_measure_kernel--int8_t TIMA_PKM_measure_kernel(TIMA_handle_t, void*, uint32_t, void*, uint32_t, uint32_t)
D/        (  695): TIMA: QCOM_send_command--int8_t QCOM_send_command(TIMA_handle_t, void*, uint32_t, void*, uint32_t, uint32_t)
D/        (  695): rsp_len = 1008 rcvd_data_len = 1040, self_calculate_len=1040
D/        (  695): TIMA: QCOM_send_command result--0
D/        (  695): TIMA_PKM_measure_kernel returns with resp..ret=512!
D/        (  695): TAL: TIMA_PKM_measure_kernel--int8_t TIMA_PKM_measure_kernel(TIMA_handle_t, void*, uint32_t, void*, uint32_t, uint32_t)
D/        (  695): TIMA: QCOM_send_command--int8_t QCOM_send_command(TIMA_handle_t, void*, uint32_t, void*, uint32_t, uint32_t)
D/        (  695): rsp_len = 1008 rcvd_data_len = 1040, self_calculate_len=1040
D/        (  695): TIMA: QCOM_send_command result--0
D/        (  695): TIMA_PKM_measure_kernel returns with resp..ret=512!
D/        (  695): TAL: TIMA_PKM_measure_kernel--int8_t TIMA_PKM_measure_kernel(TIMA_handle_t, void*, uint32_t, void*, uint32_t, uint32_t)
D/        (  695): TIMA: QCOM_send_command--int8_t QCOM_send_command(TIMA_handle_t, void*, uint32_t, void*, uint32_t, uint32_t)
D/        (  695): rsp_len = 1008 rcvd_data_len = 1040, self_calculate_len=1040
D/        (  695): TIMA: QCOM_send_command result--0
D/        (  695): TIMA_PKM_measure_kernel returns with resp..ret=512!
D/        (  695): TAL: TIMA_PKM_measure_kernel--int8_t TIMA_PKM_measure_kernel(TIMA_handle_t, void*, uint32_t, void*, uint32_t, uint32_t)
D/        (  695): TIMA: QCOM_send_command--int8_t QCOM_send_command(TIMA_handle_t, void*, uint32_t, void*, uint32_t, uint32_t)
D/        (  695): rsp_len = 1008 rcvd_data_len = 1040, self_calculate_len=1040
D/        (  695): TIMA: QCOM_send_command result--0
D/        (  695): TIMA_PKM_measure_kernel returns with resp..ret=512!
D/        (  695): TAL: TIMA_PKM_measure_kernel--int8_t TIMA_PKM_measure_kernel(TIMA_handle_t, void*, uint32_t, void*, uint32_t, uint32_t)
D/        (  695): TIMA: QCOM_send_command--int8_t QCOM_send_command(TIMA_handle_t, void*, uint32_t, void*, uint32_t, uint32_t)
D/        (  695): rsp_len = 1008 rcvd_data_len = 1040, self_calculate_len=1040
D/        (  695): TIMA: QCOM_send_command result--0
D/        (  695): TIMA_PKM_measure_kernel returns with resp..ret=512!
D/        (  695): TAL: TIMA_PKM_measure_kernel--int8_t TIMA_PKM_measure_kernel(TIMA_handle_t, void*, uint32_t, void*, uint32_t, uint32_t)
D/        (  695): TIMA: QCOM_send_command--int8_t QCOM_send_command(TIMA_handle_t, void*, uint32_t, void*, uint32_t, uint32_t)
D/        (  695): rsp_len = 1008 rcvd_data_len = 1040, self_calculate_len=1040
