D/SensorService(  695): AutoRotationSensor::process: Ar_SensorChanged oldrotation = [0], rotation = [255]
V/WindowOrientationListener(  695): Rotation Sensor : x=255.0
D/SensorService(  695):  [AR] 0.5 5.4 7.5
D/SensorService(  695): AutoRotationSensor::process: Ar_SensorChanged oldrotation = [255], rotation = [0]
V/WindowOrientationListener(  695): Rotation Sensor : x=0.0
I/InputReader(  695): Touch event's action is 0x0 (deviceType=0) [pCnt=1, s=0.12455 ] when=232562449282000
I/InputDispatcher(  695): Delivering touch to: action: 0x4, toolType: 1
I/InputDispatcher(  695): Delivering touch to: action: 0x0, toolType: 1
E/Sensors (  695): accelHandler -0.368833 5.619913 7.838899
I/InputReader(  695): Touch event's action is 0x1 (deviceType=0) [pCnt=1, s=] when=232562515022000
I/InputDispatcher(  695): Delivering touch to: action: 0x1, toolType: 1
E/DatabaseUtils(  695): Writing exception to parcel
E/DatabaseUtils(  695): java.lang.SecurityException: Permission Denial: get/set setting for user asks to run as user -2 but is calling from user 0; this requires android.permission.INTERACT_ACROSS_USERS_FULL
E/DatabaseUtils(  695): 	at com.android.server.am.ActivityManagerService.handleIncomingUser(ActivityManagerService.java:15031)
E/DatabaseUtils(  695): 	at android.app.ActivityManager.handleIncomingUser(ActivityManager.java:2488)
E/DatabaseUtils(  695): 	at com.android.providers.settings.SettingsProvider.call(SettingsProvider.java:688)
E/DatabaseUtils(  695): 	at android.content.ContentProvider$Transport.call(ContentProvider.java:325)
E/DatabaseUtils(  695): 	at android.content.ContentProviderNative.onTransact(ContentProviderNative.java:275)
E/DatabaseUtils(  695): 	at android.os.Binder.execTransact(Binder.java:404)
E/DatabaseUtils(  695): 	at dalvik.system.NativeStart.run(Native Method)
I/AudioPolicyManagerBase(  177): getSituationVolume: isBTConnected:0 isHeadConnected:0
V/AudioPolicyManagerBase(  177): getParamFromPolicy  deviceInt = 0, situationInt = 1, situationVolume = 0.500000
W/ActivityManager(  695): Permission Denial: get/set setting for user asks to run as user -2 but is calling from user 0; this requires android.permission.INTERACT_ACROSS_USERS_FULL
V/AudioPolicyManagerBase(  177): getOutput() device 2, stream 1, samplingRate 0, format 0, channelMask 3, flags 0
V/AudioPolicyManagerBase(  177): getOutputsForDevice device 0002 -> 0002
V/AudioPolicyManagerBase(  177): getOutput() returns output 2
V/AudioPolicyManagerBase(  177): getOutput() device 2, stream 1, samplingRate 0, format 0, channelMask 3, flags 0
V/AudioPolicyManagerBase(  177): getOutputsForDevice device 0002 -> 0002
V/AudioPolicyManagerBase(  177): getOutput() returns output 2
V/AudioPolicyManagerBase(  177): getOutput() device 2, stream 1, samplingRate 44100, format 1, channelMask 3, flags 4
V/AudioPolicyManagerBase(  177): getOutputsForDevice device 0002 -> 0002
V/AudioPolicyManagerBase(  177): getOutput() returns output 2
V/AudioPolicyManagerBase(  177): startOutput() output 2, stream 1, session 5126
V/AudioPolicyManagerBase(  177): changeRefCount() stream 1, count 1
W/AudioPolicyManagerBase(  177): stream type [13], return media strategy
W/AudioPolicyManagerBase(  177): stream type [13], return media strategy
W/AudioPolicyManagerBase(  177): stream type [13], return media strategy
W/AudioPolicyManagerBase(  177): stream type [13], return media strategy
V/AudioPolicyManagerBase(  177): getNewDevice() selected device 2
V/AudioPolicyManagerBase(  177): setOutputDevice() output 2 device 0002 force 0 delayMs 0 
V/AudioPolicyManagerBase(  177): setOutputDevice() prevDevice 0002
V/AudioPolicyManagerBase(  177): setOutputDevice() setting same device 0002 or null device for output 2
D/ALSAModule(  177): s_route: devices 0x2 in mode 0
D/ALSAModule(  177): No valid input device: 0
D/alsa_ucm(  177): snd_use_case_set(): uc_mgr 0xb74250c0 identifier _enadev value Speaker
D/ALSAModule(  177): switchDevice 1: curTxUCMDevice Samsung Dualmic RCV curRxUCMDevice Speaker
D/ALSAModule(  177): switchDevice 2: curTxUCMDevice SS Dualmic RCV curRxDevDevice Speaker
D/alsa_ucm(  177): snd_use_case_set(): uc_mgr 0xb74250c0 identifier _verb value HiFi
D/alsa_ucm(  177): Set mixer controls for Speaker enable 1
D/alsa_ucm(  177): acdb_id 15 cap 1 enable 1
D/ACDB-LOADER(  177): ACDB -> send_audio_cal, acdb_id = 15, path =  0
D/ACDB-LOADER(  177): ACDB -> send_adm_topology
D/ACDB-LOADER(  177): ACDB -> ACDB_CMD_GET_AUDPROC_COMMON_TOPOLOGY_ID
D/ACDB-LOADER(  177): ACDB -> send_audtable
D/ACDB-LOADER(  177): ACDB -> ACDB_CMD_GET_AUDPROC_COMMON_TABLE
D/ACDB-LOADER(  177): ACDB -> AUDIO_SET_AUDPROC_CAL
D/ACDB-LOADER(  177): ACDB -> send_audvoltable
D/ACDB-LOADER(  177): ACDB -> ACDB_CMD_GET_AUDPROC_GAIN_DEP_VOLTBL_STEP_COPP
D/ACDB-LOADER(  177): ACDB -> AUDIO_SET_AUDPROC_VOL_CAL
D/ACDB-LOADER(  177): ACDB -> send_afe_cal
D/ACDB-LOADER(  177): ACDB -> ACDB_CMD_GET_AFE_COMMON_TABLE
E/ACDB-LOADER(  177): Error: ACDB AFE returned = -8
D/ACDB-LOADER(  177): ACDB -> AUDIO_SET_AFE_CAL
D/alsa_ucm(  177): Setting mixer control: PRI_RX Channels, value: Two
D/alsa_ucm(  177): Setting mixer control: RX5 MIX1 INP1, value: RX1
D/alsa_ucm(  177): Setting mixer control: RX5 MIX1 INP2, value: RX2
D/alsa_ucm(  177): Setting mixer control: RX6 DSM MUX, value: DSM_INV
D/alsa_ucm(  177): Setting mixer control: LINEOUT2 Volume, value: 100
V/AudioPolicyManagerBase(  177): releaseOutput() 2
D/alsa_ucm(  177): Setting mixer control: LINEOUT4 Volume, value: 100
W/AudioFlinger(  177): session id 5125 not found for pid 695
D/alsa_ucm(  177): Setting mixer control: RX5 Digital Volume, value: 65
D/alsa_ucm(  177): Set mixer controls for HiFi enable 1
D/alsa_ucm(  177): Setting mixer control: PRI_RX Audio Mixer MultiMedia1, value: 1
D/ALSAModule(  177): s_close: handle 0xb7457798 h 0x0
D/ALSAModule(  177): erase handle from mHandleList
D/ALSAModule(  177): s_open: handle 0xb7457798
D/ALSAModule(  177): Device value returned is hw:0,0
D/ALSAModule(  177): setHardwareParams: reqBuffSize 2048 channels 2 sampleRate 44100
D/ALSAModule(  177): setHardwareParams: buffer_size 16384, period_size 2048, period_cnt 8
D/ALSAModule(  177): start_threshold is 1024
D/EnterpriseDeviceManager(  695): ContainerId: 0
W/KnoxCustomManagerService(  695): getSealedState() failed - persistence problem com.android.server.enterprise.storage.SettingNotFoundException: Admin data is null
D/KnoxCustomManagerService(  695): getSealedState(false)
E/Parcel  (  695): Class not found when unmarshalling: com.twitter.library.scribe.ScribeAssociation
E/Parcel  (  695): java.lang.ClassNotFoundException: com.twitter.library.scribe.ScribeAssociation
E/Parcel  (  695): 	at java.lang.Class.classForName(Native Method)
E/Parcel  (  695): 	at java.lang.Class.forName(Class.java:251)
E/Parcel  (  695): 	at java.lang.Class.forName(Class.java:216)
E/Parcel  (  695): 	at android.os.Parcel.readParcelableCreator(Parcel.java:2133)
E/Parcel  (  695): 	at android.os.Parcel.readParcelable(Parcel.java:2097)
E/Parcel  (  695): 	at android.os.Parcel.readValue(Parcel.java:2013)
E/Parcel  (  695): 	at android.os.Parcel.readArrayMapInternal(Parcel.java:2314)
E/Parcel  (  695): 	at android.os.Bundle.unparcel(Bundle.java:249)
E/Parcel  (  695): 	at android.os.Bundle.getString(Bundle.java:1118)
E/Parcel  (  695): 	at android.content.Intent.getStringExtra(Intent.java:5145)
E/Parcel  (  695): 	at com.android.server.am.ActivityStackSupervisor.startActivityLocked(ActivityStackSupervisor.java:1447)
E/Parcel  (  695): 	at com.android.server.am.ActivityStackSupervisor.startActivityMayWait(ActivityStackSupervisor.java:1043)
E/Parcel  (  695): 	at com.android.server.am.ActivityManagerService.startActivityAsUser(ActivityManagerService.java:4063)
E/Parcel  (  695): 	at com.android.server.am.ActivityManagerService.startActivity(ActivityManagerService.java:3957)
E/Parcel  (  695): 	at android.app.ActivityManagerNative.onTransact(ActivityManagerNative.java:159)
E/Parcel  (  695): 	at com.android.server.am.ActivityManagerService.onTransact(ActivityManagerService.java:2638)
E/Parcel  (  695): 	at android.os.Binder.execTransact(Binder.java:404)
E/Parcel  (  695): 	at dalvik.system.NativeStart.run(Native Method)
E/Parcel  (  695): Caused by: java.lang.NoClassDefFoundError: com/twitter/library/scribe/ScribeAssociation
E/Parcel  (  695): 	... 18 more
E/Parcel  (  695): Caused by: java.lang.ClassNotFoundException: Didn't find class "com.twitter.library.scribe.ScribeAssociation" on path: DexPathList[[directory "."],nativeLibraryDirectories=[/vendor/lib, /system/lib]]
E/Parcel  (  695): 	at dalvik.system.BaseDexClassLoader.findClass(BaseDexClassLoader.java:67)
E/Parcel  (  695): 	at java.lang.ClassLoader.loadClass(ClassLoader.java:497)
E/Parcel  (  695): 	at java.lang.ClassLoader.loadClass(ClassLoader.java:457)
E/Parcel  (  695): 	... 18 more
D/CustomFrequencyManagerService(  695): acquireDVFSLockLocked : type : DVFS_MIN_LIMIT  frequency : 1242000  uid : 1000  pid : 695  pkgName : ACTIVITY_RESUME_BOOSTER@5
W/ActivityManager(  695): mDVFSHelper.acquire()
D/PointerIcon(  695): setMouseIconStyle1 pointerType: 1001iconType:101 flag:0
D/PointerIcon(  695): setMouseCustomIcon IconType is same.101
D/KeyguardUpdateMonitor(  969): sendKeyguardVisibilityChanged(true)
D/KeyguardUpdateMonitor(  969): handleKeyguardVisibilityChanged(1)
D/PhoneStatusBar(  969): setTransGradationMode=false, mTransparentMode=false, mSemiTransparentMode=false, mMultiWindowMode=false
D/MultiPhoneWindow(25729): generateLayout : sMinimumStackBoundForPortraitOrientRect(0, 0 - 0, 0), sMinimumStackBoundForLandscapeOrient=Rect(0, 0 - 0, 0)
D/StatusBarManagerService(  695): tr p:25729,o:f
D/AbsListView(25729): Get MotionRecognitionManager
D/MotionRecognitionService(  695):  ssp status : false
D/SensorService(  695):  [AR] 0.4 4.5 8.1
D/SensorService(  695): AutoRotationSensor::process: Ar_SensorChanged oldrotation = [0], rotation = [255]
V/WindowOrientationListener(  695): Rotation Sensor : x=255.0
D/AbsListView(25729): Get MotionRecognitionManager
D/SensorService(  695):  [AR] 0.2 4.7 8.1
D/SensorService(  695): AutoRotationSensor::process: Ar_SensorChanged oldrotation = [255], rotation = [0]
V/WindowOrientationListener(  695): Rotation Sensor : x=0.0
D/AbsListView(25729): Get MotionRecognitionManager
D/SensorService(  695):  [AR] 0.1 4.6 8.3
D/SensorService(  695): AutoRotationSensor::process: Ar_SensorChanged oldrotation = [0], rotation = [255]
V/WindowOrientationListener(  695): Rotation Sensor : x=255.0
D/AbsListView(25729): Get MotionRecognitionManager
D/PhoneStatusBar(  969): setSemiTransparentMode=false, mTransparentMode=false, mSemiTransparentMode=false, mMultiWindowMode=false
D/StatusBarManagerService(  695): semi p:25729,o:f
I/SurfaceFlinger(  174): id=5342 createSurf (1x1),1 flag=4, SootTweetAc
I/SpenGestureManager(  695): setFocusWindow21070
D/EnterpriseDeviceManager(  695): ContainerId: 0
D/KeyguardUpdateMonitor(  969): sendKeyguardVisibilityChanged(true)
D/KeyguardUpdateMonitor(  969): handleKeyguardVisibilityChanged(1)
D/STATUSBAR-StatusBarManagerService(  695): manageDisableList what=0x0 pkg=WindowManager.LayoutParams
D/RestrictionPolicy(  695): isStatusBarExpansionAllowed : true
D/KeyguardUpdateMonitor(  969): sendKeyguardVisibilityChanged(true)
D/KeyguardUpdateMonitor(  969): handleKeyguardVisibilityChanged(1)
D/PointerIcon(  695): setMouseIconStyle1 pointerType: 1001iconType:101 flag:0
D/PointerIcon(  695): setMouseCustomIcon IconType is same.101
D/ProgressBar(25729): updateDrawableBounds: left = 0
D/ProgressBar(25729): updateDrawableBounds: top = 0
D/ProgressBar(25729): updateDrawableBounds: right = 96
D/ProgressBar(25729): updateDrawableBounds: bottom = 96
D/KeyguardUpdateMonitor(  969): sendKeyguardVisibilityChanged(true)
D/KeyguardUpdateMonitor(  969): handleKeyguardVisibilityChanged(1)
D/SensorService(  695):  [AR] 0.5 4.5 8.0
D/SensorService(  695): AutoRotationSensor::process: Ar_SensorChanged oldrotation = [255], rotation = [0]
V/WindowOrientationListener(  695): Rotation Sensor : x=0.0
D/ProgressBar(25729): updateDrawableBounds: left = 0
D/ProgressBar(25729): updateDrawableBounds: top = 0
D/ProgressBar(25729): updateDrawableBounds: right = 32
D/ProgressBar(25729): updateDrawableBounds: bottom = 32
E/qdmemalloc(  174): heap_msk=3000000 flags=1
E/qdmemalloc(  174):  
E/qdmemalloc(  174): heap_msk=40000000 flags=1
E/qdmemalloc(  174):  
D/KeyguardUpdateMonitor(  969): sendKeyguardVisibilityChanged(true)
D/KeyguardUpdateMonitor(  969): handleKeyguardVisibilityChanged(1)
D/EnterpriseDeviceManager(  695): ContainerId: 0
D/RestrictionPolicy(  695): isUseSecureKeypadEnabled : false
D/KeyguardUpdateMonitor(  969): sendKeyguardVisibilityChanged(true)
D/KeyguardUpdateMonitor(  969): handleKeyguardVisibilityChanged(1)
W/ContextImpl(  695): Calling a method in the system process without a qualified user: android.app.ContextImpl.sendBroadcast:1509 com.android.server.InputMethodManagerService$4.run:2683 java.lang.Thread.run:841 <bottom of call stack> <bottom of call stack> 
D/KeyguardUpdateMonitor(  969): sendKeyguardVisibilityChanged(true)
D/KeyguardUpdateMonitor(  969): handleKeyguardVisibilityChanged(1)
E/qdmemalloc(  174): heap_msk=3000000 flags=1
E/qdmemalloc(  174):  
E/qdmemalloc(  174): heap_msk=40000000 flags=1
E/qdmemalloc(  174):  
D/KeyguardUpdateMonitor(  969): sendKeyguardVisibilityChanged(true)
D/KeyguardUpdateMonitor(  969): handleKeyguardVisibilityChanged(1)
D/SensorService(  695):  [AR] 0.2 4.5 8.4
D/SensorService(  695): AutoRotationSensor::process: Ar_SensorChanged oldrotation = [0], rotation = [255]
V/WindowOrientationListener(  695): Rotation Sensor : x=255.0
D/CustomFrequencyManagerService(  695): releaseDVFSLockLocked : Getting Lock type frm List : DVFS_MIN_LIMIT  frequency : 1242000  uid : 1000  pid : 695  tag : ACTIVITY_RESUME_BOOSTER@5
W/ActivityManager(  695): mDVFSHelper.release()
D/KeyguardUpdateMonitor(  969): sendKeyguardVisibilityChanged(true)
D/KeyguardUpdateMonitor(  969): handleKeyguardVisibilityChanged(1)
I/SurfaceFlinger(  174): id=5341 Removed NainActivit (16/23)
I/SurfaceFlinger(  174): id=5341 Removed NainActivit (-2/23)
D/KeyguardUpdateMonitor(  969): sendKeyguardVisibilityChanged(true)
D/KeyguardUpdateMonitor(  969): handleKeyguardVisibilityChanged(1)
D/SensorService(  695):  [AR] 0.5 4.7 8.3
D/SensorService(  695): AutoRotationSensor::process: Ar_SensorChanged oldrotation = [255], rotation = [0]
V/WindowOrientationListener(  695): Rotation Sensor : x=0.0
D/KeyguardUpdateMonitor(  969): sendKeyguardVisibilityChanged(true)
D/KeyguardUpdateMonitor(  969): handleKeyguardVisibilityChanged(1)
E/qdmemalloc(  174): heap_msk=3000000 flags=1
E/qdmemalloc(  174):  
D/CustomFrequencyManagerService(  695): acquireDVFSLockLocked : type : DVFS_MIN_LIMIT  frequency : 1242000  uid : 1000  pid : 695  pkgName : ACTIVITY_RESUME_BOOSTER@9
E/qdmemalloc(  174): heap_msk=40000000 flags=1
E/qdmemalloc(  174):  
D/KeyguardUpdateMonitor(  969): sendKeyguardVisibilityChanged(true)
D/KeyguardUpdateMonitor(  969): handleKeyguardVisibilityChanged(1)
D/SensorService(  695):  [AR] 0.5 4.7 8.3
D/SensorService(  695): AutoRotationSensor::process: Ar_SensorChanged oldrotation = [0], rotation = [255]
V/WindowOrientationListener(  695): Rotation Sensor : x=255.0
D/SensorService(  695):  [AR] 0.4 4.6 8.1
D/SensorService(  695): AutoRotationSensor::process: Ar_SensorChanged oldrotation = [255], rotation = [0]
V/WindowOrientationListener(  695): Rotation Sensor : x=0.0
D/SensorService(  695):  [AR] 0.0 4.6 8.2
D/SensorService(  695): AutoRotationSensor::process: Ar_SensorChanged oldrotation = [0], rotation = [255]
V/WindowOrientationListener(  695): Rotation Sensor : x=255.0
D/CustomFrequencyManagerService(  695): releaseDVFSLockLocked : Getting Lock type frm List : DVFS_MIN_LIMIT  frequency : 1242000  uid : 1000  pid : 695  tag : ACTIVITY_RESUME_BOOSTER@9
V/AudioPolicyManagerBase(  177): stopOutput() output 2, stream 1, session 5126
V/AudioPolicyManagerBase(  177): changeRefCount() stream 1, count 0
W/AudioPolicyManagerBase(  177): stream type [13], return media strategy
W/AudioPolicyManagerBase(  177): stream type [13], return media strategy
W/AudioPolicyManagerBase(  177): stream type [13], return media strategy
W/AudioPolicyManagerBase(  177): stream type [13], return media strategy
W/AudioPolicyManagerBase(  177): stream type [13], return media strategy
W/AudioPolicyManagerBase(  177): stream type [13], return media strategy
V/AudioPolicyManagerBase(  177): getNewDevice() selected device 0
V/AudioPolicyManagerBase(  177): setOutputDevice() output 2 device 0000 force 0 delayMs 192 
V/AudioPolicyManagerBase(  177): setOutputDevice() prevDevice 0002
W/AudioPolicyManagerBase(  177): stream type [13], return media strategy
W/AudioPolicyManagerBase(  177): stream type [13], return media strategy
V/AudioPolicyManagerBase(  177): setOutputDevice() setting same device 0000 or null device for output 2
D/SensorService(  695):  [AR] -0.0 4.8 8.2
D/SensorService(  695): AutoRotationSensor::process: Ar_SensorChanged oldrotation = [255], rotation = [0]
V/WindowOrientationListener(  695): Rotation Sensor : x=0.0
D/lights  (  695): button : 0 +
D/lights  (  695): button : 0 -
E/cutils  (  149): Failed to mkdirat(/storage/extSdCard/Android): Read-only file system
W/ContextImpl(25729): Failed to ensure directory: /storage/extSdCard/Android/data/com.twitter.android/files
W/Vold    (  149): Returning OperationFailed - no handler for errno 30
I/InputReader(  695): Touch event's action is 0x0 (deviceType=0) [pCnt=1, s=0.12456 ] when=232564444673000
I/InputDispatcher(  695): Delivering touch to: action: 0x4, toolType: 1
I/InputDispatcher(  695): Delivering touch to: action: 0x0, toolType: 1
D/lights  (  695): button : 1 +
D/lights  (  695): button : 1 -
D/CustomFrequencyManagerService(  695): acquireDVFSLockLocked : type : DVFS_MIN_LIMIT  frequency : 810000  uid : 10186  pid : 25729  pkgName : LIST_SCROLL_BOOSTER@177
I/InputReader(  695): Touch event's action is 0x1 (deviceType=0) [pCnt=1, s=] when=232564646901000
I/InputDispatcher(  695): Delivering touch to: action: 0x1, toolType: 1
D/CustomFrequencyManagerService(  695): releaseDVFSLockLocked : Getting Lock type frm List : DVFS_MIN_LIMIT  frequency : 810000  uid : 10186  pid : 25729  tag : LIST_SCROLL_BOOSTER@177
D/SensorService(  695):   0.0 4.7 8.1
D/SensorService(  695):  [AR] 0.6 4.4 8.3
D/SensorService(  695): AutoRotationSensor::process: Ar_SensorChanged oldrotation = [0], rotation = [255]
V/WindowOrientationListener(  695): Rotation Sensor : x=255.0
D/lights  (  695): button : 0 +
D/lights  (  695): button : 0 -
E/Sensors (  695): accelHandler 0.269440 4.249962 8.410111
E/Watchdog(  695): !@Sync 7750
D/AudioStreamOutALSA(  177): standby
D/ALSAModule(  177): s_standby: handle 0xb7457798 h 0x0
E/ALSAModule(  177): s_standby handle h 0xb74aa818
D/ALSAModule(  177): checkRunningHandle return false
D/alsa_ucm(  177): snd_use_case_set(): uc_mgr 0xb74250c0 identifier _verb value Inactive
D/alsa_ucm(  177): Set mixer controls for HiFi enable 0
D/alsa_ucm(  177): Setting mixer control: PRI_RX Audio Mixer MultiMedia1, value: 0
E/ALSAModule(  177): Number of modifiers 0
E/ALSAModule(  177): usecase_type is 0
D/alsa_ucm(  177): snd_use_case_set(): uc_mgr 0xb74250c0 identifier _disdev value Samsung Dualmic RCV
D/alsa_ucm(  177): disdev: device Samsung Dualmic RCV not enabled, no need to disable
D/alsa_ucm(  177): snd_use_case_set(): uc_mgr 0xb74250c0 identifier _disdev value Speaker
D/alsa_ucm(  177): Set mixer controls for Speaker enable 0
D/alsa_ucm(  177): Setting mixer control: RX5 MIX1 INP1, value: ZERO
D/alsa_ucm(  177): Setting mixer control: RX5 MIX1 INP2, value: ZERO
D/alsa_ucm(  177): Setting mixer control: LINEOUT2 Volume, value: 0
D/alsa_ucm(  177): Setting mixer control: LINEOUT4 Volume, value: 0
D/alsa_ucm(  177): Setting mixer control: RX5 Digital Volume, value: 0
D/SensorService(  695):   0.3 4.1 8.5
V/AlarmManager(  695): waitForAlarm result :8
D/KeyguardClockWidgetService( 7087): onReceive action=android.intent.action.TIME_TICK
V/AlarmManager(  695): ClockReceiver onReceive() ACTION_TIME_TICK
D/KeyguardUpdateMonitor(  969): received broadcast android.intent.action.TIME_TICK
D/KeyguardUpdateMonitor(  969): handleTimeUpdate
D/STATUSBAR-IconMerger(  969): checkOverflow(336), More:false, Req:false Child:1
D/accuweather( 7581): [MSC_Accu_Daemon]>>> WCS:95 [0:0] checkDay:true, UtilgetIsDay():true
E/Sensors (  695): accelHandler 0.207169 4.156557 8.405321
D/SensorService(  695):   0.2 4.1 8.5
D/SensorService(  695):  [AR] 0.1 4.4 7.7
D/SensorService(  695): AutoRotationSensor::process: Ar_SensorChanged oldrotation = [255], rotation = [0]
V/WindowOrientationListener(  695): Rotation Sensor : x=0.0
D/SensorService(  695):  [AR] 0.1 4.3 8.2
D/SensorService(  695): AutoRotationSensor::process: Ar_SensorChanged oldrotation = [0], rotation = [255]
V/WindowOrientationListener(  695): Rotation Sensor : x=255.0
I/InputReader(  695): Touch event's action is 0x0 (deviceType=0) [pCnt=1, s=0.12457 ] when=232572845375000
I/InputDispatcher(  695): Delivering touch to: action: 0x4, toolType: 1
I/InputDispatcher(  695): Delivering touch to: action: 0x0, toolType: 1
D/lights  (  695): button : 1 +
D/lights  (  695): button : 1 -
D/CustomFrequencyManagerService(  695): acquireDVFSLockLocked : type : DVFS_MIN_LIMIT  frequency : 810000  uid : 10186  pid : 25729  pkgName : LIST_SCROLL_BOOSTER@177
I/InputReader(  695): Touch event's action is 0x1 (deviceType=0) [pCnt=1, s=] when=232572999381000
I/InputDispatcher(  695): Delivering touch to: action: 0x1, toolType: 1
E/Sensors (  695): accelHandler 0.131726 4.393663 8.316706
D/CustomFrequencyManagerService(  695): releaseDVFSLockLocked : Getting Lock type frm List : DVFS_MIN_LIMIT  frequency : 810000  uid : 10186  pid : 25729  tag : LIST_SCROLL_BOOSTER@177
D/BatteryService(  695): level:90, scale:100, status:3, health:2, present:true, voltage: 4151, temperature: 316, technology: Li-ion, AC powered:false, USB powered:false, Wireless powered:false, icon:17303534, invalid charger:0, online:1, current avg:-1, charge type:0, power sharing:false
D/BatteryService(  695): Sending ACTION_BATTERY_CHANGED.
D/KeyguardUpdateMonitor(  969): received broadcast android.intent.action.BATTERY_CHANGED
D/STATUSBAR-PhoneStatusBar(  969):  mBrightnessEnablebySettings = true mBrightnessEnablebyBattery = true mBrightnessEnablebyDisableFlag = true mPmsBrightnessEnablebySettings = true
I/DMApp   ( 2502): sendMessage : INTERRUPT_BATTERY_HIGH
I/DMApp   ( 2502): handleMessage obj.msg =INTERRUPT_BATTERY_HIGH
I/DMStateMachine( 2502): StateMachine: handleMessage() msg: INTERRUPT_BATTERY_HIGH in IDLE
D/lights  (  695): button : 0 +
D/lights  (  695): button : 0 -
D/KeyguardUpdateMonitor(  969): handleBatteryUpdate
D/BatteryMeterView(  969): ACTION_BATTERY_CHANGED : level:90 status:3 health:2
D/SensorService(  695):  [AR] -0.8 5.1 8.5
D/SensorService(  695): AutoRotationSensor::process: Ar_SensorChanged oldrotation = [255], rotation = [0]
V/WindowOrientationListener(  695): Rotation Sensor : x=0.0
D/SensorService(  695):  [AR] 0.6 3.5 8.6
D/SensorService(  695): AutoRotationSensor::process: Ar_SensorChanged oldrotation = [0], rotation = [255]
V/WindowOrientationListener(  695): Rotation Sensor : x=255.0
D/SensorService(  695):   0.2 3.6 8.2
D/SensorService(  695):  [AR] -0.5 4.4 7.8
D/SensorService(  695): AutoRotationSensor::process: Ar_SensorChanged oldrotation = [255], rotation = [0]
V/WindowOrientationListener(  695): Rotation Sensor : x=0.0
I/InputReader(  695): Touch event's action is 0x0 (deviceType=0) [pCnt=1, s=0.12458 ] when=232575384517000
I/InputDispatcher(  695): Delivering touch to: action: 0x4, toolType: 1
I/InputDispatcher(  695): Delivering touch to: action: 0x0, toolType: 1
D/PowerManagerService(  695): [api] userActivityFromNative : 450 (event: 2 flags: 0)
D/lights  (  695): button : 1 +
D/lights  (  695): button : 1 -
D/SensorService(  695):  [AR] -0.4 4.4 7.9
D/SensorService(  695): AutoRotationSensor::process: Ar_SensorChanged oldrotation = [0], rotation = [255]
V/WindowOrientationListener(  695): Rotation Sensor : x=255.0
D/CustomFrequencyManagerService(  695): acquireDVFSLockLocked : type : DVFS_MIN_LIMIT  frequency : 810000  uid : 10186  pid : 25729  pkgName : LIST_SCROLL_BOOSTER@177
I/InputReader(  695): Touch event's action is 0x1 (deviceType=0) [pCnt=1, s=] when=232575575117000
I/InputDispatcher(  695): Delivering touch to: action: 0x1, toolType: 1
D/SensorService(  695):  [AR] -0.3 4.7 7.9
D/SensorService(  695): AutoRotationSensor::process: Ar_SensorChanged oldrotation = [255], rotation = [0]
V/WindowOrientationListener(  695): Rotation Sensor : x=0.0
D/SensorService(  695):  [AR] -0.8 4.6 8.4
D/SensorService(  695): AutoRotationSensor::process: Ar_SensorChanged oldrotation = [0], rotation = [255]
V/WindowOrientationListener(  695): Rotation Sensor : x=255.0
D/SensorService(  695):  [AR] -0.8 4.6 8.1
D/SensorService(  695): AutoRotationSensor::process: Ar_SensorChanged oldrotation = [255], rotation = [0]
V/WindowOrientationListener(  695): Rotation Sensor : x=0.0
D/CustomFrequencyManagerService(  695): releaseDVFSLockLocked : Getting Lock type frm List : DVFS_MIN_LIMIT  frequency : 810000  uid : 10186  pid : 25729  tag : LIST_SCROLL_BOOSTER@177
D/SensorService(  695):  [AR] -0.6 4.6 8.4
D/SensorService(  695): AutoRotationSensor::process: Ar_SensorChanged oldrotation = [0], rotation = [255]
V/WindowOrientationListener(  695): Rotation Sensor : x=255.0
D/SensorService(  695):  [AR] -0.4 4.4 7.7
D/SensorService(  695): AutoRotationSensor::process: Ar_SensorChanged oldrotation = [255], rotation = [0]
V/WindowOrientationListener(  695): Rotation Sensor : x=0.0
D/SensorService(  695):  [AR] -0.3 4.4 8.8
D/SensorService(  695): AutoRotationSensor::process: Ar_SensorChanged oldrotation = [0], rotation = [255]
V/WindowOrientationListener(  695): Rotation Sensor : x=255.0
E/Sensors (  695): accelHandler -0.264650 4.429589 8.555010
D/lights  (  695): button : 0 +
D/lights  (  695): button : 0 -
D/SensorService(  695):  [AR] -0.3 4.6 8.1
D/SensorService(  695): AutoRotationSensor::process: Ar_SensorChanged oldrotation = [255], rotation = [0]
V/WindowOrientationListener(  695): Rotation Sensor : x=0.0
D/SensorService(  695):  [AR] -0.4 4.5 8.2
D/SensorService(  695): AutoRotationSensor::process: Ar_SensorChanged oldrotation = [0], rotation = [255]
V/WindowOrientationListener(  695): Rotation Sensor : x=255.0
D/SensorService(  695):   -0.4 4.4 8.3
W/WifiP2pStateTracker(  695): WifiP2pStateReceiver : android.net.wifi.LINK_CONFIGURATION_CHANGED
W/WifiP2pStateTracker(  695): WifiP2pStateReceiver : android.net.wifi.LINK_CONFIGURATION_CHANGED
W/WifiP2pStateTracker(  695): WifiP2pStateReceiver : android.net.wifi.LINK_CONFIGURATION_CHANGED
D/ConnectivityService(  695): handleConnectivityChange: addresses changed linkProperty[1]: resetMask=2
D/ConnectivityService(  695):    car=removed=[2601:d:3680:24c:edc1:77d9:fdbe:a9fc/64,] added=[2601:d:3680:24c:3623:baff:fe97:1fd6/64,]
D/ConnectivityService(  695): handleConnectivityChange: setting default proxy info 
V/RouteController(  159): /system/bin/ip -6 route del default table 2 2>&1
I/InputReader(  695): Touch event's action is 0x0 (deviceType=0) [pCnt=1, s=0.12459 ] when=232579517311000
I/InputDispatcher(  695): Delivering touch to: action: 0x4, toolType: 1
I/InputDispatcher(  695): Delivering touch to: action: 0x0, toolType: 1
W/WifiP2pStateTracker(  695): WifiP2pStateReceiver : android.net.wifi.LINK_CONFIGURATION_CHANGED
D/lights  (  695): button : 1 +
D/lights  (  695): button : 1 -
V/RouteController(  159): RTNETLINK answers: No such process
V/RouteController(  159): /system/bin/ip -6 rule del table 2 2>&1
V/RouteController(  159): RTNETLINK answers: No such file or directory
W/NetworkManagementService(  695): route cmd failed: 
W/NetworkManagementService(  695): com.android.server.NativeDaemonConnector$NativeDaemonFailureException: command '6706 route del src v6 2' failed with '400 6706 -6 rule del table 2: RTNETLINK answers: No such file or directory
W/NetworkManagementService(  695): '
W/NetworkManagementService(  695): 	at com.android.server.NativeDaemonConnector.execute(NativeDaemonConnector.java:406)
W/NetworkManagementService(  695): 	at com.android.server.NativeDaemonConnector.executeForList(NativeDaemonConnector.java:338)
W/NetworkManagementService(  695): 	at com.android.server.NativeDaemonConnector.execute(NativeDaemonConnector.java:303)
W/NetworkManagementService(  695): 	at com.android.server.NativeDaemonConnector.execute(NativeDaemonConnector.java:288)
W/NetworkManagementService(  695): 	at com.android.server.NetworkManagementService.delSrcRoute(NetworkManagementService.java:2444)
W/NetworkManagementService(  695): 	at com.android.server.ConnectivityService.updateSourceRoutes(ConnectivityService.java:4065)
W/NetworkManagementService(  695): 	at com.android.server.ConnectivityService.handleConnectivityChange(ConnectivityService.java:3836)
W/NetworkManagementService(  695): 	at com.android.server.ConnectivityService.access$2400(ConnectivityService.java:257)
W/NetworkManagementService(  695): 	at com.android.server.ConnectivityService$NetworkStateTrackerHandler.handleMessage(ConnectivityService.java:4622)
W/NetworkManagementService(  695): 	at android.os.Handler.dispatchMessage(Handler.java:102)
W/NetworkManagementService(  695): 	at android.os.Looper.loop(Looper.java:146)
W/NetworkManagementService(  695): 	at android.os.HandlerThread.run(HandlerThread.java:61)
D/NetUtils(  695): android_net_utils_resetConnections in env=0x60f31818 clazz=0xb6a00001 iface=wlan0 mask=0x2
D/ConnectivityService(  695): resetConnections(wlan0, 2)
D/SensorService(  695):  [AR] -0.8 4.8 8.0
D/SensorService(  695): AutoRotationSensor::process: Ar_SensorChanged oldrotation = [255], rotation = [0]
V/WindowOrientationListener(  695): Rotation Sensor : x=0.0
V/RouteController(  159): /system/bin/ip -6 route del default table 2 2>&1
D/ConnectivityService(  695): handleConnectivityChange: addresses changed linkProperty[1]: resetMask=2
D/ConnectivityService(  695):    car=removed=[2601:d:3680:24c:3623:baff:fe97:1fd6/64,] added=[2601:d:3680:24c:edc1:77d9:fdbe:a9fc/64,]
D/ConnectivityService(  695): handleConnectivityChange: setting default proxy info 
V/RouteController(  159): RTNETLINK answers: No such process
V/RouteController(  159): /system/bin/ip -6 rule del table 2 2>&1
D/CustomFrequencyManagerService(  695): acquireDVFSLockLocked : type : DVFS_MIN_LIMIT  frequency : 810000  uid : 10186  pid : 25729  pkgName : LIST_SCROLL_BOOSTER@177
V/RouteController(  159): RTNETLINK answers: No such file or directory
W/NetworkManagementService(  695): route cmd failed: 
W/NetworkManagementService(  695): com.android.server.NativeDaemonConnector$NativeDaemonFailureException: command '6709 route del src v6 2' failed with '400 6709 -6 rule del table 2: RTNETLINK answers: No such file or directory
W/NetworkManagementService(  695): '
W/NetworkManagementService(  695): 	at com.android.server.NativeDaemonConnector.execute(NativeDaemonConnector.java:406)
W/NetworkManagementService(  695): 	at com.android.server.NativeDaemonConnector.executeForList(NativeDaemonConnector.java:338)
W/NetworkManagementService(  695): 	at com.android.server.NativeDaemonConnector.execute(NativeDaemonConnector.java:303)
W/NetworkManagementService(  695): 	at com.android.server.NativeDaemonConnector.execute(NativeDaemonConnector.java:288)
W/NetworkManagementService(  695): 	at com.android.server.NetworkManagementService.delSrcRoute(NetworkManagementService.java:2444)
W/NetworkManagementService(  695): 	at com.android.server.ConnectivityService.updateSourceRoutes(ConnectivityService.java:4065)
W/NetworkManagementService(  695): 	at com.android.server.ConnectivityService.handleConnectivityChange(ConnectivityService.java:3836)
W/NetworkManagementService(  695): 	at com.android.server.ConnectivityService.access$2400(ConnectivityService.java:257)
W/NetworkManagementService(  695): 	at com.android.server.ConnectivityService$NetworkStateTrackerHandler.handleMessage(ConnectivityService.java:4622)
W/NetworkManagementService(  695): 	at android.os.Handler.dispatchMessage(Handler.java:102)
W/NetworkManagementService(  695): 	at android.os.Looper.loop(Looper.java:146)
W/NetworkManagementService(  695): 	at android.os.HandlerThread.run(HandlerThread.java:61)
D/NetUtils(  695): android_net_utils_resetConnections in env=0x60f31818 clazz=0xbc500001 iface=wlan0 mask=0x2
D/ConnectivityService(  695): resetConnections(wlan0, 2)
D/ConnectivityService(  695): handleConnectivityChange: address are the same reset per doReset linkProperty[1]: resetMask=0
D/ConnectivityService(  695): handleConnectivityChange: setting default proxy info 
D/ConnectivityService(  695): handleConnectivityChange: address are the same reset per doReset linkProperty[1]: resetMask=0
D/ConnectivityService(  695): handleConnectivityChange: setting default proxy info 
I/InputReader(  695): Touch event's action is 0x1 (deviceType=0) [pCnt=1, s=] when=232579753844000
I/InputDispatcher(  695): Delivering touch to: action: 0x1, toolType: 1
D/ProgressBar(25729): updateDrawableBounds: left = 0
D/ProgressBar(25729): updateDrawableBounds: top = 0
D/ProgressBar(25729): updateDrawableBounds: right = 32
D/ProgressBar(25729): updateDrawableBounds: bottom = 32
E/Sensors (  695): accelHandler -0.787961 4.815187 8.137079
D/SensorService(  695):  [AR] -0.5 4.6 8.4
D/SensorService(  695): AutoRotationSensor::process: Ar_SensorChanged oldrotation = [0], rotation = [255]
V/WindowOrientationListener(  695): Rotation Sensor : x=255.0
D/CustomFrequencyManagerService(  695): releaseDVFSLockLocked : Getting Lock type frm List : DVFS_MIN_LIMIT  frequency : 810000  uid : 10186  pid : 25729  tag : LIST_SCROLL_BOOSTER@177
D/InputReader(  695): Input event: value=1
W/KnoxCustomManagerService(  695): getSealedState() failed - persistence problem com.android.server.enterprise.storage.SettingNotFoundException: Admin data is null
D/KnoxCustomManagerService(  695): getSealedState(false)
V/Vibrator(  695): vibrateImmVibe - PUID: 1000, PackageName: android, type: 14, magType: TouchMagnitude
V/VibratorService(  695): hasVibrator - useVibetonz: true
V/VibratorService(  695): vibrateImmVibeMagnitudeType - magnitudeType: TouchMagnitude
D/VibratorService(  695): ImmVibe vibratorOff()
V/VibratorService(  695): vibrateImmVibe - package: android, type: 14, magnitude: 6000
I/AudioPolicyManagerBase(  177): getSituationVolume: isBTConnected:0 isHeadConnected:0
V/AudioPolicyManagerBase(  177): getParamFromPolicy  deviceInt = 0, situationInt = 1, situationVolume = 0.500000
V/AudioPolicyManagerBase(  177): getOutput() device 2, stream 1, samplingRate 0, format 0, channelMask 3, flags 0
V/AudioPolicyManagerBase(  177): getOutputsForDevice device 0002 -> 0002
V/AudioPolicyManagerBase(  177): getOutput() returns output 2
W/KnoxCustomManagerService(  695): getSealedState() failed - persistence problem com.android.server.enterprise.storage.SettingNotFoundException: Admin data is null
D/KnoxCustomManagerService(  695): getSealedState(false)
V/AudioPolicyManagerBase(  177): getOutput() device 2, stream 1, samplingRate 0, format 0, channelMask 3, flags 0
V/AudioPolicyManagerBase(  177): getOutputsForDevice device 0002 -> 0002
V/AudioPolicyManagerBase(  177): getOutput() returns output 2
V/AudioPolicyManagerBase(  177): getOutput() device 2, stream 1, samplingRate 44100, format 1, channelMask 3, flags 4
V/AudioPolicyManagerBase(  177): getOutputsForDevice device 0002 -> 0002
V/AudioPolicyManagerBase(  177): getOutput() returns output 2
W/KnoxCustomManagerService(  695): getSealedState() failed - persistence problem com.android.server.enterprise.storage.SettingNotFoundException: Admin data is null
D/KnoxCustomManagerService(  695): getSealedState(false)
I/InputDispatcher(  695): Delivering key to: action: 0x0 (0)
V/AudioPolicyManagerBase(  177): startOutput() output 2, stream 1, session 5127
V/AudioPolicyManagerBase(  177): changeRefCount() stream 1, count 1
W/AudioPolicyManagerBase(  177): stream type [13], return media strategy
W/AudioPolicyManagerBase(  177): stream type [13], return media strategy
W/AudioPolicyManagerBase(  177): stream type [13], return media strategy
W/AudioPolicyManagerBase(  177): stream type [13], return media strategy
V/AudioPolicyManagerBase(  177): getNewDevice() selected device 2
V/AudioPolicyManagerBase(  177): setOutputDevice() output 2 device 0002 force 0 delayMs 0 
V/AudioPolicyManagerBase(  177): setOutputDevice() prevDevice 0002
V/AudioPolicyManagerBase(  177): setOutputDevice() setting same device 0002 or null device for output 2
D/ALSAModule(  177): s_route: devices 0x2 in mode 0
D/ALSAModule(  177): No valid input device: 0
D/alsa_ucm(  177): snd_use_case_set(): uc_mgr 0xb74250c0 identifier _enadev value Speaker
D/ALSAModule(  177): switchDevice 1: curTxUCMDevice Samsung Dualmic RCV curRxUCMDevice Speaker
D/ALSAModule(  177): switchDevice 2: curTxUCMDevice SS Dualmic RCV curRxDevDevice Speaker
D/alsa_ucm(  177): snd_use_case_set(): uc_mgr 0xb74250c0 identifier _verb value HiFi
D/alsa_ucm(  177): Set mixer controls for Speaker enable 1
D/alsa_ucm(  177): acdb_id 15 cap 1 enable 1
D/ACDB-LOADER(  177): ACDB -> send_audio_cal, acdb_id = 15, path =  0
D/ACDB-LOADER(  177): ACDB -> send_adm_topology
D/ACDB-LOADER(  177): ACDB -> ACDB_CMD_GET_AUDPROC_COMMON_TOPOLOGY_ID
D/ACDB-LOADER(  177): ACDB -> send_audtable
D/ACDB-LOADER(  177): ACDB -> ACDB_CMD_GET_AUDPROC_COMMON_TABLE
D/ACDB-LOADER(  177): ACDB -> AUDIO_SET_AUDPROC_CAL
D/ACDB-LOADER(  177): ACDB -> send_audvoltable
D/ACDB-LOADER(  177): ACDB -> ACDB_CMD_GET_AUDPROC_GAIN_DEP_VOLTBL_STEP_COPP
D/ACDB-LOADER(  177): ACDB -> AUDIO_SET_AUDPROC_VOL_CAL
D/ACDB-LOADER(  177): ACDB -> send_afe_cal
D/ACDB-LOADER(  177): ACDB -> ACDB_CMD_GET_AFE_COMMON_TABLE
E/ACDB-LOADER(  177): Error: ACDB AFE returned = -8
D/ACDB-LOADER(  177): ACDB -> AUDIO_SET_AFE_CAL
D/alsa_ucm(  177): Setting mixer control: PRI_RX Channels, value: Two
D/alsa_ucm(  177): Setting mixer control: RX5 MIX1 INP1, value: RX1
D/alsa_ucm(  177): Setting mixer control: RX5 MIX1 INP2, value: RX2
D/alsa_ucm(  177): Setting mixer control: RX6 DSM MUX, value: DSM_INV
D/alsa_ucm(  177): Setting mixer control: LINEOUT2 Volume, value: 100
D/alsa_ucm(  177): Setting mixer control: LINEOUT4 Volume, value: 100
D/alsa_ucm(  177): Setting mixer control: RX5 Digital Volume, value: 65
D/alsa_ucm(  177): Set mixer controls for HiFi enable 1
D/alsa_ucm(  177): Setting mixer control: PRI_RX Audio Mixer MultiMedia1, value: 1
D/ALSAModule(  177): s_close: handle 0xb7457798 h 0x0
D/ALSAModule(  177): erase handle from mHandleList
D/ALSAModule(  177): s_open: handle 0xb7457798
D/ALSAModule(  177): Device value returned is hw:0,0
V/AudioPolicyManagerBase(  177): releaseOutput() 2
D/ALSAModule(  177): setHardwareParams: reqBuffSize 2048 channels 2 sampleRate 44100
W/AudioFlinger(  177): session id 5126 not found for pid 695
D/ALSAModule(  177): setHardwareParams: buffer_size 16384, period_size 2048, period_cnt 8
D/ALSAModule(  177): start_threshold is 1024
D/InputReader(  695): Input event: value=0
I/InputDispatcher(  695): Delivering key to: action: 0x1 (0)
D/CustomFrequencyManagerService(  695): acquireDVFSLockLocked : type : DVFS_MIN_LIMIT  frequency : 1242000  uid : 1000  pid : 695  pkgName : ACTIVITY_RESUME_BOOSTER@5
W/ActivityManager(  695): mDVFSHelper.acquire()
D/KeyguardUpdateMonitor(  969): sendKeyguardVisibilityChanged(true)
D/KeyguardUpdateMonitor(  969): handleKeyguardVisibilityChanged(1)
V/GCMRegistrar(25729): Is registered on server: true
D/PhoneStatusBar(  969): setSemiTransparentMode=false, mTransparentMode=false, mSemiTransparentMode=false, mMultiWindowMode=false
D/StatusBarManagerService(  695): semi p:25729,o:f
V/AudioPolicyManagerBase(  177): getOutput() device 2, stream 5, samplingRate 0, format 0, channelMask 3, flags 0
V/AudioPolicyManagerBase(  177): getOutputsForDevice device 0002 -> 0002
V/AudioPolicyManagerBase(  177): getOutput() returns output 2
V/AudioPolicyManagerBase(  177): getOutput() device 2, stream 5, samplingRate 0, format 0, channelMask 3, flags 0
V/AudioPolicyManagerBase(  177): getOutputsForDevice device 0002 -> 0002
V/AudioPolicyManagerBase(  177): getOutput() returns output 2
V/AudioPolicyManagerBase(  177): getOutput() device 2, stream 5, samplingRate 44100, format 1, channelMask 1, flags 4
V/AudioPolicyManagerBase(  177): getOutputsForDevice device 0002 -> 0002
V/AudioPolicyManagerBase(  177): getOutput() returns output 2
V/AudioPolicyManagerBase(  177): startOutput() output 2, stream 5, session 5128
V/AudioPolicyManagerBase(  177): changeRefCount() stream 5, count 1
W/AudioPolicyManagerBase(  177): stream type [13], return media strategy
W/AudioPolicyManagerBase(  177): stream type [13], return media strategy
V/AudioPolicyManagerBase(  177): getNewDevice() selected device 2
V/AudioPolicyManagerBase(  177): setOutputDevice() output 2 device 0002 force 0 delayMs 0 
V/AudioPolicyManagerBase(  177): setOutputDevice() prevDevice 0002
V/AudioPolicyManagerBase(  177): setOutputDevice() setting same device 0002 or null device for output 2
W/AudioFlinger(  177): session id 5123 not found for pid 25729
V/AudioPolicyManagerBase(  177): releaseOutput() 2
D/dalvikvm( 2605): GC_CONCURRENT freed 904K, 55% free 8024K/17704K, paused 8ms+3ms, total 57ms
I/SurfaceFlinger(  174): id=5343 createSurf (720x1280),1 flag=4, NainActivit
I/SpenGestureManager(  695): setFocusWindow21065
D/STATUSBAR-StatusBarManagerService(  695): manageDisableList what=0x0 pkg=WindowManager.LayoutParams
D/KeyguardUpdateMonitor(  969): sendKeyguardVisibilityChanged(true)
D/KeyguardUpdateMonitor(  969): handleKeyguardVisibilityChanged(1)
D/EnterpriseDeviceManager(  695): ContainerId: 0
D/PointerIcon(  695): setMouseIconStyle1 pointerType: 1001iconType:101 flag:0
D/PointerIcon(  695): setMouseCustomIcon IconType is same.101
D/RestrictionPolicy(  695): isStatusBarExpansionAllowed : true
D/dalvikvm(25729): JIT code cache reset in 3 ms (1535900 bytes 2/0)
D/dalvikvm(25729): GC_CONCURRENT freed 11269K, 35% free 24513K/37612K, paused 24ms+27ms, total 214ms
D/dalvikvm(25729): WAIT_FOR_CONCURRENT_GC blocked 118ms
D/dalvikvm(25729): WAIT_FOR_CONCURRENT_GC blocked 109ms
D/dalvikvm(25729): WAIT_FOR_CONCURRENT_GC blocked 124ms
D/EnterpriseDeviceManager(  695): ContainerId: 0
D/KeyguardUpdateMonitor(  969): sendKeyguardVisibilityChanged(true)
D/RestrictionPolicy(  695): isUseSecureKeypadEnabled : false
D/KeyguardUpdateMonitor(  969): handleKeyguardVisibilityChanged(1)
W/ContextImpl(  695): Calling a method in the system process without a qualified user: android.app.ContextImpl.sendBroadcast:1509 com.android.server.InputMethodManagerService$4.run:2683 java.lang.Thread.run:841 <bottom of call stack> <bottom of call stack> 
E/qdmemalloc(  174): heap_msk=3000000 flags=1
E/qdmemalloc(  174):  
E/qdmemalloc(  174): heap_msk=40000000 flags=1
E/qdmemalloc(  174):  
D/KeyguardUpdateMonitor(  969): sendKeyguardVisibilityChanged(true)
D/KeyguardUpdateMonitor(  969): handleKeyguardVisibilityChanged(1)
D/KeyguardUpdateMonitor(  969): sendKeyguardVisibilityChanged(true)
D/KeyguardUpdateMonitor(  969): handleKeyguardVisibilityChanged(1)
D/KeyguardUpdateMonitor(  969): sendKeyguardVisibilityChanged(true)
D/KeyguardUpdateMonitor(  969): handleKeyguardVisibilityChanged(1)
D/KeyguardUpdateMonitor(  969): sendKeyguardVisibilityChanged(true)
D/KeyguardUpdateMonitor(  969): handleKeyguardVisibilityChanged(1)
D/CustomFrequencyManagerService(  695): releaseDVFSLockLocked : Getting Lock type frm List : DVFS_MIN_LIMIT  frequency : 1242000  uid : 1000  pid : 695  tag : ACTIVITY_RESUME_BOOSTER@5
W/ActivityManager(  695): mDVFSHelper.release()
D/KeyguardUpdateMonitor(  969): sendKeyguardVisibilityChanged(true)
D/KeyguardUpdateMonitor(  969): handleKeyguardVisibilityChanged(1)
I/SurfaceFlinger(  174): id=5342 Removed SootTweetAc (20/23)
I/SurfaceFlinger(  174): id=5342 Removed SootTweetAc (-2/23)
D/KeyguardUpdateMonitor(  969): sendKeyguardVisibilityChanged(true)
D/KeyguardUpdateMonitor(  969): handleKeyguardVisibilityChanged(1)
D/KeyguardUpdateMonitor(  969): sendKeyguardVisibilityChanged(true)
D/KeyguardUpdateMonitor(  969): handleKeyguardVisibilityChanged(1)
D/CustomFrequencyManagerService(  695): acquireDVFSLockLocked : type : DVFS_MIN_LIMIT  frequency : 1242000  uid : 1000  pid : 695  pkgName : ACTIVITY_RESUME_BOOSTER@9
D/AbsListView(25729): onDetachedFromWindow
D/AbsListView(25729): onDetachedFromWindow
D/KeyguardUpdateMonitor(  969): sendKeyguardVisibilityChanged(true)
D/KeyguardUpdateMonitor(  969): handleKeyguardVisibilityChanged(1)
I/InputReader(  695): Touch event's action is 0x0 (deviceType=0) [pCnt=1, s=0.12460 ] when=232582002311000
I/InputDispatcher(  695): Delivering touch to: action: 0x4, toolType: 1
I/InputDispatcher(  695): Delivering touch to: action: 0x0, toolType: 1
V/AudioPolicyManagerBase(  177): getOutput() device 2, stream 5, samplingRate 0, format 0, channelMask 3, flags 0
V/AudioPolicyManagerBase(  177): getOutputsForDevice device 0002 -> 0002
V/AudioPolicyManagerBase(  177): getOutput() returns output 2
V/AudioPolicyManagerBase(  177): getOutput() device 2, stream 5, samplingRate 0, format 0, channelMask 3, flags 0
V/AudioPolicyManagerBase(  177): getOutputsForDevice device 0002 -> 0002
V/AudioPolicyManagerBase(  177): getOutput() returns output 2
V/AudioPolicyManagerBase(  177): getOutput() device 2, stream 5, samplingRate 44100, format 1, channelMask 1, flags 4
V/AudioPolicyManagerBase(  177): getOutputsForDevice device 0002 -> 0002
V/AudioPolicyManagerBase(  177): getOutput() returns output 2
V/AudioPolicyManagerBase(  177): startOutput() output 2, stream 5, session 5129
V/AudioPolicyManagerBase(  177): changeRefCount() stream 5, count 2
V/AudioPolicyManagerBase(  177): releaseOutput() 2
W/AudioFlinger(  177): session id 5122 not found for pid 25729
D/SensorService(  695):  [AR] -0.5 4.8 8.3
D/SensorService(  695): AutoRotationSensor::process: Ar_SensorChanged oldrotation = [255], rotation = [0]
V/WindowOrientationListener(  695): Rotation Sensor : x=0.0
D/CustomFrequencyManagerService(  695): releaseDVFSLockLocked : Getting Lock type frm List : DVFS_MIN_LIMIT  frequency : 1242000  uid : 1000  pid : 695  tag : ACTIVITY_RESUME_BOOSTER@9
D/SensorService(  695):  [AR] -0.6 4.4 8.3
D/SensorService(  695): AutoRotationSensor::process: Ar_SensorChanged oldrotation = [0], rotation = [255]
V/WindowOrientationListener(  695): Rotation Sensor : x=255.0
E/qdmemalloc(  174): heap_msk=3000000 flags=1
E/qdmemalloc(  174):  
V/AudioPolicyManagerBase(  177): stopOutput() output 2, stream 1, session 5127
V/AudioPolicyManagerBase(  177): changeRefCount() stream 1, count 0
W/AudioPolicyManagerBase(  177): stream type [13], return media strategy
W/AudioPolicyManagerBase(  177): stream type [13], return media strategy
V/AudioPolicyManagerBase(  177): getNewDevice() selected device 2
V/AudioPolicyManagerBase(  177): setOutputDevice() output 2 device 0002 force 0 delayMs 192 
V/AudioPolicyManagerBase(  177): setOutputDevice() prevDevice 0002
V/AudioPolicyManagerBase(  177): setOutputDevice() setting same device 0002 or null device for output 2
E/qdmemalloc(  174): heap_msk=40000000 flags=1
E/qdmemalloc(  174):  
D/CustomFrequencyManagerService(  695): acquireDVFSLockLocked : type : DVFS_MIN_LIMIT  frequency : 810000  uid : 10186  pid : 25729  pkgName : LIST_SCROLL_BOOSTER@119
E/qdmemalloc(  174): heap_msk=3000000 flags=1
E/qdmemalloc(  174):  
D/SensorService(  695):   -0.6 4.5 8.3
E/qdmemalloc(  174): heap_msk=40000000 flags=1
E/qdmemalloc(  174):  
V/AudioPolicyManagerBase(  177): stopOutput() output 2, stream 5, session 5128
V/AudioPolicyManagerBase(  177): changeRefCount() stream 5, count 1
I/InputReader(  695): Touch event's action is 0x1 (deviceType=0) [pCnt=1, s=] when=232582511574000
I/InputDispatcher(  695): Delivering touch to: action: 0x1, toolType: 1
D/SensorService(  695):  [AR] -0.8 4.7 7.9
D/SensorService(  695): AutoRotationSensor::process: Ar_SensorChanged oldrotation = [255], rotation = [0]
V/WindowOrientationListener(  695): Rotation Sensor : x=0.0
D/SensorService(  695):  [AR] -0.5 4.7 8.3
D/SensorService(  695): AutoRotationSensor::process: Ar_SensorChanged oldrotation = [0], rotation = [255]
V/WindowOrientationListener(  695): Rotation Sensor : x=255.0
D/CustomFrequencyManagerService(  695): releaseDVFSLockLocked : Getting Lock type frm List : DVFS_MIN_LIMIT  frequency : 810000  uid : 10186  pid : 25729  tag : LIST_SCROLL_BOOSTER@119
D/SensorService(  695):  [AR] -0.6 4.8 8.1
D/SensorService(  695): AutoRotationSensor::process: Ar_SensorChanged oldrotation = [255], rotation = [0]
V/WindowOrientationListener(  695): Rotation Sensor : x=0.0
V/AudioPolicyManagerBase(  177): stopOutput() output 2, stream 5, session 5129
V/AudioPolicyManagerBase(  177): changeRefCount() stream 5, count 0
W/AudioPolicyManagerBase(  177): stream type [13], return media strategy
W/AudioPolicyManagerBase(  177): stream type [13], return media strategy
W/AudioPolicyManagerBase(  177): stream type [13], return media strategy
W/AudioPolicyManagerBase(  177): stream type [13], return media strategy
W/AudioPolicyManagerBase(  177): stream type [13], return media strategy
